Component: ARM Compiler 5.05 update 1 (build 106) Tool: armlink [4d0efa]

==============================================================================

Section Cross References

    app.o(i.Start_Task) refers to port.o(i.vPortEnterCritical) for vPortEnterCritical
    app.o(i.Start_Task) refers to bsp_init.o(i.Bsp_Init) for Bsp_Init
    app.o(i.Start_Task) refers to maintask.o(i.Main_Task_Create) for Main_Task_Create
    app.o(i.Start_Task) refers to control_task.o(i.Control_Task_Create) for Control_Task_Create
    app.o(i.Start_Task) refers to usart_task.o(i.USART_Task_Create) for USART_Task_Create
    app.o(i.Start_Task) refers to encodertask.o(i.Encoder_Task_Create) for Encoder_Task_Create
    app.o(i.Start_Task) refers to port.o(i.vPortExitCritical) for vPortExitCritical
    app.o(i.Start_Task) refers to tasks.o(i.vTaskDelete) for vTaskDelete
    app.o(i.Start_Task_Create) refers to tasks.o(i.xTaskGenericCreate) for xTaskGenericCreate
    app.o(i.Start_Task_Create) refers to app.o(i.Start_Task) for Start_Task
    maintask.o(i.Main_Task) refers to tasks.o(i.vTaskDelay) for vTaskDelay
    maintask.o(i.Main_Task) refers to bsp_adc.o(i.Get_ADC_Value) for Get_ADC_Value
    maintask.o(i.Main_Task) refers to dflti.o(.text) for __aeabi_i2d
    maintask.o(i.Main_Task) refers to ddiv.o(.text) for __aeabi_ddiv
    maintask.o(i.Main_Task) refers to d2f.o(.text) for __aeabi_d2f
    maintask.o(i.Main_Task) refers to bsp_bluetooth.o(i.Send_Data) for Send_Data
    maintask.o(i.Main_Task) refers to bsp_bluetooth.o(.bss) for ComData
    maintask.o(i.Main_Task) refers to control_task.o(.data) for Iface_MyMotor
    maintask.o(i.Main_Task) refers to control_task.o(.bss) for PID_Loction
    maintask.o(i.Main_Task_Create) refers to tasks.o(i.xTaskGenericCreate) for xTaskGenericCreate
    maintask.o(i.Main_Task_Create) refers to maintask.o(i.Main_Task) for Main_Task
    control_task.o(i.Control_Task) refers to sal_pid.o(i.Set_PID_Param) for Set_PID_Param
    control_task.o(i.Control_Task) refers to sal_kalmanfilter.o(i.KF_Simple_Init) for KF_Simple_Init
    control_task.o(i.Control_Task) refers to tasks.o(i.vTaskDelay) for vTaskDelay
    control_task.o(i.Control_Task) refers to encodertask.o(i.Get_Encoder_Lenth) for Get_Encoder_Lenth
    control_task.o(i.Control_Task) refers to sal_pid.o(i.PID_Cal) for PID_Cal
    control_task.o(i.Control_Task) refers to d2f.o(.text) for __aeabi_d2f
    control_task.o(i.Control_Task) refers to encodertask.o(i.Get_Encoder_Speed) for Get_Encoder_Speed
    control_task.o(i.Control_Task) refers to f2d.o(.text) for __aeabi_f2d
    control_task.o(i.Control_Task) refers to dadd.o(.text) for __aeabi_dadd
    control_task.o(i.Control_Task) refers to bsp_commutation.o(i.Set_MotorSpeed) for Set_MotorSpeed
    control_task.o(i.Control_Task) refers to bsp_bluetooth.o(i.Send_Data) for Send_Data
    control_task.o(i.Control_Task) refers to control_task.o(.bss) for PID_Loction
    control_task.o(i.Control_Task) refers to control_task.o(.data) for jj
    control_task.o(i.Control_Task_Create) refers to tasks.o(i.xTaskGenericCreate) for xTaskGenericCreate
    control_task.o(i.Control_Task_Create) refers to control_task.o(i.Control_Task) for Control_Task
    usart_task.o(i.USART_Task) refers to tasks.o(i.vTaskDelay) for vTaskDelay
    usart_task.o(i.USART_Task) refers to bsp_bluetooth.o(i.Send_Array) for Send_Array
    usart_task.o(i.USART_Task) refers to bsp_bluetooth.o(.bss) for BLE_USART_QUEUE
    usart_task.o(i.USART_Task_Create) refers to tasks.o(i.xTaskGenericCreate) for xTaskGenericCreate
    usart_task.o(i.USART_Task_Create) refers to usart_task.o(i.USART_Task) for USART_Task
    encodertask.o(i.Encoder_Task) refers to tasks.o(i.vTaskDelay) for vTaskDelay
    encodertask.o(i.Encoder_Task) refers to bsp_encoder.o(i.Get_Encoder_Value) for Get_Encoder_Value
    encodertask.o(i.Encoder_Task) refers to dflti.o(.text) for __aeabi_i2d
    encodertask.o(i.Encoder_Task) refers to dmul.o(.text) for __aeabi_dmul
    encodertask.o(i.Encoder_Task) refers to ddiv.o(.text) for __aeabi_ddiv
    encodertask.o(i.Encoder_Task) refers to d2f.o(.text) for __aeabi_d2f
    encodertask.o(i.Encoder_Task) refers to encodertask.o(.data) for Encoder_Lenth
    encodertask.o(i.Encoder_Task_Create) refers to tasks.o(i.xTaskGenericCreate) for xTaskGenericCreate
    encodertask.o(i.Encoder_Task_Create) refers to encodertask.o(i.Encoder_Task) for Encoder_Task
    encodertask.o(i.Get_Encoder_Lenth) refers to encodertask.o(.data) for Encoder_Lenth
    encodertask.o(i.Get_Encoder_Speed) refers to encodertask.o(.data) for Encoder_Speed
    encodertask.o(i.Set_Encoder_Lenth) refers to encodertask.o(.data) for Encoder_Lenth
    bsp_init.o(i.Bsp_Init) refers to bsp_init.o(i.Bsp_NVIC_Config) for Bsp_NVIC_Config
    bsp_init.o(i.Bsp_Init) refers to bsp_tim.o(i.TIM1_PWM_Config) for TIM1_PWM_Config
    bsp_init.o(i.Bsp_Init) refers to bsp_bluetooth.o(i.BlueToothInit) for BlueToothInit
[...]
    Removing heap_4.o(i.pvPortMalloc), (328 bytes).
    Removing heap_4.o(i.vPortFree), (148 bytes).
    Removing heap_4.o(i.vPortInitialiseBlocks), (2 bytes).
    Removing heap_4.o(i.xPortGetFreeHeapSize), (12 bytes).
    Removing heap_4.o(i.xPortGetMinimumEverFreeHeapSize), (12 bytes).
    Removing heap_4.o(.bss), (71680 bytes).
    Removing heap_4.o(.data), (24 bytes).
    Removing event_groups.o(.rev16_text), (4 bytes).
    Removing event_groups.o(.revsh_text), (4 bytes).
    Removing event_groups.o(.rrx_text), (6 bytes).
    Removing event_groups.o(i.prvTestWaitCondition), (30 bytes).
    Removing event_groups.o(i.vEventGroupClearBitsCallback), (16 bytes).
    Removing event_groups.o(i.vEventGroupDelete), (82 bytes).
    Removing event_groups.o(i.vEventGroupSetBitsCallback), (16 bytes).
    Removing event_groups.o(i.xEventGroupClearBits), (92 bytes).
    Removing event_groups.o(i.xEventGroupCreate), (26 bytes).
    Removing event_groups.o(i.xEventGroupGetBitsFromISR), (44 bytes).
    Removing event_groups.o(i.xEventGroupSetBits), (206 bytes).
    Removing event_groups.o(i.xEventGroupSync), (268 bytes).
    Removing event_groups.o(i.xEventGroupWaitBits), (340 bytes).
    Removing os_free_task.o(.rev16_text), (4 bytes).
    Removing os_free_task.o(.revsh_text), (4 bytes).
    Removing os_free_task.o(.rrx_text), (6 bytes).
    Removing os_free_task.o(i.vApplicationIdleHook), (2 bytes).
    Removing os_free_task.o(i.vApplicationMallocFailedHook), (22 bytes).
    Removing os_free_task.o(i.vMainConfigureTimerForRunTimeStats), (2 bytes).
    Removing misc.o(.rev16_text), (4 bytes).
    Removing misc.o(.revsh_text), (4 bytes).
    Removing misc.o(.rrx_text), (6 bytes).
    Removing misc.o(i.NVIC_SetVectorTable), (20 bytes).
    Removing misc.o(i.NVIC_SystemLPConfig), (32 bytes).
    Removing misc.o(i.SysTick_CLKSourceConfig), (40 bytes).
    Removing stm32f4xx_adc.o(.rev16_text), (4 bytes).
    Removing stm32f4xx_adc.o(.revsh_text), (4 bytes).
    Removing stm32f4xx_adc.o(.rrx_text), (6 bytes).
    Removing stm32f4xx_adc.o(i.ADC_AnalogWatchdogCmd), (20 bytes).
    Removing stm32f4xx_adc.o(i.ADC_AnalogWatchdogSingleChannelConfig), (16 bytes).
    Removing stm32f4xx_adc.o(i.ADC_AnalogWatchdogThresholdsConfig), (6 bytes).
    Removing stm32f4xx_adc.o(i.ADC_AutoInjectedConvCmd), (22 bytes).
    Removing stm32f4xx_adc.o(i.ADC_ClearFlag), (6 bytes).
    Removing stm32f4xx_adc.o(i.ADC_ClearITPendingBit), (10 bytes).
    Removing stm32f4xx_adc.o(i.ADC_Cmd), (22 bytes).
    Removing stm32f4xx_adc.o(i.ADC_CommonInit), (48 bytes).
    Removing stm32f4xx_adc.o(i.ADC_CommonStructInit), (12 bytes).
    Removing stm32f4xx_adc.o(i.ADC_ContinuousModeCmd), (22 bytes).
    Removing stm32f4xx_adc.o(i.ADC_DMACmd), (22 bytes).
    Removing stm32f4xx_adc.o(i.ADC_DMARequestAfterLastTransferCmd), (22 bytes).
    Removing stm32f4xx_adc.o(i.ADC_DeInit), (22 bytes).
    Removing stm32f4xx_adc.o(i.ADC_DiscModeChannelCountConfig), (24 bytes).
    Removing stm32f4xx_adc.o(i.ADC_DiscModeCmd), (22 bytes).
    Removing stm32f4xx_adc.o(i.ADC_EOCOnEachRegularChannelCmd), (22 bytes).
    Removing stm32f4xx_adc.o(i.ADC_ExternalTrigInjectedConvConfig), (16 bytes).
    Removing stm32f4xx_adc.o(i.ADC_ExternalTrigInjectedConvEdgeConfig), (16 bytes).
    Removing stm32f4xx_adc.o(i.ADC_GetConversionValue), (8 bytes).
    Removing stm32f4xx_adc.o(i.ADC_GetFlagStatus), (18 bytes).
    Removing stm32f4xx_adc.o(i.ADC_GetITStatus), (38 bytes).
    Removing stm32f4xx_adc.o(i.ADC_GetInjectedConversionValue), (28 bytes).
    Removing stm32f4xx_adc.o(i.ADC_GetMultiModeConversionValue), (12 bytes).
    Removing stm32f4xx_adc.o(i.ADC_GetSoftwareStartConvStatus), (20 bytes).
    Removing stm32f4xx_adc.o(i.ADC_GetSoftwareStartInjectedConvCmdStatus), (20 bytes).
    Removing stm32f4xx_adc.o(i.ADC_ITConfig), (32 bytes).
    Removing stm32f4xx_adc.o(i.ADC_Init), (84 bytes).
    Removing stm32f4xx_adc.o(i.ADC_InjectedChannelConfig), (130 bytes).
    Removing stm32f4xx_adc.o(i.ADC_InjectedDiscModeCmd), (22 bytes).
    Removing stm32f4xx_adc.o(i.ADC_InjectedSequencerLengthConfig), (24 bytes).
    Removing stm32f4xx_adc.o(i.ADC_MultiModeDMARequestAfterLastTransferCmd), (44 bytes).
    Removing stm32f4xx_adc.o(i.ADC_RegularChannelConfig), (184 bytes).
    Removing stm32f4xx_adc.o(i.ADC_SetInjectedOffset), (20 bytes).
    Removing stm32f4xx_adc.o(i.ADC_SoftwareStartConv), (10 bytes).
    Removing stm32f4xx_adc.o(i.ADC_SoftwareStartInjectedConv), (10 bytes).
    Removing stm32f4xx_adc.o(i.ADC_StructInit), (20 bytes).
    Removing stm32f4xx_adc.o(i.ADC_TempSensorVrefintCmd), (44 bytes).
    Removing stm32f4xx_adc.o(i.ADC_VBATCmd), (44 bytes).
    Removing stm32f4xx_can.o(.rev16_text), (4 bytes).
    Removing stm32f4xx_can.o(.revsh_text), (4 bytes).
    Removing stm32f4xx_can.o(.rrx_text), (6 bytes).
    Removing stm32f4xx_can.o(i.CAN_CancelTransmit), (48 bytes).
    Removing stm32f4xx_can.o(i.CAN_ClearFlag), (56 bytes).
    Removing stm32f4xx_can.o(i.CAN_ClearITPendingBit), (168 bytes).
    Removing stm32f4xx_can.o(i.CAN_DBGFreeze), (22 bytes).
    Removing stm32f4xx_can.o(i.CAN_DeInit), (56 bytes).
    Removing stm32f4xx_can.o(i.CAN_FIFORelease), (22 bytes).
    Removing stm32f4xx_can.o(i.CAN_FilterInit), (264 bytes).
    Removing stm32f4xx_can.o(i.CAN_GetFlagStatus), (120 bytes).
    Removing stm32f4xx_can.o(i.CAN_GetITStatus), (288 bytes).
    Removing stm32f4xx_can.o(i.CAN_GetLSBTransmitErrorCounter), (12 bytes).
    Removing stm32f4xx_can.o(i.CAN_GetLastErrorCode), (12 bytes).
    Removing stm32f4xx_can.o(i.CAN_GetReceiveErrorCounter), (10 bytes).
    Removing stm32f4xx_can.o(i.CAN_ITConfig), (18 bytes).
    Removing stm32f4xx_can.o(i.CAN_Init), (276 bytes).
    Removing stm32f4xx_can.o(i.CAN_MessagePending), (30 bytes).
    Removing stm32f4xx_can.o(i.CAN_OperatingModeRequest), (162 bytes).
    Removing stm32f4xx_can.o(i.CAN_Receive), (240 bytes).
    Removing stm32f4xx_can.o(i.CAN_SlaveStartBank), (52 bytes).
    Removing stm32f4xx_can.o(i.CAN_Sleep), (30 bytes).
    Removing stm32f4xx_can.o(i.CAN_StructInit), (32 bytes).
    Removing stm32f4xx_can.o(i.CAN_TTComModeCmd), (118 bytes).
    Removing stm32f4xx_can.o(i.CAN_Transmit), (294 bytes).
    Removing stm32f4xx_can.o(i.CAN_TransmitStatus), (160 bytes).
    Removing stm32f4xx_can.o(i.CAN_WakeUp), (48 bytes).
    Removing stm32f4xx_can.o(i.CheckITStatus), (18 bytes).
    Removing stm32f4xx_dma.o(.rev16_text), (4 bytes).
    Removing stm32f4xx_dma.o(.revsh_text), (4 bytes).
    Removing stm32f4xx_dma.o(.rrx_text), (6 bytes).
    Removing stm32f4xx_dma.o(i.DMA_ClearFlag), (52 bytes).
    Removing stm32f4xx_dma.o(i.DMA_ClearITPendingBit), (52 bytes).
    Removing stm32f4xx_dma.o(i.DMA_Cmd), (22 bytes).
    Removing stm32f4xx_dma.o(i.DMA_DeInit), (344 bytes).
    Removing stm32f4xx_dma.o(i.DMA_DoubleBufferModeCmd), (22 bytes).
    Removing stm32f4xx_dma.o(i.DMA_DoubleBufferModeConfig), (24 bytes).
    Removing stm32f4xx_dma.o(i.DMA_FlowControllerConfig), (22 bytes).
    Removing stm32f4xx_dma.o(i.DMA_GetCmdStatus), (20 bytes).
    Removing stm32f4xx_dma.o(i.DMA_GetCurrDataCounter), (8 bytes).
    Removing stm32f4xx_dma.o(i.DMA_GetCurrentMemoryTarget), (20 bytes).
    Removing stm32f4xx_dma.o(i.DMA_GetFIFOStatus), (12 bytes).
    Removing stm32f4xx_dma.o(i.DMA_GetFlagStatus), (68 bytes).
    Removing stm32f4xx_dma.o(i.DMA_GetITStatus), (100 bytes).
    Removing stm32f4xx_dma.o(i.DMA_ITConfig), (58 bytes).
    Removing stm32f4xx_dma.o(i.DMA_Init), (88 bytes).
    Removing stm32f4xx_dma.o(i.DMA_MemoryTargetConfig), (10 bytes).
    Removing stm32f4xx_dma.o(i.DMA_PeriphIncOffsetSizeConfig), (22 bytes).
    Removing stm32f4xx_dma.o(i.DMA_SetCurrDataCounter), (4 bytes).
    Removing stm32f4xx_dma.o(i.DMA_StructInit), (34 bytes).
    Removing stm32f4xx_flash.o(.rev16_text), (4 bytes).
    Removing stm32f4xx_flash.o(.revsh_text), (4 bytes).
    Removing stm32f4xx_flash.o(.rrx_text), (6 bytes).
    Removing stm32f4xx_flash.o(i.FLASH_ClearFlag), (12 bytes).
    Removing stm32f4xx_flash.o(i.FLASH_DataCacheCmd), (36 bytes).
    Removing stm32f4xx_flash.o(i.FLASH_DataCacheReset), (20 bytes).
    Removing stm32f4xx_flash.o(i.FLASH_EraseAllBank1Sectors), (108 bytes).
    Removing stm32f4xx_flash.o(i.FLASH_EraseAllBank2Sectors), (108 bytes).
    Removing stm32f4xx_flash.o(i.FLASH_EraseAllSectors), (108 bytes).
    Removing stm32f4xx_flash.o(i.FLASH_EraseSector), (136 bytes).
    Removing stm32f4xx_flash.o(i.FLASH_GetFlagStatus), (24 bytes).
    Removing stm32f4xx_flash.o(i.FLASH_GetStatus), (84 bytes).
    Removing stm32f4xx_flash.o(i.FLASH_ITConfig), (32 bytes).
    Removing stm32f4xx_flash.o(i.FLASH_InstructionCacheCmd), (36 bytes).
    Removing stm32f4xx_flash.o(i.FLASH_InstructionCacheReset), (20 bytes).
    Removing stm32f4xx_flash.o(i.FLASH_Lock), (20 bytes).
    Removing stm32f4xx_flash.o(i.FLASH_OB_BORConfig), (28 bytes).
    Removing stm32f4xx_flash.o(i.FLASH_OB_BootConfig), (28 bytes).
    Removing stm32f4xx_flash.o(i.FLASH_OB_GetBOR), (16 bytes).
    Removing stm32f4xx_flash.o(i.FLASH_OB_GetPCROP), (12 bytes).
    Removing stm32f4xx_flash.o(i.FLASH_OB_GetPCROP1), (12 bytes).
    Removing stm32f4xx_flash.o(i.FLASH_OB_GetRDP), (24 bytes).
    Removing stm32f4xx_flash.o(i.FLASH_OB_GetUser), (16 bytes).
    Removing stm32f4xx_flash.o(i.FLASH_OB_GetWRP), (12 bytes).
    Removing stm32f4xx_flash.o(i.FLASH_OB_GetWRP1), (12 bytes).
    Removing stm32f4xx_flash.o(i.FLASH_OB_Launch), (32 bytes).
    Removing stm32f4xx_flash.o(i.FLASH_OB_Lock), (20 bytes).
    Removing stm32f4xx_flash.o(i.FLASH_OB_PCROP1Config), (52 bytes).
    Removing stm32f4xx_flash.o(i.FLASH_OB_PCROPConfig), (52 bytes).
    Removing stm32f4xx_flash.o(i.FLASH_OB_PCROPSelectionConfig), (24 bytes).
    Removing stm32f4xx_flash.o(i.FLASH_OB_RDPConfig), (28 bytes).
    Removing stm32f4xx_flash.o(i.FLASH_OB_Unlock), (36 bytes).
    Removing stm32f4xx_flash.o(i.FLASH_OB_UserConfig), (48 bytes).
    Removing stm32f4xx_flash.o(i.FLASH_OB_WRP1Config), (52 bytes).
    Removing stm32f4xx_flash.o(i.FLASH_OB_WRPConfig), (52 bytes).
    Removing stm32f4xx_flash.o(i.FLASH_PrefetchBufferCmd), (36 bytes).
    Removing stm32f4xx_flash.o(i.FLASH_ProgramByte), (76 bytes).
    Removing stm32f4xx_flash.o(i.FLASH_ProgramDoubleWord), (84 bytes).
    Removing stm32f4xx_flash.o(i.FLASH_ProgramHalfWord), (80 bytes).
    Removing stm32f4xx_flash.o(i.FLASH_ProgramWord), (80 bytes).
    Removing stm32f4xx_flash.o(i.FLASH_SetLatency), (12 bytes).
    Removing stm32f4xx_flash.o(i.FLASH_Unlock), (36 bytes).
    Removing stm32f4xx_flash.o(i.FLASH_WaitForLastOperation), (30 bytes).
    Removing stm32f4xx_fsmc.o(.rev16_text), (4 bytes).
    Removing stm32f4xx_fsmc.o(.revsh_text), (4 bytes).
    Removing stm32f4xx_fsmc.o(.rrx_text), (6 bytes).
    Removing stm32f4xx_fsmc.o(i.FSMC_ClearFlag), (64 bytes).
    Removing stm32f4xx_fsmc.o(i.FSMC_ClearITPendingBit), (72 bytes).
    Removing stm32f4xx_fsmc.o(i.FSMC_GetECC), (28 bytes).
    Removing stm32f4xx_fsmc.o(i.FSMC_GetFlagStatus), (56 bytes).
    Removing stm32f4xx_fsmc.o(i.FSMC_GetITStatus), (68 bytes).
    Removing stm32f4xx_fsmc.o(i.FSMC_ITConfig), (128 bytes).
    Removing stm32f4xx_fsmc.o(i.FSMC_NANDCmd), (92 bytes).
    Removing stm32f4xx_fsmc.o(i.FSMC_NANDDeInit), (68 bytes).
    Removing stm32f4xx_fsmc.o(i.FSMC_NANDECCCmd), (92 bytes).
    Removing stm32f4xx_fsmc.o(i.FSMC_NANDInit), (136 bytes).
    Removing stm32f4xx_fsmc.o(i.FSMC_NANDStructInit), (54 bytes).
    Removing stm32f4xx_fsmc.o(i.FSMC_NORSRAMCmd), (52 bytes).
    Removing stm32f4xx_fsmc.o(i.FSMC_NORSRAMDeInit), (54 bytes).
    Removing stm32f4xx_fsmc.o(i.FSMC_NORSRAMInit), (230 bytes).
    Removing stm32f4xx_fsmc.o(i.FSMC_NORSRAMStructInit), (114 bytes).
    Removing stm32f4xx_fsmc.o(i.FSMC_PCCARDCmd), (48 bytes).
    Removing stm32f4xx_fsmc.o(i.FSMC_PCCARDDeInit), (40 bytes).
    Removing stm32f4xx_fsmc.o(i.FSMC_PCCARDInit), (132 bytes).
    Removing stm32f4xx_fsmc.o(i.FSMC_PCCARDStructInit), (60 bytes).
    Removing stm32f4xx_gpio.o(.rev16_text), (4 bytes).
    Removing stm32f4xx_gpio.o(.revsh_text), (4 bytes).
    Removing stm32f4xx_gpio.o(.rrx_text), (6 bytes).
    Removing stm32f4xx_gpio.o(i.GPIO_DeInit), (312 bytes).
    Removing stm32f4xx_gpio.o(i.GPIO_PinLockConfig), (34 bytes).
    Removing stm32f4xx_gpio.o(i.GPIO_ReadInputDataBit), (18 bytes).
    Removing stm32f4xx_gpio.o(i.GPIO_ReadOutputData), (8 bytes).
    Removing stm32f4xx_gpio.o(i.GPIO_ReadOutputDataBit), (18 bytes).
    Removing stm32f4xx_gpio.o(i.GPIO_ResetBits), (4 bytes).
    Removing stm32f4xx_gpio.o(i.GPIO_SetBits), (4 bytes).
    Removing stm32f4xx_gpio.o(i.GPIO_StructInit), (18 bytes).
    Removing stm32f4xx_gpio.o(i.GPIO_ToggleBits), (8 bytes).
    Removing stm32f4xx_gpio.o(i.GPIO_Write), (4 bytes).
    Removing stm32f4xx_rcc.o(.rev16_text), (4 bytes).
    Removing stm32f4xx_rcc.o(.revsh_text), (4 bytes).
    Removing stm32f4xx_rcc.o(.rrx_text), (6 bytes).
    Removing stm32f4xx_rcc.o(i.RCC_AHB1PeriphClockLPModeCmd), (32 bytes).
    Removing stm32f4xx_rcc.o(i.RCC_AHB1PeriphResetCmd), (32 bytes).
    Removing stm32f4xx_rcc.o(i.RCC_AHB2PeriphClockCmd), (32 bytes).
    Removing stm32f4xx_rcc.o(i.RCC_AHB2PeriphClockLPModeCmd), (32 bytes).
    Removing stm32f4xx_rcc.o(i.RCC_AHB2PeriphResetCmd), (32 bytes).
    Removing stm32f4xx_rcc.o(i.RCC_AHB3PeriphClockCmd), (32 bytes).
    Removing stm32f4xx_rcc.o(i.RCC_AHB3PeriphClockLPModeCmd), (32 bytes).
    Removing stm32f4xx_rcc.o(i.RCC_AHB3PeriphResetCmd), (32 bytes).
    Removing stm32f4xx_rcc.o(i.RCC_APB1PeriphClockLPModeCmd), (32 bytes).
    Removing stm32f4xx_rcc.o(i.RCC_APB2PeriphClockLPModeCmd), (32 bytes).
    Removing stm32f4xx_rcc.o(i.RCC_AdjustHSICalibrationValue), (24 bytes).
    Removing stm32f4xx_rcc.o(i.RCC_BackupResetCmd), (12 bytes).
    Removing stm32f4xx_rcc.o(i.RCC_ClearFlag), (20 bytes).
    Removing stm32f4xx_rcc.o(i.RCC_ClearITPendingBit), (12 bytes).
    Removing stm32f4xx_rcc.o(i.RCC_ClockSecuritySystemCmd), (12 bytes).
    Removing stm32f4xx_rcc.o(i.RCC_DeInit), (100 bytes).
    Removing stm32f4xx_rcc.o(i.RCC_GetFlagStatus), (64 bytes).
    Removing stm32f4xx_rcc.o(i.RCC_GetITStatus), (24 bytes).
    Removing stm32f4xx_rcc.o(i.RCC_GetSYSCLKSource), (16 bytes).
    Removing stm32f4xx_rcc.o(i.RCC_HCLKConfig), (24 bytes).
    Removing stm32f4xx_rcc.o(i.RCC_HSEConfig), (16 bytes).
    Removing stm32f4xx_rcc.o(i.RCC_HSICmd), (12 bytes).
    Removing stm32f4xx_rcc.o(i.RCC_I2SCLKConfig), (12 bytes).
    Removing stm32f4xx_rcc.o(i.RCC_ITConfig), (32 bytes).
    Removing stm32f4xx_rcc.o(i.RCC_LSEConfig), (44 bytes).
    Removing stm32f4xx_rcc.o(i.RCC_LSICmd), (12 bytes).
    Removing stm32f4xx_rcc.o(i.RCC_LTDCCLKDivConfig), (24 bytes).
    Removing stm32f4xx_rcc.o(i.RCC_MCO1Config), (28 bytes).
    Removing stm32f4xx_rcc.o(i.RCC_MCO2Config), (28 bytes).
    Removing stm32f4xx_rcc.o(i.RCC_PCLK1Config), (24 bytes).
    Removing stm32f4xx_rcc.o(i.RCC_PCLK2Config), (24 bytes).
    Removing stm32f4xx_rcc.o(i.RCC_PLLCmd), (12 bytes).
    Removing stm32f4xx_rcc.o(i.RCC_PLLConfig), (36 bytes).
    Removing stm32f4xx_rcc.o(i.RCC_PLLI2SCmd), (12 bytes).
    Removing stm32f4xx_rcc.o(i.RCC_PLLI2SConfig), (16 bytes).
    Removing stm32f4xx_rcc.o(i.RCC_PLLSAICmd), (12 bytes).
    Removing stm32f4xx_rcc.o(i.RCC_PLLSAIConfig), (24 bytes).
    Removing stm32f4xx_rcc.o(i.RCC_RTCCLKCmd), (12 bytes).
    Removing stm32f4xx_rcc.o(i.RCC_RTCCLKConfig), (60 bytes).
    Removing stm32f4xx_rcc.o(i.RCC_SAIBlockACLKConfig), (24 bytes).
    Removing stm32f4xx_rcc.o(i.RCC_SAIBlockBCLKConfig), (24 bytes).
    Removing stm32f4xx_rcc.o(i.RCC_SAIPLLI2SClkDivConfig), (28 bytes).
    Removing stm32f4xx_rcc.o(i.RCC_SAIPLLSAIClkDivConfig), (28 bytes).
    Removing stm32f4xx_rcc.o(i.RCC_SYSCLKConfig), (24 bytes).
    Removing stm32f4xx_rcc.o(i.RCC_TIMCLKPresConfig), (12 bytes).
    Removing stm32f4xx_rcc.o(i.RCC_WaitForHSEStartUp), (56 bytes).
    Removing stm32f4xx_tim.o(.rev16_text), (4 bytes).
    Removing stm32f4xx_tim.o(.revsh_text), (4 bytes).
    Removing stm32f4xx_tim.o(.rrx_text), (6 bytes).
    Removing stm32f4xx_tim.o(i.TIM_BDTRStructInit), (18 bytes).
    Removing stm32f4xx_tim.o(i.TIM_ClearOC1Ref), (18 bytes).
    Removing stm32f4xx_tim.o(i.TIM_ClearOC2Ref), (24 bytes).
    Removing stm32f4xx_tim.o(i.TIM_ClearOC3Ref), (18 bytes).
    Removing stm32f4xx_tim.o(i.TIM_ClearOC4Ref), (24 bytes).
    Removing stm32f4xx_tim.o(i.TIM_CounterModeConfig), (18 bytes).
    Removing stm32f4xx_tim.o(i.TIM_DMACmd), (18 bytes).
    Removing stm32f4xx_tim.o(i.TIM_DMAConfig), (10 bytes).
    Removing stm32f4xx_tim.o(i.TIM_ETRClockMode1Config), (54 bytes).
    Removing stm32f4xx_tim.o(i.TIM_ETRClockMode2Config), (32 bytes).
    Removing stm32f4xx_tim.o(i.TIM_ETRConfig), (28 bytes).
    Removing stm32f4xx_tim.o(i.TIM_EncoderInterfaceConfig), (66 bytes).
    Removing stm32f4xx_tim.o(i.TIM_ForcedOC1Config), (18 bytes).
    Removing stm32f4xx_tim.o(i.TIM_ForcedOC2Config), (26 bytes).
    Removing stm32f4xx_tim.o(i.TIM_ForcedOC3Config), (18 bytes).
    Removing stm32f4xx_tim.o(i.TIM_ForcedOC4Config), (26 bytes).
    Removing stm32f4xx_tim.o(i.TIM_GetCapture1), (6 bytes).
    Removing stm32f4xx_tim.o(i.TIM_GetCapture2), (6 bytes).
    Removing stm32f4xx_tim.o(i.TIM_GetCapture3), (6 bytes).
    Removing stm32f4xx_tim.o(i.TIM_GetCapture4), (6 bytes).
    Removing stm32f4xx_tim.o(i.TIM_GetCounter), (6 bytes).
    Removing stm32f4xx_tim.o(i.TIM_GetFlagStatus), (18 bytes).
    Removing stm32f4xx_tim.o(i.TIM_GetPrescaler), (6 bytes).
    Removing stm32f4xx_tim.o(i.TIM_ICStructInit), (18 bytes).
    Removing stm32f4xx_tim.o(i.TIM_ITRxExternalClockConfig), (24 bytes).
    Removing stm32f4xx_tim.o(i.TIM_InternalClockConfig), (12 bytes).
    Removing stm32f4xx_tim.o(i.TIM_OC1FastConfig), (18 bytes).
    Removing stm32f4xx_tim.o(i.TIM_OC1NPolarityConfig), (18 bytes).
    Removing stm32f4xx_tim.o(i.TIM_OC1PolarityConfig), (18 bytes).
    Removing stm32f4xx_tim.o(i.TIM_OC2FastConfig), (26 bytes).
    Removing stm32f4xx_tim.o(i.TIM_OC2NPolarityConfig), (26 bytes).
    Removing stm32f4xx_tim.o(i.TIM_OC2PolarityConfig), (26 bytes).
    Removing stm32f4xx_tim.o(i.TIM_OC3FastConfig), (18 bytes).
    Removing stm32f4xx_tim.o(i.TIM_OC3NPolarityConfig), (26 bytes).
    Removing stm32f4xx_tim.o(i.TIM_OC3PolarityConfig), (26 bytes).
    Removing stm32f4xx_tim.o(i.TIM_OC4FastConfig), (26 bytes).
    Removing stm32f4xx_tim.o(i.TIM_OC4PolarityConfig), (26 bytes).
    Removing stm32f4xx_tim.o(i.TIM_OC4PreloadConfig), (26 bytes).
    Removing stm32f4xx_tim.o(i.TIM_OCStructInit), (20 bytes).
    Removing stm32f4xx_tim.o(i.TIM_PWMIConfig), (124 bytes).
    Removing stm32f4xx_tim.o(i.TIM_PrescalerConfig), (6 bytes).
    Removing stm32f4xx_tim.o(i.TIM_RemapConfig), (6 bytes).
    Removing stm32f4xx_tim.o(i.TIM_SelectCCDMA), (24 bytes).
    Removing stm32f4xx_tim.o(i.TIM_SelectOCxM), (86 bytes).
    Removing stm32f4xx_tim.o(i.TIM_SelectOnePulseMode), (18 bytes).
    Removing stm32f4xx_tim.o(i.TIM_SetAutoreload), (4 bytes).
    Removing stm32f4xx_tim.o(i.TIM_SetClockDivision), (18 bytes).
    Removing stm32f4xx_tim.o(i.TIM_SetCounter), (4 bytes).
    Removing stm32f4xx_tim.o(i.TIM_TIxExternalClockConfig), (62 bytes).
    Removing stm32f4xx_tim.o(i.TIM_TimeBaseStructInit), (18 bytes).
    Removing stm32f4xx_tim.o(i.TIM_UpdateDisableConfig), (24 bytes).
    Removing stm32f4xx_tim.o(i.TIM_UpdateRequestConfig), (24 bytes).
    Removing stm32f4xx_usart.o(.rev16_text), (4 bytes).
    Removing stm32f4xx_usart.o(.revsh_text), (4 bytes).
    Removing stm32f4xx_usart.o(.rrx_text), (6 bytes).
    Removing stm32f4xx_usart.o(i.USART_ClearITPendingBit), (30 bytes).
    Removing stm32f4xx_usart.o(i.USART_ClockInit), (32 bytes).
    Removing stm32f4xx_usart.o(i.USART_ClockStructInit), (12 bytes).
    Removing stm32f4xx_usart.o(i.USART_Cmd), (24 bytes).
    Removing stm32f4xx_usart.o(i.USART_DMACmd), (18 bytes).
    Removing stm32f4xx_usart.o(i.USART_DeInit), (240 bytes).
    Removing stm32f4xx_usart.o(i.USART_GetITStatus), (84 bytes).
    Removing stm32f4xx_usart.o(i.USART_HalfDuplexCmd), (24 bytes).
    Removing stm32f4xx_usart.o(i.USART_ITConfig), (74 bytes).
    Removing stm32f4xx_usart.o(i.USART_Init), (212 bytes).
    Removing stm32f4xx_usart.o(i.USART_IrDACmd), (24 bytes).
    Removing stm32f4xx_usart.o(i.USART_IrDAConfig), (18 bytes).
    Removing stm32f4xx_usart.o(i.USART_LINBreakDetectLengthConfig), (18 bytes).
    Removing stm32f4xx_usart.o(i.USART_LINCmd), (24 bytes).
    Removing stm32f4xx_usart.o(i.USART_OneBitMethodCmd), (24 bytes).
    Removing stm32f4xx_usart.o(i.USART_OverSampling8Cmd), (22 bytes).
    Removing stm32f4xx_usart.o(i.USART_ReceiverWakeUpCmd), (24 bytes).
    Removing stm32f4xx_usart.o(i.USART_SendBreak), (10 bytes).
    Removing stm32f4xx_usart.o(i.USART_SendData), (8 bytes).
    Removing stm32f4xx_usart.o(i.USART_SetAddress), (18 bytes).
    Removing stm32f4xx_usart.o(i.USART_SetGuardTime), (16 bytes).
    Removing stm32f4xx_usart.o(i.USART_SetPrescaler), (16 bytes).
    Removing stm32f4xx_usart.o(i.USART_SmartCardCmd), (24 bytes).
    Removing stm32f4xx_usart.o(i.USART_SmartCardNACKCmd), (24 bytes).
    Removing stm32f4xx_usart.o(i.USART_StructInit), (24 bytes).
    Removing stm32f4xx_usart.o(i.USART_WakeUpConfig), (18 bytes).
    Removing startup_stm32f40_41xxx.o(HEAP), (512 bytes).
    Removing system_stm32f4xx.o(.rev16_text), (4 bytes).
    Removing system_stm32f4xx.o(.revsh_text), (4 bytes).
    Removing system_stm32f4xx.o(.rrx_text), (6 bytes).
    Removing system_stm32f4xx.o(i.SystemCoreClockUpdate), (192 bytes).
    Removing dadd.o(.text), (334 bytes).
    Removing dmul.o(.text), (228 bytes).
    Removing dfltui.o(.text), (26 bytes).
    Removing f2d.o(.text), (38 bytes).
    Removing cdcmple.o(.text), (48 bytes).
    Removing cdrcmple.o(.text), (48 bytes).

555 unused section(s) (total 102107 bytes) removed from the image.

==============================================================================

Image Symbol Table

    Local Symbols

    Symbol Name                              Value     Ov Type        Size  Object(Section)

    ../clib/microlib/init/entry.s            0x00000000   Number         0  entry2.o ABSOLUTE
    ../clib/microlib/init/entry.s            0x00000000   Number         0  entry5.o ABSOLUTE
    ../clib/microlib/init/entry.s            0x00000000   Number         0  entry.o ABSOLUTE
    ../clib/microlib/init/entry.s            0x00000000   Number         0  entry7b.o ABSOLUTE
    ../clib/microlib/init/entry.s            0x00000000   Number         0  entry8a.o ABSOLUTE
    ../clib/microlib/init/entry.s            0x00000000   Number         0  entry8b.o ABSOLUTE
    ../clib/microlib/init/entry.s            0x00000000   Number         0  entry7a.o ABSOLUTE
    ../clib/microlib/init/entry.s            0x00000000   Number         0  entry9a.o ABSOLUTE
    ../clib/microlib/init/entry.s            0x00000000   Number         0  entry9b.o ABSOLUTE
    ../clib/microlib/init/entry.s            0x00000000   Number         0  entry11a.o ABSOLUTE
    ../clib/microlib/init/entry.s            0x00000000   Number         0  entry10a.o ABSOLUTE
    ../clib/microlib/init/entry.s            0x00000000   Number         0  entry10b.o ABSOLUTE
    ../clib/microlib/init/entry.s            0x00000000   Number         0  entry11b.o ABSOLUTE
    ../clib/microlib/longlong.c              0x00000000   Number         0  llshl.o ABSOLUTE
    ../clib/microlib/longlong.c              0x00000000   Number         0  llushr.o ABSOLUTE
    ../clib/microlib/longlong.c              0x00000000   Number         0  llsshr.o ABSOLUTE
    ../clib/microlib/string/memcmp.c         0x00000000   Number         0  memcmp.o ABSOLUTE
    ../clib/microlib/string/memcpy.c         0x00000000   Number         0  memcpya.o ABSOLUTE
    ../clib/microlib/string/memcpy.c         0x00000000   Number         0  memcpyb.o ABSOLUTE
    ../clib/microlib/string/memset.c         0x00000000   Number         0  memseta.o ABSOLUTE
    ../clib/microlib/stubs.s                 0x00000000   Number         0  iusefp.o ABSOLUTE
    ../fplib/microlib/d2f.c                  0x00000000   Number         0  d2f.o ABSOLUTE
    ../fplib/microlib/f2d.c                  0x00000000   Number         0  f2d.o ABSOLUTE
    ../fplib/microlib/fpadd.c                0x00000000   Number         0  dadd.o ABSOLUTE
    ../fplib/microlib/fpdiv.c                0x00000000   Number         0  ddiv.o ABSOLUTE
    ../fplib/microlib/fpepilogue.c           0x00000000   Number         0  fepilogue.o ABSOLUTE
    ../fplib/microlib/fpepilogue.c           0x00000000   Number         0  depilogue.o ABSOLUTE
    ../fplib/microlib/fpflt.c                0x00000000   Number         0  dfltui.o ABSOLUTE
    ../fplib/microlib/fpflt.c                0x00000000   Number         0  dflti.o ABSOLUTE
    ../fplib/microlib/fpmul.c                0x00000000   Number         0  dmul.o ABSOLUTE
    ..\APP\app.c                             0x00000000   Number         0  app.o ABSOLUTE
    ..\App\Control_Task.c                    0x00000000   Number         0  control_task.o ABSOLUTE
    ..\App\EncoderTask.c                     0x00000000   Number         0  encodertask.o ABSOLUTE
    ..\App\MainTask.c                        0x00000000   Number         0  maintask.o ABSOLUTE
    ..\App\USART_Task.c                      0x00000000   Number         0  usart_task.o ABSOLUTE
    ..\BSP\bsp_Init.c                        0x00000000   Number         0  bsp_init.o ABSOLUTE
    ..\Bsp\bsp_ADC.c                         0x00000000   Number         0  bsp_adc.o ABSOLUTE
    ..\Bsp\bsp_Bluetooth.c                   0x00000000   Number         0  bsp_bluetooth.o ABSOLUTE
    ..\Bsp\bsp_CAN.c                         0x00000000   Number         0  bsp_can.o ABSOLUTE
    ..\Bsp\bsp_Commutation.c                 0x00000000   Number         0  bsp_commutation.o ABSOLUTE
    ..\Bsp\bsp_Encoder.c                     0x00000000   Number         0  bsp_encoder.o ABSOLUTE
    ..\Bsp\bsp_HallTIM.c                     0x00000000   Number         0  bsp_halltim.o ABSOLUTE
    ..\Bsp\bsp_TIM.c                         0x00000000   Number         0  bsp_tim.o ABSOLUTE
    ..\FreeRTOS\os_free_task.c               0x00000000   Number         0  os_free_task.o ABSOLUTE
    ..\FreeRTOS\src\event_groups.c           0x00000000   Number         0  event_groups.o ABSOLUTE
    ..\FreeRTOS\src\heap_4.c                 0x00000000   Number         0  heap_4.o ABSOLUTE
    ..\FreeRTOS\src\list.c                   0x00000000   Number         0  list.o ABSOLUTE
    ..\FreeRTOS\src\port.c                   0x00000000   Number         0  port.o ABSOLUTE
    ..\FreeRTOS\src\queue.c                  0x00000000   Number         0  queue.o ABSOLUTE
    ..\FreeRTOS\src\tasks.c                  0x00000000   Number         0  tasks.o ABSOLUTE
    ..\FreeRTOS\src\timers.c                 0x00000000   Number         0  timers.o ABSOLUTE
    ..\Sal\sal_KalmanFilter.c                0x00000000   Number         0  sal_kalmanfilter.o ABSOLUTE
    ..\Sal\sal_PID.c                         0x00000000   Number         0  sal_pid.o ABSOLUTE
    ..\USER\main.c                           0x00000000   Number         0  main.o ABSOLUTE
    ..\User\stm32f4xx_it.c                   0x00000000   Number         0  stm32f4xx_it.o ABSOLUTE
    ..\\APP\\app.c                           0x00000000   Number         0  app.o ABSOLUTE
    ..\\App\\Control_Task.c                  0x00000000   Number         0  control_task.o ABSOLUTE
    ..\\App\\EncoderTask.c                   0x00000000   Number         0  encodertask.o ABSOLUTE
    ..\\App\\MainTask.c                      0x00000000   Number         0  maintask.o ABSOLUTE
    ..\\App\\USART_Task.c                    0x00000000   Number         0  usart_task.o ABSOLUTE
    ..\\BSP\\bsp_Init.c                      0x00000000   Number         0  bsp_init.o ABSOLUTE
    ..\\Bsp\\bsp_ADC.c                       0x00000000   Number         0  bsp_adc.o ABSOLUTE
    ..\\Bsp\\bsp_Bluetooth.c                 0x00000000   Number         0  bsp_bluetooth.o ABSOLUTE
    ..\\Bsp\\bsp_CAN.c                       0x00000000   Number         0  bsp_can.o ABSOLUTE
    ..\\Bsp\\bsp_Commutation.c               0x00000000   Number         0  bsp_commutation.o ABSOLUTE
    ..\\Bsp\\bsp_Encoder.c                   0x00000000   Number         0  bsp_encoder.o ABSOLUTE
    ..\\Bsp\\bsp_HallTIM.c                   0x00000000   Number         0  bsp_halltim.o ABSOLUTE
    ..\\Bsp\\bsp_TIM.c                       0x00000000   Number         0  bsp_tim.o ABSOLUTE
    ..\\FreeRTOS\\os_free_task.c             0x00000000   Number         0  os_free_task.o ABSOLUTE
    ..\\FreeRTOS\\src\\event_groups.c        0x00000000   Number         0  event_groups.o ABSOLUTE
    ..\\FreeRTOS\\src\\heap_4.c              0x00000000   Number         0  heap_4.o ABSOLUTE
    ..\\FreeRTOS\\src\\list.c                0x00000000   Number         0  list.o ABSOLUTE
    ..\\FreeRTOS\\src\\port.c                0x00000000   Number         0  port.o ABSOLUTE
    ..\\FreeRTOS\\src\\queue.c               0x00000000   Number         0  queue.o ABSOLUTE
    ..\\FreeRTOS\\src\\tasks.c               0x00000000   Number         0  tasks.o ABSOLUTE
    ..\\FreeRTOS\\src\\timers.c              0x00000000   Number         0  timers.o ABSOLUTE
    ..\\USER\\main.c                         0x00000000   Number         0  main.o ABSOLUTE
    ..\\User\\stm32f4xx_it.c                 0x00000000   Number         0  stm32f4xx_it.o ABSOLUTE
    C:\Keil\MDK\ARM\PACK\Keil\STM32F4xx_DFP\1.0.8\Device\StdPeriph_Driver\src\misc.c 0x00000000   Number         0  misc.o ABSOLUTE
    C:\Keil\MDK\ARM\PACK\Keil\STM32F4xx_DFP\1.0.8\Device\StdPeriph_Driver\src\stm32f4xx_adc.c 0x00000000   Number         0  stm32f4xx_adc.o ABSOLUTE
    C:\Keil\MDK\ARM\PACK\Keil\STM32F4xx_DFP\1.0.8\Device\StdPeriph_Driver\src\stm32f4xx_can.c 0x00000000   Number         0  stm32f4xx_can.o ABSOLUTE
    C:\Keil\MDK\ARM\PACK\Keil\STM32F4xx_DFP\1.0.8\Device\StdPeriph_Driver\src\stm32f4xx_dma.c 0x00000000   Number         0  stm32f4xx_dma.o ABSOLUTE
    C:\Keil\MDK\ARM\PACK\Keil\STM32F4xx_DFP\1.0.8\Device\StdPeriph_Driver\src\stm32f4xx_flash.c 0x00000000   Number         0  stm32f4xx_flash.o ABSOLUTE
    C:\Keil\MDK\ARM\PACK\Keil\STM32F4xx_DFP\1.0.8\Device\StdPeriph_Driver\src\stm32f4xx_fsmc.c 0x00000000   Number         0  stm32f4xx_fsmc.o ABSOLUTE
    C:\Keil\MDK\ARM\PACK\Keil\STM32F4xx_DFP\1.0.8\Device\StdPeriph_Driver\src\stm32f4xx_gpio.c 0x00000000   Number         0  stm32f4xx_gpio.o ABSOLUTE
    C:\Keil\MDK\ARM\PACK\Keil\STM32F4xx_DFP\1.0.8\Device\StdPeriph_Driver\src\stm32f4xx_rcc.c 0x00000000   Number         0  stm32f4xx_rcc.o ABSOLUTE
    C:\Keil\MDK\ARM\PACK\Keil\STM32F4xx_DFP\1.0.8\Device\StdPeriph_Driver\src\stm32f4xx_tim.c 0x00000000   Number         0  stm32f4xx_tim.o ABSOLUTE
    C:\Keil\MDK\ARM\PACK\Keil\STM32F4xx_DFP\1.0.8\Device\StdPeriph_Driver\src\stm32f4xx_usart.c 0x00000000   Number         0  stm32f4xx_usart.o ABSOLUTE
    C:\\Keil\\MDK\\ARM\\PACK\\Keil\\STM32F4xx_DFP\\1.0.8\\Device\\StdPeriph_Driver\\src\\misc.c 0x00000000   Number         0  misc.o ABSOLUTE
    C:\\Keil\\MDK\\ARM\\PACK\\Keil\\STM32F4xx_DFP\\1.0.8\\Device\\StdPeriph_Driver\\src\\stm32f4xx_adc.c 0x00000000   Number         0  stm32f4xx_adc.o ABSOLUTE
    C:\\Keil\\MDK\\ARM\\PACK\\Keil\\STM32F4xx_DFP\\1.0.8\\Device\\StdPeriph_Driver\\src\\stm32f4xx_can.c 0x00000000   Number         0  stm32f4xx_can.o ABSOLUTE
    C:\\Keil\\MDK\\ARM\\PACK\\Keil\\STM32F4xx_DFP\\1.0.8\\Device\\StdPeriph_Driver\\src\\stm32f4xx_dma.c 0x00000000   Number         0  stm32f4xx_dma.o ABSOLUTE
    C:\\Keil\\MDK\\ARM\\PACK\\Keil\\STM32F4xx_DFP\\1.0.8\\Device\\StdPeriph_Driver\\src\\stm32f4xx_flash.c 0x00000000   Number         0  stm32f4xx_flash.o ABSOLUTE
    C:\\Keil\\MDK\\ARM\\PACK\\Keil\\STM32F4xx_DFP\\1.0.8\\Device\\StdPeriph_Driver\\src\\stm32f4xx_fsmc.c 0x00000000   Number         0  stm32f4xx_fsmc.o ABSOLUTE
    C:\\Keil\\MDK\\ARM\\PACK\\Keil\\STM32F4xx_DFP\\1.0.8\\Device\\StdPeriph_Driver\\src\\stm32f4xx_gpio.c 0x00000000   Number         0  stm32f4xx_gpio.o ABSOLUTE
    C:\\Keil\\MDK\\ARM\\PACK\\Keil\\STM32F4xx_DFP\\1.0.8\\Device\\StdPeriph_Driver\\src\\stm32f4xx_rcc.c 0x00000000   Number         0  stm32f4xx_rcc.o ABSOLUTE
    C:\\Keil\\MDK\\ARM\\PACK\\Keil\\STM32F4xx_DFP\\1.0.8\\Device\\StdPeriph_Driver\\src\\stm32f4xx_tim.c 0x00000000   Number         0  stm32f4xx_tim.o ABSOLUTE
    C:\\Keil\\MDK\\ARM\\PACK\\Keil\\STM32F4xx_DFP\\1.0.8\\Device\\StdPeriph_Driver\\src\\stm32f4xx_usart.c 0x00000000   Number         0  stm32f4xx_usart.o ABSOLUTE
    RTE\Device\STM32F405RG\startup_stm32f40_41xxx.s 0x00000000   Number         0  startup_stm32f40_41xxx.o ABSOLUTE
    RTE\Device\STM32F405RG\system_stm32f4xx.c 0x00000000   Number         0  system_stm32f4xx.o ABSOLUTE
    RTE\\Device\\STM32F405RG\\system_stm32f4xx.c 0x00000000   Number         0  system_stm32f4xx.o ABSOLUTE
    cdcmple.s                                0x00000000   Number         0  cdcmple.o ABSOLUTE
    cdrcmple.s                               0x00000000   Number         0  cdrcmple.o ABSOLUTE
    dc.s                                     0x00000000   Number         0  dc.o ABSOLUTE
    handlers.s                               0x00000000   Number         0  handlers.o ABSOLUTE
    init.s                                   0x00000000   Number         0  init.o ABSOLUTE
    RESET                                    0x08000000   Section      392  startup_stm32f40_41xxx.o(RESET)
    .ARM.Collect$$$$00000000                 0x08000188   Section        0  entry.o(.ARM.Collect$$$$00000000)
    .ARM.Collect$$$$00000001                 0x08000188   Section        4  entry2.o(.ARM.Collect$$$$00000001)
    .ARM.Collect$$$$00000004                 0x0800018c   Section        4  entry5.o(.ARM.Collect$$$$00000004)
    .ARM.Collect$$$$00000008                 0x08000190   Section        0  entry7b.o(.ARM.Collect$$$$00000008)
    .ARM.Collect$$$$0000000A                 0x08000190   Section        0  entry8b.o(.ARM.Collect$$$$0000000A)
    .ARM.Collect$$$$0000000B                 0x08000190   Section        8  entry9a.o(.ARM.Collect$$$$0000000B)
    .ARM.Collect$$$$0000000D                 0x08000198   Section        0  entry10a.o(.ARM.Collect$$$$0000000D)
    .ARM.Collect$$$$0000000F                 0x08000198   Section        0  entry11a.o(.ARM.Collect$$$$0000000F)
    .ARM.Collect$$$$00002712                 0x08000198   Section        4  entry2.o(.ARM.Collect$$$$00002712)
    __lit__00000000                          0x08000198   Data           4  entry2.o(.ARM.Collect$$$$00002712)
    .emb_text                                0x0800019c   Section      186  port.o(.emb_text)
    $v0                                      0x0800019c   Number         0  port.o(.emb_text)
    .text                                    0x08000258   Section       36  startup_stm32f40_41xxx.o(.text)
    $v0                                      0x08000258   Number         0  startup_stm32f40_41xxx.o(.text)
    .text                                    0x0800027c   Section        0  memcmp.o(.text)
    .text                                    0x08000296   Section        0  ddiv.o(.text)
    .text                                    0x08000374   Section        0  dflti.o(.text)
    .text                                    0x08000396   Section        0  d2f.o(.text)
    .text                                    0x080003ce   Section        0  llshl.o(.text)
    .text                                    0x080003ec   Section        0  fepilogue.o(.text)
    .text                                    0x080003ec   Section        0  iusefp.o(.text)
    .text                                    0x0800045a   Section        0  depilogue.o(.text)
    .text                                    0x08000514   Section       36  init.o(.text)
    .text                                    0x08000538   Section        0  llushr.o(.text)
    i.BLE_IRQPandler                         0x08000558   Section        0  bsp_bluetooth.o(i.BLE_IRQPandler)
    i.BLE_NVIC_Config                        0x08000630   Section        0  bsp_bluetooth.o(i.BLE_NVIC_Config)
    i.Bsp_NVIC_Config                        0x08000650   Section        0  bsp_init.o(i.Bsp_NVIC_Config)
    i.BusFault_Handler                       0x08000674   Section        0  stm32f4xx_it.o(i.BusFault_Handler)
    i.CAN1_RX0_IRQPendle                     0x08000678   Section        0  bsp_can.o(i.CAN1_RX0_IRQPendle)
    i.CAN1_RX1_IRQHandler                    0x0800067a   Section        0  stm32f4xx_it.o(i.CAN1_RX1_IRQHandler)
    i.GPIO_Init                              0x08000682   Section        0  stm32f4xx_gpio.o(i.GPIO_Init)
    i.GPIO_PinAFConfig                       0x08000712   Section        0  stm32f4xx_gpio.o(i.GPIO_PinAFConfig)
    i.GPIO_ReadInputData                     0x08000758   Section        0  stm32f4xx_gpio.o(i.GPIO_ReadInputData)
    i.GPIO_WriteBit                          0x08000760   Section        0  stm32f4xx_gpio.o(i.GPIO_WriteBit)
    i.Get_HallInputValue                     0x0800076c   Section        0  bsp_halltim.o(i.Get_HallInputValue)
    i.GrayCode2Decimal                       0x08000788   Section        0  bsp_commutation.o(i.GrayCode2Decimal)
    GrayCode2Decimal                         0x08000789   Thumb Code    16  bsp_commutation.o(i.GrayCode2Decimal)
    i.HallCode2Decimal                       0x08000798   Section        0  bsp_commutation.o(i.HallCode2Decimal)
    HallCode2Decimal                         0x08000799   Thumb Code    38  bsp_commutation.o(i.HallCode2Decimal)
    i.Hall_PrepareCommutation                0x080007c0   Section        0  bsp_commutation.o(i.Hall_PrepareCommutation)
    i.Hall_TIM_IRQPandler                    0x08000890   Section        0  bsp_halltim.o(i.Hall_TIM_IRQPandler)
    i.Hall_TIM_NVIC_Config                   0x080008b0   Section        0  bsp_halltim.o(i.Hall_TIM_NVIC_Config)
    i.Hall_TimerConfig                       0x080008d0   Section        0  bsp_halltim.o(i.Hall_TimerConfig)
    i.HardFault_Handler                      0x080009d8   Section        0  stm32f4xx_it.o(i.HardFault_Handler)
    i.Manual_COMevent                        0x080009dc   Section        0  bsp_tim.o(i.Manual_COMevent)
    i.MemManage_Handler                      0x080009ec   Section        0  stm32f4xx_it.o(i.MemManage_Handler)
    i.NMI_Handler                            0x080009f0   Section        0  stm32f4xx_it.o(i.NMI_Handler)
    i.NVIC_Init                              0x080009f4   Section        0  misc.o(i.NVIC_Init)
    i.NVIC_PriorityGroupConfig               0x08000a6c   Section        0  misc.o(i.NVIC_PriorityGroupConfig)
    i.RCC_AHB1PeriphClockCmd                 0x08000a80   Section        0  stm32f4xx_rcc.o(i.RCC_AHB1PeriphClockCmd)
    i.RCC_APB1PeriphClockCmd                 0x08000aa0   Section        0  stm32f4xx_rcc.o(i.RCC_APB1PeriphClockCmd)
    i.RCC_APB1PeriphResetCmd                 0x08000ac0   Section        0  stm32f4xx_rcc.o(i.RCC_APB1PeriphResetCmd)
    i.RCC_APB2PeriphClockCmd                 0x08000ae0   Section        0  stm32f4xx_rcc.o(i.RCC_APB2PeriphClockCmd)
    i.RCC_APB2PeriphResetCmd                 0x08000b00   Section        0  stm32f4xx_rcc.o(i.RCC_APB2PeriphResetCmd)
    i.RCC_GetClocksFreq                      0x08000b20   Section        0  stm32f4xx_rcc.o(i.RCC_GetClocksFreq)
    i.SetSysClock                            0x08000c08   Section        0  system_stm32f4xx.o(i.SetSysClock)
    SetSysClock                              0x08000c09   Thumb Code   220  system_stm32f4xx.o(i.SetSysClock)
    i.Set_MotorSpeed                         0x08000cf4   Section        0  bsp_commutation.o(i.Set_MotorSpeed)
    i.StateLED_Init                          0x08000dd4   Section        0  bsp_init.o(i.StateLED_Init)
    i.SysTick_Handler                        0x08000e04   Section        0  port.o(i.SysTick_Handler)
    i.SystemInit                             0x08000e38   Section        0  system_stm32f4xx.o(i.SystemInit)
    i.TI1_Config                             0x08000ea0   Section        0  stm32f4xx_tim.o(i.TI1_Config)
    TI1_Config                               0x08000ea1   Thumb Code    58  stm32f4xx_tim.o(i.TI1_Config)
    i.TI2_Config                             0x08000eda   Section        0  stm32f4xx_tim.o(i.TI2_Config)
    TI2_Config                               0x08000edb   Thumb Code    80  stm32f4xx_tim.o(i.TI2_Config)
    i.TI3_Config                             0x08000f2a   Section        0  stm32f4xx_tim.o(i.TI3_Config)
    TI3_Config                               0x08000f2b   Thumb Code    72  stm32f4xx_tim.o(i.TI3_Config)
    i.TI4_Config                             0x08000f72   Section        0  stm32f4xx_tim.o(i.TI4_Config)
    TI4_Config                               0x08000f73   Thumb Code    80  stm32f4xx_tim.o(i.TI4_Config)
    i.TIM1_GPIO_Config                       0x08000fc4   Section        0  bsp_tim.o(i.TIM1_GPIO_Config)
    TIM1_GPIO_Config                         0x08000fc5   Thumb Code   120  bsp_tim.o(i.TIM1_GPIO_Config)
    i.TIM1_PWM_Config                        0x08001044   Section        0  bsp_tim.o(i.TIM1_PWM_Config)
    i.TIM1_Set_PWMDuty                       0x08001194   Section        0  bsp_tim.o(i.TIM1_Set_PWMDuty)
    i.TIM1_Set_PWMOutput_EnableState         0x0800123c   Section        0  bsp_tim.o(i.TIM1_Set_PWMOutput_EnableState)
    i.TIM1_TRG_COM_IRQPandler                0x08001294   Section        0  bsp_tim.o(i.TIM1_TRG_COM_IRQPandler)
    i.TIM1_TRG_COM_NVIC_Config               0x080012f4   Section        0  bsp_tim.o(i.TIM1_TRG_COM_NVIC_Config)
    i.TIM1_TRG_COM_TIM11_IRQHandler          0x08001314   Section        0  stm32f4xx_it.o(i.TIM1_TRG_COM_TIM11_IRQHandler)
    i.TIM3_IRQHandler                        0x0800131c   Section        0  stm32f4xx_it.o(i.TIM3_IRQHandler)
    i.TIM_ARRPreloadConfig                   0x08001324   Section        0  stm32f4xx_tim.o(i.TIM_ARRPreloadConfig)
    i.TIM_BDTRConfig                         0x0800133c   Section        0  stm32f4xx_tim.o(i.TIM_BDTRConfig)
    i.TIM_CCPreloadControl                   0x0800135c   Section        0  stm32f4xx_tim.o(i.TIM_CCPreloadControl)
    i.TIM_CCxCmd                             0x08001374   Section        0  stm32f4xx_tim.o(i.TIM_CCxCmd)
    i.TIM_CCxNCmd                            0x08001392   Section        0  stm32f4xx_tim.o(i.TIM_CCxNCmd)
    i.TIM_ClearFlag                          0x080013b0   Section        0  stm32f4xx_tim.o(i.TIM_ClearFlag)
    i.TIM_ClearITPendingBit                  0x080013b6   Section        0  stm32f4xx_tim.o(i.TIM_ClearITPendingBit)
    i.TIM_Cmd                                0x080013bc   Section        0  stm32f4xx_tim.o(i.TIM_Cmd)
    i.TIM_CtrlPWMOutputs                     0x080013d4   Section        0  stm32f4xx_tim.o(i.TIM_CtrlPWMOutputs)
    i.TIM_DeInit                             0x080013f4   Section        0  stm32f4xx_tim.o(i.TIM_DeInit)
    i.TIM_GenerateEvent                      0x08001584   Section        0  stm32f4xx_tim.o(i.TIM_GenerateEvent)
    i.TIM_GetITStatus                        0x08001588   Section        0  stm32f4xx_tim.o(i.TIM_GetITStatus)
    i.TIM_ICInit                             0x080015aa   Section        0  stm32f4xx_tim.o(i.TIM_ICInit)
    i.TIM_ITConfig                           0x08001618   Section        0  stm32f4xx_tim.o(i.TIM_ITConfig)
    i.TIM_OC1Init                            0x0800162c   Section        0  stm32f4xx_tim.o(i.TIM_OC1Init)
    i.TIM_OC1PreloadConfig                   0x080016a8   Section        0  stm32f4xx_tim.o(i.TIM_OC1PreloadConfig)
    i.TIM_OC2Init                            0x080016bc   Section        0  stm32f4xx_tim.o(i.TIM_OC2Init)
    i.TIM_OC2PreloadConfig                   0x08001760   Section        0  stm32f4xx_tim.o(i.TIM_OC2PreloadConfig)
    i.TIM_OC3Init                            0x0800177c   Section        0  stm32f4xx_tim.o(i.TIM_OC3Init)
    i.TIM_OC3PreloadConfig                   0x0800181c   Section        0  stm32f4xx_tim.o(i.TIM_OC3PreloadConfig)
    i.TIM_OC4Init                            0x08001830   Section        0  stm32f4xx_tim.o(i.TIM_OC4Init)
    i.TIM_SelectCOM                          0x080018a8   Section        0  stm32f4xx_tim.o(i.TIM_SelectCOM)
    i.TIM_SelectHallSensor                   0x080018c0   Section        0  stm32f4xx_tim.o(i.TIM_SelectHallSensor)
    i.TIM_SelectInputTrigger                 0x080018d8   Section        0  stm32f4xx_tim.o(i.TIM_SelectInputTrigger)
    i.TIM_SelectMasterSlaveMode              0x080018ea   Section        0  stm32f4xx_tim.o(i.TIM_SelectMasterSlaveMode)
    i.TIM_SelectOutputTrigger                0x080018fc   Section        0  stm32f4xx_tim.o(i.TIM_SelectOutputTrigger)
    i.TIM_SelectSlaveMode                    0x0800190e   Section        0  stm32f4xx_tim.o(i.TIM_SelectSlaveMode)
    i.TIM_SetCompare1                        0x08001920   Section        0  stm32f4xx_tim.o(i.TIM_SetCompare1)
    i.TIM_SetCompare2                        0x08001924   Section        0  stm32f4xx_tim.o(i.TIM_SetCompare2)
    i.TIM_SetCompare3                        0x08001928   Section        0  stm32f4xx_tim.o(i.TIM_SetCompare3)
    i.TIM_SetCompare4                        0x0800192c   Section        0  stm32f4xx_tim.o(i.TIM_SetCompare4)
    i.TIM_SetIC1Prescaler                    0x08001930   Section        0  stm32f4xx_tim.o(i.TIM_SetIC1Prescaler)
    i.TIM_SetIC2Prescaler                    0x08001942   Section        0  stm32f4xx_tim.o(i.TIM_SetIC2Prescaler)
    i.TIM_SetIC3Prescaler                    0x0800195c   Section        0  stm32f4xx_tim.o(i.TIM_SetIC3Prescaler)
    i.TIM_SetIC4Prescaler                    0x0800196e   Section        0  stm32f4xx_tim.o(i.TIM_SetIC4Prescaler)
    i.TIM_TimeBaseInit                       0x08001988   Section        0  stm32f4xx_tim.o(i.TIM_TimeBaseInit)
    i.TurnStateLED                           0x08001a0c   Section        0  bsp_init.o(i.TurnStateLED)
    i.USART3_IRQHandler                      0x08001a20   Section        0  stm32f4xx_it.o(i.USART3_IRQHandler)
    i.USART_ClearFlag                        0x08001a28   Section        0  stm32f4xx_usart.o(i.USART_ClearFlag)
    i.USART_GetFlagStatus                    0x08001a3a   Section        0  stm32f4xx_usart.o(i.USART_GetFlagStatus)
    i.USART_ReceiveData                      0x08001a54   Section        0  stm32f4xx_usart.o(i.USART_ReceiveData)
    i.UsageFault_Handler                     0x08001a5e   Section        0  stm32f4xx_it.o(i.UsageFault_Handler)
    i.__scatterload_copy                     0x08001a62   Section       14  handlers.o(i.__scatterload_copy)
    i.__scatterload_null                     0x08001a70   Section        2  handlers.o(i.__scatterload_null)
    i.__scatterload_zeroinit                 0x08001a72   Section       14  handlers.o(i.__scatterload_zeroinit)
    i.main                                   0x08001a80   Section        0  main.o(i.main)
    i.prvResetNextTaskUnblockTime            0x08001b04   Section        0  tasks.o(i.prvResetNextTaskUnblockTime)
    prvResetNextTaskUnblockTime              0x08001b05   Thumb Code    42  tasks.o(i.prvResetNextTaskUnblockTime)
    i.uxListRemove                           0x08001b38   Section        0  list.o(i.uxListRemove)
    i.vApplicationStackOverflowHook          0x08001b60   Section        0  os_free_task.o(i.vApplicationStackOverflowHook)
    i.vApplicationTickHook                   0x08001b76   Section        0  os_free_task.o(i.vApplicationTickHook)
    i.vListInsertEnd                         0x08001b78   Section        0  list.o(i.vListInsertEnd)
    i.vTaskSwitchContext                     0x08001b90   Section        0  tasks.o(i.vTaskSwitchContext)
    i.xTaskIncrementTick                     0x08001c58   Section        0  tasks.o(i.xTaskIncrementTick)
    .constdata                               0x08001db0   Section       48  bsp_commutation.o(.constdata)
    BLDC_STATE_TAB                           0x08001db0   Data          24  bsp_commutation.o(.constdata)
    BLDC_STATE_TAB_Fan                       0x08001dc8   Data          24  bsp_commutation.o(.constdata)
    .constdata                               0x08001de0   Section       20  tasks.o(.constdata)
    ucExpectedStackBytes                     0x08001de0   Data          20  tasks.o(.constdata)
    .data                                    0x20000000   Section        8  bsp_tim.o(.data)
    index                                    0x20000001   Data           1  bsp_tim.o(.data)
    lastvalue                                0x20000002   Data           1  bsp_tim.o(.data)
    temp                                     0x20000004   Data           4  bsp_tim.o(.data)
    .data                                    0x20000008   Section        8  bsp_bluetooth.o(.data)
    ii                                       0x20000008   Data           1  bsp_bluetooth.o(.data)
    USART                                    0x20000009   Data           7  bsp_bluetooth.o(.data)
    .data                                    0x20000010   Section       16  bsp_commutation.o(.data)
    State_TabIndex                           0x20000010   Data           1  bsp_commutation.o(.data)
    Motor_SetedSpeed                         0x20000014   Data           4  bsp_commutation.o(.data)
    Middle_PWM_Duty                          0x20000018   Data           2  bsp_commutation.o(.data)
    lasthallpos                              0x2000001a   Data           1  bsp_commutation.o(.data)
    last_speed                               0x2000001c   Data           4  bsp_commutation.o(.data)
    .data                                    0x20000020   Section        4  main.o(.data)
    .data                                    0x20000024   Section       56  tasks.o(.data)
    pxDelayedTaskList                        0x20000028   Data           4  tasks.o(.data)
    pxOverflowDelayedTaskList                0x2000002c   Data           4  tasks.o(.data)
    uxTasksDeleted                           0x20000030   Data           4  tasks.o(.data)
    uxCurrentNumberOfTasks                   0x20000034   Data           4  tasks.o(.data)
    xTickCount                               0x20000038   Data           4  tasks.o(.data)
    uxTopReadyPriority                       0x2000003c   Data           4  tasks.o(.data)
    xSchedulerRunning                        0x20000040   Data           4  tasks.o(.data)
    uxPendedTicks                            0x20000044   Data           4  tasks.o(.data)
    xYieldPending                            0x20000048   Data           4  tasks.o(.data)
    xNumOfOverflows                          0x2000004c   Data           4  tasks.o(.data)
    uxTaskNumber                             0x20000050   Data           4  tasks.o(.data)
    xNextTaskUnblockTime                     0x20000054   Data           4  tasks.o(.data)
    uxSchedulerSuspended                     0x20000058   Data           4  tasks.o(.data)
    .data                                    0x2000005c   Section       16  stm32f4xx_rcc.o(.data)
    APBAHBPrescTable                         0x2000005c   Data          16  stm32f4xx_rcc.o(.data)
    .data                                    0x2000006c   Section       20  system_stm32f4xx.o(.data)
    .bss                                     0x20000080   Section       10  bsp_tim.o(.bss)
    .bss                                     0x2000008c   Section     1032  bsp_bluetooth.o(.bss)
    .bss                                     0x20000494   Section      420  tasks.o(.bss)
    pxReadyTasksLists                        0x20000494   Data         320  tasks.o(.bss)
    xDelayedTaskList1                        0x200005d4   Data          20  tasks.o(.bss)
    xDelayedTaskList2                        0x200005e8   Data          20  tasks.o(.bss)
    xPendingReadyList                        0x200005fc   Data          20  tasks.o(.bss)
    xTasksWaitingTermination                 0x20000610   Data          20  tasks.o(.bss)
    xSuspendedTaskList                       0x20000624   Data          20  tasks.o(.bss)
    STACK                                    0x20000638   Section     1024  startup_stm32f40_41xxx.o(STACK)

    Global Symbols

    Symbol Name                              Value     Ov Type        Size  Object(Section)

    BuildAttributes$$THM_ISAv4$E$P$D$K$B$S$7EM$VFPi3$EXTD16$VFPS$VFMA$PE$A:L22UL41UL21$X:L11$S22US41US21$IEEE1$IW$USESV6$~STKCKD$USESV7$ENUMINT$~SHL$OTIME$ROPI$EBA8$MICROLIB$REQ8$PRES8$EABIv2 0x00000000   Number         0  anon$$obj.o ABSOLUTE
    __ARM_use_no_argv                        0x00000000   Number         0  main.o ABSOLUTE
    __cpp_initialize__aeabi_                  - Undefined Weak Reference
    __cxa_finalize                            - Undefined Weak Reference
    __decompress                              - Undefined Weak Reference
    _clock_init                               - Undefined Weak Reference
    _microlib_exit                            - Undefined Weak Reference
    __Vectors_Size                           0x00000188   Number         0  startup_stm32f40_41xxx.o ABSOLUTE
    __Vectors                                0x08000000   Data           4  startup_stm32f40_41xxx.o(RESET)
    __Vectors_End                            0x08000188   Data           0  startup_stm32f40_41xxx.o(RESET)
    __main                                   0x08000189   Thumb Code     0  entry.o(.ARM.Collect$$$$00000000)
    _main_stk                                0x08000189   Thumb Code     0  entry2.o(.ARM.Collect$$$$00000001)
    _main_scatterload                        0x0800018d   Thumb Code     0  entry5.o(.ARM.Collect$$$$00000004)
    __main_after_scatterload                 0x08000191   Thumb Code     0  entry5.o(.ARM.Collect$$$$00000004)
    _main_clock                              0x08000191   Thumb Code     0  entry7b.o(.ARM.Collect$$$$00000008)
    _main_cpp_init                           0x08000191   Thumb Code     0  entry8b.o(.ARM.Collect$$$$0000000A)
    _main_init                               0x08000191   Thumb Code     0  entry9a.o(.ARM.Collect$$$$0000000B)
    __rt_final_cpp                           0x08000199   Thumb Code     0  entry10a.o(.ARM.Collect$$$$0000000D)
    __rt_final_exit                          0x08000199   Thumb Code     0  entry11a.o(.ARM.Collect$$$$0000000F)
    SVC_Handler                              0x0800019d   Thumb Code    28  port.o(.emb_text)
    __asm___6_port_c_39a90d8d__prvStartFirstTask 0x080001bd   Thumb Code    28  port.o(.emb_text)
    __asm___6_port_c_39a90d8d__prvEnableVFP  0x080001dd   Thumb Code    16  port.o(.emb_text)
    PendSV_Handler                           0x080001f1   Thumb Code    90  port.o(.emb_text)
    vPortGetIPSR                             0x08000251   Thumb Code     6  port.o(.emb_text)
    Reset_Handler                            0x08000259   Thumb Code     8  startup_stm32f40_41xxx.o(.text)
    DebugMon_Handler                         0x0800026d   Thumb Code     2  startup_stm32f40_41xxx.o(.text)
    ADC_IRQHandler                           0x08000273   Thumb Code     0  startup_stm32f40_41xxx.o(.text)
    CAN1_RX0_IRQHandler                      0x08000273   Thumb Code     0  startup_stm32f40_41xxx.o(.text)
    CAN1_SCE_IRQHandler                      0x08000273   Thumb Code     0  startup_stm32f40_41xxx.o(.text)
    CAN1_TX_IRQHandler                       0x08000273   Thumb Code     0  startup_stm32f40_41xxx.o(.text)
    CAN2_RX0_IRQHandler                      0x08000273   Thumb Code     0  startup_stm32f40_41xxx.o(.text)
    CAN2_RX1_IRQHandler                      0x08000273   Thumb Code     0  startup_stm32f40_41xxx.o(.text)
    CAN2_SCE_IRQHandler                      0x08000273   Thumb Code     0  startup_stm32f40_41xxx.o(.text)
    CAN2_TX_IRQHandler                       0x08000273   Thumb Code     0  startup_stm32f40_41xxx.o(.text)
    CRYP_IRQHandler                          0x08000273   Thumb Code     0  startup_stm32f40_41xxx.o(.text)
    DCMI_IRQHandler                          0x08000273   Thumb Code     0  startup_stm32f40_41xxx.o(.text)
    DMA1_Stream0_IRQHandler                  0x08000273   Thumb Code     0  startup_stm32f40_41xxx.o(.text)
    DMA1_Stream1_IRQHandler                  0x08000273   Thumb Code     0  startup_stm32f40_41xxx.o(.text)
    DMA1_Stream2_IRQHandler                  0x08000273   Thumb Code     0  startup_stm32f40_41xxx.o(.text)
    DMA1_Stream3_IRQHandler                  0x08000273   Thumb Code     0  startup_stm32f40_41xxx.o(.text)
    DMA1_Stream4_IRQHandler                  0x08000273   Thumb Code     0  startup_stm32f40_41xxx.o(.text)
    DMA1_Stream5_IRQHandler                  0x08000273   Thumb Code     0  startup_stm32f40_41xxx.o(.text)
    DMA1_Stream6_IRQHandler                  0x08000273   Thumb Code     0  startup_stm32f40_41xxx.o(.text)
    DMA1_Stream7_IRQHandler                  0x08000273   Thumb Code     0  startup_stm32f40_41xxx.o(.text)
    DMA2_Stream0_IRQHandler                  0x08000273   Thumb Code     0  startup_stm32f40_41xxx.o(.text)
    DMA2_Stream1_IRQHandler                  0x08000273   Thumb Code     0  startup_stm32f40_41xxx.o(.text)
    DMA2_Stream2_IRQHandler                  0x08000273   Thumb Code     0  startup_stm32f40_41xxx.o(.text)
    DMA2_Stream3_IRQHandler                  0x08000273   Thumb Code     0  startup_stm32f40_41xxx.o(.text)
    DMA2_Stream4_IRQHandler                  0x08000273   Thumb Code     0  startup_stm32f40_41xxx.o(.text)
    DMA2_Stream5_IRQHandler                  0x08000273   Thumb Code     0  startup_stm32f40_41xxx.o(.text)
    DMA2_Stream6_IRQHandler                  0x08000273   Thumb Code     0  startup_stm32f40_41xxx.o(.text)
    DMA2_Stream7_IRQHandler                  0x08000273   Thumb Code     0  startup_stm32f40_41xxx.o(.text)
    ETH_IRQHandler                           0x08000273   Thumb Code     0  startup_stm32f40_41xxx.o(.text)
    ETH_WKUP_IRQHandler                      0x08000273   Thumb Code     0  startup_stm32f40_41xxx.o(.text)
    EXTI0_IRQHandler                         0x08000273   Thumb Code     0  startup_stm32f40_41xxx.o(.text)
    EXTI15_10_IRQHandler                     0x08000273   Thumb Code     0  startup_stm32f40_41xxx.o(.text)
    EXTI1_IRQHandler                         0x08000273   Thumb Code     0  startup_stm32f40_41xxx.o(.text)
    EXTI2_IRQHandler                         0x08000273   Thumb Code     0  startup_stm32f40_41xxx.o(.text)
    EXTI3_IRQHandler                         0x08000273   Thumb Code     0  startup_stm32f40_41xxx.o(.text)
    EXTI4_IRQHandler                         0x08000273   Thumb Code     0  startup_stm32f40_41xxx.o(.text)
    EXTI9_5_IRQHandler                       0x08000273   Thumb Code     0  startup_stm32f40_41xxx.o(.text)
    FLASH_IRQHandler                         0x08000273   Thumb Code     0  startup_stm32f40_41xxx.o(.text)
    FPU_IRQHandler                           0x08000273   Thumb Code     0  startup_stm32f40_41xxx.o(.text)
    FSMC_IRQHandler                          0x08000273   Thumb Code     0  startup_stm32f40_41xxx.o(.text)
    HASH_RNG_IRQHandler                      0x08000273   Thumb Code     0  startup_stm32f40_41xxx.o(.text)
    I2C1_ER_IRQHandler                       0x08000273   Thumb Code     0  startup_stm32f40_41xxx.o(.text)
    I2C1_EV_IRQHandler                       0x08000273   Thumb Code     0  startup_stm32f40_41xxx.o(.text)
    I2C2_ER_IRQHandler                       0x08000273   Thumb Code     0  startup_stm32f40_41xxx.o(.text)
    I2C2_EV_IRQHandler                       0x08000273   Thumb Code     0  startup_stm32f40_41xxx.o(.text)
    I2C3_ER_IRQHandler                       0x08000273   Thumb Code     0  startup_stm32f40_41xxx.o(.text)
    I2C3_EV_IRQHandler                       0x08000273   Thumb Code     0  startup_stm32f40_41xxx.o(.text)
    OTG_FS_IRQHandler                        0x08000273   Thumb Code     0  startup_stm32f40_41xxx.o(.text)
    OTG_FS_WKUP_IRQHandler                   0x08000273   Thumb Code     0  startup_stm32f40_41xxx.o(.text)
    OTG_HS_EP1_IN_IRQHandler                 0x08000273   Thumb Code     0  startup_stm32f40_41xxx.o(.text)
    OTG_HS_EP1_OUT_IRQHandler                0x08000273   Thumb Code     0  startup_stm32f40_41xxx.o(.text)
    OTG_HS_IRQHandler                        0x08000273   Thumb Code     0  startup_stm32f40_41xxx.o(.text)
    OTG_HS_WKUP_IRQHandler                   0x08000273   Thumb Code     0  startup_stm32f40_41xxx.o(.text)
    PVD_IRQHandler                           0x08000273   Thumb Code     0  startup_stm32f40_41xxx.o(.text)
    RCC_IRQHandler                           0x08000273   Thumb Code     0  startup_stm32f40_41xxx.o(.text)
    RTC_Alarm_IRQHandler                     0x08000273   Thumb Code     0  startup_stm32f40_41xxx.o(.text)
    RTC_WKUP_IRQHandler                      0x08000273   Thumb Code     0  startup_stm32f40_41xxx.o(.text)
    SDIO_IRQHandler                          0x08000273   Thumb Code     0  startup_stm32f40_41xxx.o(.text)
    SPI1_IRQHandler                          0x08000273   Thumb Code     0  startup_stm32f40_41xxx.o(.text)
    SPI2_IRQHandler                          0x08000273   Thumb Code     0  startup_stm32f40_41xxx.o(.text)
    SPI3_IRQHandler                          0x08000273   Thumb Code     0  startup_stm32f40_41xxx.o(.text)
    TAMP_STAMP_IRQHandler                    0x08000273   Thumb Code     0  startup_stm32f40_41xxx.o(.text)
    TIM1_BRK_TIM9_IRQHandler                 0x08000273   Thumb Code     0  startup_stm32f40_41xxx.o(.text)
    TIM1_CC_IRQHandler                       0x08000273   Thumb Code     0  startup_stm32f40_41xxx.o(.text)
    TIM1_UP_TIM10_IRQHandler                 0x08000273   Thumb Code     0  startup_stm32f40_41xxx.o(.text)
    TIM2_IRQHandler                          0x08000273   Thumb Code     0  startup_stm32f40_41xxx.o(.text)
    TIM4_IRQHandler                          0x08000273   Thumb Code     0  startup_stm32f40_41xxx.o(.text)
    TIM5_IRQHandler                          0x08000273   Thumb Code     0  startup_stm32f40_41xxx.o(.text)
    TIM6_DAC_IRQHandler                      0x08000273   Thumb Code     0  startup_stm32f40_41xxx.o(.text)
    TIM7_IRQHandler                          0x08000273   Thumb Code     0  startup_stm32f40_41xxx.o(.text)
    TIM8_BRK_TIM12_IRQHandler                0x08000273   Thumb Code     0  startup_stm32f40_41xxx.o(.text)
    TIM8_CC_IRQHandler                       0x08000273   Thumb Code     0  startup_stm32f40_41xxx.o(.text)
    TIM8_TRG_COM_TIM14_IRQHandler            0x08000273   Thumb Code     0  startup_stm32f40_41xxx.o(.text)
    TIM8_UP_TIM13_IRQHandler                 0x08000273   Thumb Code     0  startup_stm32f40_41xxx.o(.text)
    UART4_IRQHandler                         0x08000273   Thumb Code     0  startup_stm32f40_41xxx.o(.text)
    UART5_IRQHandler                         0x08000273   Thumb Code     0  startup_stm32f40_41xxx.o(.text)
    USART1_IRQHandler                        0x08000273   Thumb Code     0  startup_stm32f40_41xxx.o(.text)
    USART2_IRQHandler                        0x08000273   Thumb Code     0  startup_stm32f40_41xxx.o(.text)
    USART6_IRQHandler                        0x08000273   Thumb Code     0  startup_stm32f40_41xxx.o(.text)
    WWDG_IRQHandler                          0x08000273   Thumb Code     0  startup_stm32f40_41xxx.o(.text)
    memcmp                                   0x0800027d   Thumb Code    26  memcmp.o(.text)
    __aeabi_ddiv                             0x08000297   Thumb Code   222  ddiv.o(.text)
    __aeabi_i2d                              0x08000375   Thumb Code    34  dflti.o(.text)
    __aeabi_d2f                              0x08000397   Thumb Code    56  d2f.o(.text)
    __aeabi_llsl                             0x080003cf   Thumb Code    30  llshl.o(.text)
    _ll_shift_l                              0x080003cf   Thumb Code     0  llshl.o(.text)
    __I$use$fp                               0x080003ed   Thumb Code     0  iusefp.o(.text)
    _float_round                             0x080003ed   Thumb Code    18  fepilogue.o(.text)
    _float_epilogue                          0x080003ff   Thumb Code    92  fepilogue.o(.text)
    _double_round                            0x0800045b   Thumb Code    30  depilogue.o(.text)
    _double_epilogue                         0x08000479   Thumb Code   156  depilogue.o(.text)
    __scatterload                            0x08000515   Thumb Code    28  init.o(.text)
    __scatterload_rt2                        0x08000515   Thumb Code     0  init.o(.text)
    __aeabi_llsr                             0x08000539   Thumb Code    32  llushr.o(.text)
    _ll_ushift_r                             0x08000539   Thumb Code     0  llushr.o(.text)
    BLE_IRQPandler                           0x08000559   Thumb Code   192  bsp_bluetooth.o(i.BLE_IRQPandler)
    BLE_NVIC_Config                          0x08000631   Thumb Code    32  bsp_bluetooth.o(i.BLE_NVIC_Config)
    Bsp_NVIC_Config                          0x08000651   Thumb Code    36  bsp_init.o(i.Bsp_NVIC_Config)
    BusFault_Handler                         0x08000675   Thumb Code     4  stm32f4xx_it.o(i.BusFault_Handler)
    CAN1_RX0_IRQPendle                       0x08000679   Thumb Code     2  bsp_can.o(i.CAN1_RX0_IRQPendle)
    CAN1_RX1_IRQHandler                      0x0800067b   Thumb Code     8  stm32f4xx_it.o(i.CAN1_RX1_IRQHandler)
    GPIO_Init                                0x08000683   Thumb Code   144  stm32f4xx_gpio.o(i.GPIO_Init)
    GPIO_PinAFConfig                         0x08000713   Thumb Code    70  stm32f4xx_gpio.o(i.GPIO_PinAFConfig)
    GPIO_ReadInputData                       0x08000759   Thumb Code     8  stm32f4xx_gpio.o(i.GPIO_ReadInputData)
    GPIO_WriteBit                            0x08000761   Thumb Code    10  stm32f4xx_gpio.o(i.GPIO_WriteBit)
    Get_HallInputValue                       0x0800076d   Thumb Code    24  bsp_halltim.o(i.Get_HallInputValue)
    Hall_PrepareCommutation                  0x080007c1   Thumb Code   184  bsp_commutation.o(i.Hall_PrepareCommutation)
    Hall_TIM_IRQPandler                      0x08000891   Thumb Code    26  bsp_halltim.o(i.Hall_TIM_IRQPandler)
    Hall_TIM_NVIC_Config                     0x080008b1   Thumb Code    32  bsp_halltim.o(i.Hall_TIM_NVIC_Config)
    Hall_TimerConfig                         0x080008d1   Thumb Code   254  bsp_halltim.o(i.Hall_TimerConfig)
    HardFault_Handler                        0x080009d9   Thumb Code     4  stm32f4xx_it.o(i.HardFault_Handler)
    Manual_COMevent                          0x080009dd   Thumb Code    12  bsp_tim.o(i.Manual_COMevent)
    MemManage_Handler                        0x080009ed   Thumb Code     4  stm32f4xx_it.o(i.MemManage_Handler)
    NMI_Handler                              0x080009f1   Thumb Code     2  stm32f4xx_it.o(i.NMI_Handler)
    NVIC_Init                                0x080009f5   Thumb Code   106  misc.o(i.NVIC_Init)
    NVIC_PriorityGroupConfig                 0x08000a6d   Thumb Code    10  misc.o(i.NVIC_PriorityGroupConfig)
    RCC_AHB1PeriphClockCmd                   0x08000a81   Thumb Code    26  stm32f4xx_rcc.o(i.RCC_AHB1PeriphClockCmd)
    RCC_APB1PeriphClockCmd                   0x08000aa1   Thumb Code    26  stm32f4xx_rcc.o(i.RCC_APB1PeriphClockCmd)
    RCC_APB1PeriphResetCmd                   0x08000ac1   Thumb Code    26  stm32f4xx_rcc.o(i.RCC_APB1PeriphResetCmd)
    RCC_APB2PeriphClockCmd                   0x08000ae1   Thumb Code    26  stm32f4xx_rcc.o(i.RCC_APB2PeriphClockCmd)
    RCC_APB2PeriphResetCmd                   0x08000b01   Thumb Code    26  stm32f4xx_rcc.o(i.RCC_APB2PeriphResetCmd)
    RCC_GetClocksFreq                        0x08000b21   Thumb Code   214  stm32f4xx_rcc.o(i.RCC_GetClocksFreq)
    Set_MotorSpeed                           0x08000cf5   Thumb Code   202  bsp_commutation.o(i.Set_MotorSpeed)
    StateLED_Init                            0x08000dd5   Thumb Code    42  bsp_init.o(i.StateLED_Init)
    SysTick_Handler                          0x08000e05   Thumb Code    48  port.o(i.SysTick_Handler)
    SystemInit                               0x08000e39   Thumb Code    88  system_stm32f4xx.o(i.SystemInit)
    TIM1_PWM_Config                          0x08001045   Thumb Code   322  bsp_tim.o(i.TIM1_PWM_Config)
    TIM1_Set_PWMDuty                         0x08001195   Thumb Code   156  bsp_tim.o(i.TIM1_Set_PWMDuty)
    TIM1_Set_PWMOutput_EnableState           0x0800123d   Thumb Code    84  bsp_tim.o(i.TIM1_Set_PWMOutput_EnableState)
    TIM1_TRG_COM_IRQPandler                  0x08001295   Thumb Code    72  bsp_tim.o(i.TIM1_TRG_COM_IRQPandler)
    TIM1_TRG_COM_NVIC_Config                 0x080012f5   Thumb Code    32  bsp_tim.o(i.TIM1_TRG_COM_NVIC_Config)
    TIM1_TRG_COM_TIM11_IRQHandler            0x08001315   Thumb Code     8  stm32f4xx_it.o(i.TIM1_TRG_COM_TIM11_IRQHandler)
    TIM3_IRQHandler                          0x0800131d   Thumb Code     8  stm32f4xx_it.o(i.TIM3_IRQHandler)
    TIM_ARRPreloadConfig                     0x08001325   Thumb Code    24  stm32f4xx_tim.o(i.TIM_ARRPreloadConfig)
    TIM_BDTRConfig                           0x0800133d   Thumb Code    32  stm32f4xx_tim.o(i.TIM_BDTRConfig)
    TIM_CCPreloadControl                     0x0800135d   Thumb Code    24  stm32f4xx_tim.o(i.TIM_CCPreloadControl)
    TIM_CCxCmd                               0x08001375   Thumb Code    30  stm32f4xx_tim.o(i.TIM_CCxCmd)
    TIM_CCxNCmd                              0x08001393   Thumb Code    30  stm32f4xx_tim.o(i.TIM_CCxNCmd)
    TIM_ClearFlag                            0x080013b1   Thumb Code     6  stm32f4xx_tim.o(i.TIM_ClearFlag)
    TIM_ClearITPendingBit                    0x080013b7   Thumb Code     6  stm32f4xx_tim.o(i.TIM_ClearITPendingBit)
    TIM_Cmd                                  0x080013bd   Thumb Code    24  stm32f4xx_tim.o(i.TIM_Cmd)
    TIM_CtrlPWMOutputs                       0x080013d5   Thumb Code    30  stm32f4xx_tim.o(i.TIM_CtrlPWMOutputs)
    TIM_DeInit                               0x080013f5   Thumb Code   346  stm32f4xx_tim.o(i.TIM_DeInit)
    TIM_GenerateEvent                        0x08001585   Thumb Code     4  stm32f4xx_tim.o(i.TIM_GenerateEvent)
    TIM_GetITStatus                          0x08001589   Thumb Code    34  stm32f4xx_tim.o(i.TIM_GetITStatus)
    TIM_ICInit                               0x080015ab   Thumb Code   110  stm32f4xx_tim.o(i.TIM_ICInit)
    TIM_ITConfig                             0x08001619   Thumb Code    18  stm32f4xx_tim.o(i.TIM_ITConfig)
    TIM_OC1Init                              0x0800162d   Thumb Code   114  stm32f4xx_tim.o(i.TIM_OC1Init)
    TIM_OC1PreloadConfig                     0x080016a9   Thumb Code    18  stm32f4xx_tim.o(i.TIM_OC1PreloadConfig)
    TIM_OC2Init                              0x080016bd   Thumb Code   154  stm32f4xx_tim.o(i.TIM_OC2Init)
    TIM_OC2PreloadConfig                     0x08001761   Thumb Code    26  stm32f4xx_tim.o(i.TIM_OC2PreloadConfig)
    TIM_OC3Init                              0x0800177d   Thumb Code   150  stm32f4xx_tim.o(i.TIM_OC3Init)
    TIM_OC3PreloadConfig                     0x0800181d   Thumb Code    18  stm32f4xx_tim.o(i.TIM_OC3PreloadConfig)
    TIM_OC4Init                              0x08001831   Thumb Code   112  stm32f4xx_tim.o(i.TIM_OC4Init)
    TIM_SelectCOM                            0x080018a9   Thumb Code    24  stm32f4xx_tim.o(i.TIM_SelectCOM)
    TIM_SelectHallSensor                     0x080018c1   Thumb Code    24  stm32f4xx_tim.o(i.TIM_SelectHallSensor)
    TIM_SelectInputTrigger                   0x080018d9   Thumb Code    18  stm32f4xx_tim.o(i.TIM_SelectInputTrigger)
    TIM_SelectMasterSlaveMode                0x080018eb   Thumb Code    18  stm32f4xx_tim.o(i.TIM_SelectMasterSlaveMode)
    TIM_SelectOutputTrigger                  0x080018fd   Thumb Code    18  stm32f4xx_tim.o(i.TIM_SelectOutputTrigger)
    TIM_SelectSlaveMode                      0x0800190f   Thumb Code    18  stm32f4xx_tim.o(i.TIM_SelectSlaveMode)
    TIM_SetCompare1                          0x08001921   Thumb Code     4  stm32f4xx_tim.o(i.TIM_SetCompare1)
    TIM_SetCompare2                          0x08001925   Thumb Code     4  stm32f4xx_tim.o(i.TIM_SetCompare2)
    TIM_SetCompare3                          0x08001929   Thumb Code     4  stm32f4xx_tim.o(i.TIM_SetCompare3)
    TIM_SetCompare4                          0x0800192d   Thumb Code     4  stm32f4xx_tim.o(i.TIM_SetCompare4)
    TIM_SetIC1Prescaler                      0x08001931   Thumb Code    18  stm32f4xx_tim.o(i.TIM_SetIC1Prescaler)
    TIM_SetIC2Prescaler                      0x08001943   Thumb Code    26  stm32f4xx_tim.o(i.TIM_SetIC2Prescaler)
    TIM_SetIC3Prescaler                      0x0800195d   Thumb Code    18  stm32f4xx_tim.o(i.TIM_SetIC3Prescaler)
    TIM_SetIC4Prescaler                      0x0800196f   Thumb Code    26  stm32f4xx_tim.o(i.TIM_SetIC4Prescaler)
    TIM_TimeBaseInit                         0x08001989   Thumb Code   104  stm32f4xx_tim.o(i.TIM_TimeBaseInit)
    TurnStateLED                             0x08001a0d   Thumb Code    16  bsp_init.o(i.TurnStateLED)
    USART3_IRQHandler                        0x08001a21   Thumb Code     8  stm32f4xx_it.o(i.USART3_IRQHandler)
    USART_ClearFlag                          0x08001a29   Thumb Code    18  stm32f4xx_usart.o(i.USART_ClearFlag)
    USART_GetFlagStatus                      0x08001a3b   Thumb Code    26  stm32f4xx_usart.o(i.USART_GetFlagStatus)
    USART_ReceiveData                        0x08001a55   Thumb Code    10  stm32f4xx_usart.o(i.USART_ReceiveData)
    UsageFault_Handler                       0x08001a5f   Thumb Code     4  stm32f4xx_it.o(i.UsageFault_Handler)
    __scatterload_copy                       0x08001a63   Thumb Code    14  handlers.o(i.__scatterload_copy)
    __scatterload_null                       0x08001a71   Thumb Code     2  handlers.o(i.__scatterload_null)
    __scatterload_zeroinit                   0x08001a73   Thumb Code    14  handlers.o(i.__scatterload_zeroinit)
    main                                     0x08001a81   Thumb Code   116  main.o(i.main)
    uxListRemove                             0x08001b39   Thumb Code    40  list.o(i.uxListRemove)
    vApplicationStackOverflowHook            0x08001b61   Thumb Code    22  os_free_task.o(i.vApplicationStackOverflowHook)
    vApplicationTickHook                     0x08001b77   Thumb Code     2  os_free_task.o(i.vApplicationTickHook)
    vListInsertEnd                           0x08001b79   Thumb Code    24  list.o(i.vListInsertEnd)
    vTaskSwitchContext                       0x08001b91   Thumb Code   176  tasks.o(i.vTaskSwitchContext)
    xTaskIncrementTick                       0x08001c59   Thumb Code   300  tasks.o(i.xTaskIncrementTick)
    Region$$Table$$Base                      0x08001df4   Number         0  anon$$obj.o(Region$$Table)
    Region$$Table$$Limit                     0x08001e14   Number         0  anon$$obj.o(Region$$Table)
    Temp_value                               0x20000000   Data           1  bsp_tim.o(.data)
    temp_speed                               0x20000020   Data           4  main.o(.data)
    pxCurrentTCB                             0x20000024   Data           4  tasks.o(.data)
    SystemCoreClock                          0x2000006c   Data           4  system_stm32f4xx.o(.data)
    AHBPrescTable                            0x20000070   Data          16  system_stm32f4xx.o(.data)
    value                                    0x20000080   Data          10  bsp_tim.o(.bss)
    ComData                                  0x2000008c   Data         228  bsp_bluetooth.o(.bss)
    BLE_USART_QUEUE                          0x20000170   Data         804  bsp_bluetooth.o(.bss)
    __initial_sp                             0x20000a38   Data           0  startup_stm32f40_41xxx.o(STACK)



==============================================================================

Memory Map of the image

  Image Entry point : 0x08000189

  Load Region LR_IROM1 (Base: 0x08000000, Size: 0x00001e94, Max: 0x00100000, ABSOLUTE)

    Execution Region ER_IROM1 (Base: 0x08000000, Size: 0x00001e14, Max: 0x00100000, ABSOLUTE)

    Base Addr    Size         Type   Attr      Idx    E Section Name        Object

    0x08000000   0x00000188   Data   RO         4056    RESET               startup_stm32f40_41xxx.o
    0x08000188   0x00000000   Code   RO         4102  * .ARM.Collect$$$$00000000  mc_w.l(entry.o)
    0x08000188   0x00000004   Code   RO         4131    .ARM.Collect$$$$00000001  mc_w.l(entry2.o)
    0x0800018c   0x00000004   Code   RO         4134    .ARM.Collect$$$$00000004  mc_w.l(entry5.o)
    0x08000190   0x00000000   Code   RO         4136    .ARM.Collect$$$$00000008  mc_w.l(entry7b.o)
    0x08000190   0x00000000   Code   RO         4138    .ARM.Collect$$$$0000000A  mc_w.l(entry8b.o)
    0x08000190   0x00000008   Code   RO         4139    .ARM.Collect$$$$0000000B  mc_w.l(entry9a.o)
    0x08000198   0x00000000   Code   RO         4141    .ARM.Collect$$$$0000000D  mc_w.l(entry10a.o)
    0x08000198   0x00000000   Code   RO         4143    .ARM.Collect$$$$0000000F  mc_w.l(entry11a.o)
    0x08000198   0x00000004   Code   RO         4132    .ARM.Collect$$$$00002712  mc_w.l(entry2.o)
    0x0800019c   0x000000ba   Code   RO         1016    .emb_text           port.o
    0x08000256   0x00000002   PAD
    0x08000258   0x00000024   Code   RO         4057    .text               startup_stm32f40_41xxx.o
    0x0800027c   0x0000001a   Code   RO         4109    .text               mc_w.l(memcmp.o)
    0x08000296   0x000000de   Code   RO         4117    .text               mf_w.l(ddiv.o)
    0x08000374   0x00000022   Code   RO         4119    .text               mf_w.l(dflti.o)
    0x08000396   0x00000038   Code   RO         4129    .text               mf_w.l(d2f.o)
    0x080003ce   0x0000001e   Code   RO         4145    .text               mc_w.l(llshl.o)
    0x080003ec   0x00000000   Code   RO         4149    .text               mc_w.l(iusefp.o)
    0x080003ec   0x0000006e   Code   RO         4150    .text               mf_w.l(fepilogue.o)
    0x0800045a   0x000000ba   Code   RO         4152    .text               mf_w.l(depilogue.o)
    0x08000514   0x00000024   Code   RO         4154    .text               mc_w.l(init.o)
    0x08000538   0x00000020   Code   RO         4156    .text               mc_w.l(llushr.o)
    0x08000558   0x000000d8   Code   RO          719    i.BLE_IRQPandler    bsp_bluetooth.o
    0x08000630   0x00000020   Code   RO          720    i.BLE_NVIC_Config   bsp_bluetooth.o
    0x08000650   0x00000024   Code   RO          371    i.Bsp_NVIC_Config   bsp_init.o
    0x08000674   0x00000004   Code   RO          881    i.BusFault_Handler  stm32f4xx_it.o
    0x08000678   0x00000002   Code   RO          520    i.CAN1_RX0_IRQPendle  bsp_can.o
    0x0800067a   0x00000008   Code   RO          882    i.CAN1_RX1_IRQHandler  stm32f4xx_it.o
    0x08000682   0x00000090   Code   RO         2866    i.GPIO_Init         stm32f4xx_gpio.o
    0x08000712   0x00000046   Code   RO         2867    i.GPIO_PinAFConfig  stm32f4xx_gpio.o
    0x08000758   0x00000008   Code   RO         2869    i.GPIO_ReadInputData  stm32f4xx_gpio.o
    0x08000760   0x0000000a   Code   RO         2878    i.GPIO_WriteBit     stm32f4xx_gpio.o
    0x0800076a   0x00000002   PAD
    0x0800076c   0x0000001c   Code   RO          642    i.Get_HallInputValue  bsp_halltim.o
    0x08000788   0x00000010   Code   RO          775    i.GrayCode2Decimal  bsp_commutation.o
    0x08000798   0x00000026   Code   RO          776    i.HallCode2Decimal  bsp_commutation.o
    0x080007be   0x00000002   PAD
    0x080007c0   0x000000d0   Code   RO          777    i.Hall_PrepareCommutation  bsp_commutation.o
    0x08000890   0x00000020   Code   RO          643    i.Hall_TIM_IRQPandler  bsp_halltim.o
    0x080008b0   0x00000020   Code   RO          644    i.Hall_TIM_NVIC_Config  bsp_halltim.o
    0x080008d0   0x00000108   Code   RO          645    i.Hall_TimerConfig  bsp_halltim.o
    0x080009d8   0x00000004   Code   RO          883    i.HardFault_Handler  stm32f4xx_it.o
    0x080009dc   0x00000010   Code   RO          430    i.Manual_COMevent   bsp_tim.o
    0x080009ec   0x00000004   Code   RO          884    i.MemManage_Handler  stm32f4xx_it.o
    0x080009f0   0x00000002   Code   RO          885    i.NMI_Handler       stm32f4xx_it.o
    0x080009f2   0x00000002   PAD
    0x080009f4   0x00000078   Code   RO         1882    i.NVIC_Init         misc.o
    0x08000a6c   0x00000014   Code   RO         1883    i.NVIC_PriorityGroupConfig  misc.o
    0x08000a80   0x00000020   Code   RO         2967    i.RCC_AHB1PeriphClockCmd  stm32f4xx_rcc.o
    0x08000aa0   0x00000020   Code   RO         2976    i.RCC_APB1PeriphClockCmd  stm32f4xx_rcc.o
    0x08000ac0   0x00000020   Code   RO         2978    i.RCC_APB1PeriphResetCmd  stm32f4xx_rcc.o
    0x08000ae0   0x00000020   Code   RO         2979    i.RCC_APB2PeriphClockCmd  stm32f4xx_rcc.o
    0x08000b00   0x00000020   Code   RO         2981    i.RCC_APB2PeriphResetCmd  stm32f4xx_rcc.o
    0x08000b20   0x000000e8   Code   RO         2988    i.RCC_GetClocksFreq  stm32f4xx_rcc.o
    0x08000c08   0x000000ec   Code   RO         4064    i.SetSysClock       system_stm32f4xx.o
    0x08000cf4   0x000000e0   Code   RO          778    i.Set_MotorSpeed    bsp_commutation.o
    0x08000dd4   0x00000030   Code   RO          374    i.StateLED_Init     bsp_init.o
    0x08000e04   0x00000034   Code   RO         1017    i.SysTick_Handler   port.o
    0x08000e38   0x00000068   Code   RO         4066    i.SystemInit        system_stm32f4xx.o
    0x08000ea0   0x0000003a   Code   RO         3299    i.TI1_Config        stm32f4xx_tim.o
    0x08000eda   0x00000050   Code   RO         3300    i.TI2_Config        stm32f4xx_tim.o
    0x08000f2a   0x00000048   Code   RO         3301    i.TI3_Config        stm32f4xx_tim.o
    0x08000f72   0x00000050   Code   RO         3302    i.TI4_Config        stm32f4xx_tim.o
    0x08000fc2   0x00000002   PAD
    0x08000fc4   0x00000080   Code   RO          431    i.TIM1_GPIO_Config  bsp_tim.o
    0x08001044   0x00000150   Code   RO          432    i.TIM1_PWM_Config   bsp_tim.o
    0x08001194   0x000000a8   Code   RO          433    i.TIM1_Set_PWMDuty  bsp_tim.o
    0x0800123c   0x00000058   Code   RO          434    i.TIM1_Set_PWMOutput_EnableState  bsp_tim.o
    0x08001294   0x00000060   Code   RO          435    i.TIM1_TRG_COM_IRQPandler  bsp_tim.o
    0x080012f4   0x00000020   Code   RO          436    i.TIM1_TRG_COM_NVIC_Config  bsp_tim.o
    0x08001314   0x00000008   Code   RO          886    i.TIM1_TRG_COM_TIM11_IRQHandler  stm32f4xx_it.o
    0x0800131c   0x00000008   Code   RO          887    i.TIM3_IRQHandler   stm32f4xx_it.o
    0x08001324   0x00000018   Code   RO         3303    i.TIM_ARRPreloadConfig  stm32f4xx_tim.o
    0x0800133c   0x00000020   Code   RO         3304    i.TIM_BDTRConfig    stm32f4xx_tim.o
    0x0800135c   0x00000018   Code   RO         3306    i.TIM_CCPreloadControl  stm32f4xx_tim.o
    0x08001374   0x0000001e   Code   RO         3307    i.TIM_CCxCmd        stm32f4xx_tim.o
    0x08001392   0x0000001e   Code   RO         3308    i.TIM_CCxNCmd       stm32f4xx_tim.o
    0x080013b0   0x00000006   Code   RO         3309    i.TIM_ClearFlag     stm32f4xx_tim.o
    0x080013b6   0x00000006   Code   RO         3310    i.TIM_ClearITPendingBit  stm32f4xx_tim.o
    0x080013bc   0x00000018   Code   RO         3315    i.TIM_Cmd           stm32f4xx_tim.o
    0x080013d4   0x0000001e   Code   RO         3317    i.TIM_CtrlPWMOutputs  stm32f4xx_tim.o
    0x080013f2   0x00000002   PAD
    0x080013f4   0x00000190   Code   RO         3320    i.TIM_DeInit        stm32f4xx_tim.o
    0x08001584   0x00000004   Code   RO         3329    i.TIM_GenerateEvent  stm32f4xx_tim.o
    0x08001588   0x00000022   Code   RO         3336    i.TIM_GetITStatus   stm32f4xx_tim.o
    0x080015aa   0x0000006e   Code   RO         3338    i.TIM_ICInit        stm32f4xx_tim.o
    0x08001618   0x00000012   Code   RO         3340    i.TIM_ITConfig      stm32f4xx_tim.o
    0x0800162a   0x00000002   PAD
    0x0800162c   0x0000007c   Code   RO         3344    i.TIM_OC1Init       stm32f4xx_tim.o
    0x080016a8   0x00000012   Code   RO         3347    i.TIM_OC1PreloadConfig  stm32f4xx_tim.o
    0x080016ba   0x00000002   PAD
    0x080016bc   0x000000a4   Code   RO         3349    i.TIM_OC2Init       stm32f4xx_tim.o
    0x08001760   0x0000001a   Code   RO         3352    i.TIM_OC2PreloadConfig  stm32f4xx_tim.o
    0x0800177a   0x00000002   PAD
    0x0800177c   0x000000a0   Code   RO         3354    i.TIM_OC3Init       stm32f4xx_tim.o
    0x0800181c   0x00000012   Code   RO         3357    i.TIM_OC3PreloadConfig  stm32f4xx_tim.o
    0x0800182e   0x00000002   PAD
    0x08001830   0x00000078   Code   RO         3359    i.TIM_OC4Init       stm32f4xx_tim.o
    0x080018a8   0x00000018   Code   RO         3367    i.TIM_SelectCOM     stm32f4xx_tim.o
    0x080018c0   0x00000018   Code   RO         3368    i.TIM_SelectHallSensor  stm32f4xx_tim.o
    0x080018d8   0x00000012   Code   RO         3369    i.TIM_SelectInputTrigger  stm32f4xx_tim.o
    0x080018ea   0x00000012   Code   RO         3370    i.TIM_SelectMasterSlaveMode  stm32f4xx_tim.o
    0x080018fc   0x00000012   Code   RO         3373    i.TIM_SelectOutputTrigger  stm32f4xx_tim.o
    0x0800190e   0x00000012   Code   RO         3374    i.TIM_SelectSlaveMode  stm32f4xx_tim.o
    0x08001920   0x00000004   Code   RO         3377    i.TIM_SetCompare1   stm32f4xx_tim.o
    0x08001924   0x00000004   Code   RO         3378    i.TIM_SetCompare2   stm32f4xx_tim.o
    0x08001928   0x00000004   Code   RO         3379    i.TIM_SetCompare3   stm32f4xx_tim.o
    0x0800192c   0x00000004   Code   RO         3380    i.TIM_SetCompare4   stm32f4xx_tim.o
    0x08001930   0x00000012   Code   RO         3382    i.TIM_SetIC1Prescaler  stm32f4xx_tim.o
    0x08001942   0x0000001a   Code   RO         3383    i.TIM_SetIC2Prescaler  stm32f4xx_tim.o
    0x0800195c   0x00000012   Code   RO         3384    i.TIM_SetIC3Prescaler  stm32f4xx_tim.o
    0x0800196e   0x0000001a   Code   RO         3385    i.TIM_SetIC4Prescaler  stm32f4xx_tim.o
    0x08001988   0x00000084   Code   RO         3387    i.TIM_TimeBaseInit  stm32f4xx_tim.o
    0x08001a0c   0x00000014   Code   RO          376    i.TurnStateLED      bsp_init.o
    0x08001a20   0x00000008   Code   RO          888    i.USART3_IRQHandler  stm32f4xx_it.o
    0x08001a28   0x00000012   Code   RO         3865    i.USART_ClearFlag   stm32f4xx_usart.o
    0x08001a3a   0x0000001a   Code   RO         3872    i.USART_GetFlagStatus  stm32f4xx_usart.o
    0x08001a54   0x0000000a   Code   RO         3883    i.USART_ReceiveData  stm32f4xx_usart.o
    0x08001a5e   0x00000004   Code   RO          889    i.UsageFault_Handler  stm32f4xx_it.o
    0x08001a62   0x0000000e   Code   RO         4160    i.__scatterload_copy  mc_w.l(handlers.o)
    0x08001a70   0x00000002   Code   RO         4161    i.__scatterload_null  mc_w.l(handlers.o)
    0x08001a72   0x0000000e   Code   RO         4162    i.__scatterload_zeroinit  mc_w.l(handlers.o)
    0x08001a80   0x00000084   Code   RO          854    i.main              main.o
    0x08001b04   0x00000034   Code   RO         1290    i.prvResetNextTaskUnblockTime  tasks.o
    0x08001b38   0x00000028   Code   RO          959    i.uxListRemove      list.o
    0x08001b60   0x00000016   Code   RO         1836    i.vApplicationStackOverflowHook  os_free_task.o
    0x08001b76   0x00000002   Code   RO         1837    i.vApplicationTickHook  os_free_task.o
    0x08001b78   0x00000018   Code   RO          963    i.vListInsertEnd    list.o
    0x08001b90   0x000000c8   Code   RO         1314    i.vTaskSwitchContext  tasks.o
    0x08001c58   0x00000158   Code   RO         1321    i.xTaskIncrementTick  tasks.o
    0x08001db0   0x00000030   Data   RO          779    .constdata          bsp_commutation.o
    0x08001de0   0x00000014   Data   RO         1331    .constdata          tasks.o
    0x08001df4   0x00000020   Data   RO         4158    Region$$Table       anon$$obj.o


    Execution Region RW_IRAM1 (Base: 0x20000000, Size: 0x00000a38, Max: 0x00020000, ABSOLUTE)

    Base Addr    Size         Type   Attr      Idx    E Section Name        Object

    0x20000000   0x00000008   Data   RW          438    .data               bsp_tim.o
    0x20000008   0x00000008   Data   RW          725    .data               bsp_bluetooth.o
    0x20000010   0x00000010   Data   RW          780    .data               bsp_commutation.o
    0x20000020   0x00000004   Data   RW          855    .data               main.o
    0x20000024   0x00000038   Data   RW         1332    .data               tasks.o
    0x2000005c   0x00000010   Data   RW         3019    .data               stm32f4xx_rcc.o
    0x2000006c   0x00000014   Data   RW         4067    .data               system_stm32f4xx.o
    0x20000080   0x0000000a   Zero   RW          437    .bss                bsp_tim.o
    0x2000008a   0x00000002   PAD
    0x2000008c   0x00000408   Zero   RW          724    .bss                bsp_bluetooth.o
    0x20000494   0x000001a4   Zero   RW         1330    .bss                tasks.o
    0x20000638   0x00000400   Zero   RW         4054    STACK               startup_stm32f40_41xxx.o


==============================================================================

Image component sizes


      Code (inc. data)   RO Data    RW Data    ZI Data      Debug   Object Name

         0          0          0          0          0     305036   app.o
       248         24          0          8       1032       3744   bsp_bluetooth.o
         2          0          0          0          0        473   bsp_can.o
       486         46         48         16          0       3663   bsp_commutation.o
       356         20          0          0          0       2557   bsp_halltim.o
       104         10          0          0          0       1613   bsp_init.o
       864         66          0          8         10       5332   bsp_tim.o
        64          0          0          0          0       1572   list.o
       132         16          0          4          0        844   main.o
       140         24          0          0          0       1799   misc.o
        24          0          0          0          0       1143   os_free_task.o
       238         22          0          0          0       8710   port.o
        36          8        392          0       1024        880   startup_stm32f40_41xxx.o
       232          0          0          0          0       3292   stm32f4xx_gpio.o
        50          0          0          0          0       4478   stm32f4xx_it.o
       392         48          0         16          0       6321   stm32f4xx_rcc.o
      2048        120          0          0          0      28084   stm32f4xx_tim.o
        54          0          0          0          0       2740   stm32f4xx_usart.o
       340         32          0         20          0       2021   system_stm32f4xx.o
       596         78         20         56        420       5781   tasks.o
         0          0          0          0          0       4696   timers.o

    ----------------------------------------------------------------------
      6426        514        492        128       2488     394779   Object Totals
         0          0         32          0          0          0   (incl. Generated)
        20          0          0          0          2          0   (incl. Padding)

    ----------------------------------------------------------------------

      Code (inc. data)   RO Data    RW Data    ZI Data      Debug   Library Member Name

         0          0          0          0          0          0   entry.o
         0          0          0          0          0          0   entry10a.o
         0          0          0          0          0          0   entry11a.o
         8          4          0          0          0          0   entry2.o
         4          0          0          0          0          0   entry5.o
         0          0          0          0          0          0   entry7b.o
         0          0          0          0          0          0   entry8b.o
         8          4          0          0          0          0   entry9a.o
        30          0          0          0          0          0   handlers.o
        36          8          0          0          0         68   init.o
         0          0          0          0          0          0   iusefp.o
        30          0          0          0          0         68   llshl.o
        32          0          0          0          0         68   llushr.o
        26          0          0          0          0         80   memcmp.o
        56          0          0          0          0         88   d2f.o
       222          0          0          0          0        100   ddiv.o
       186          0          0          0          0        176   depilogue.o
        34          0          0          0          0         76   dflti.o
       110          0          0          0          0        168   fepilogue.o

    ----------------------------------------------------------------------
       782         16          0          0          0        892   Library Totals
         0          0          0          0          0          0   (incl. Padding)

    ----------------------------------------------------------------------

      Code (inc. data)   RO Data    RW Data    ZI Data      Debug   Library Name

       174         16          0          0          0        284   mc_w.l
       608          0          0          0          0        608   mf_w.l

    ----------------------------------------------------------------------
       782         16          0          0          0        892   Library Totals

    ----------------------------------------------------------------------

==============================================================================


      Code (inc. data)   RO Data    RW Data    ZI Data      Debug   

      7208        530        492        128       2488     386311   Grand Totals
      7208        530        492        128       2488     386311   ELF Image Totals
      7208        530        492        128          0          0   ROM Totals

==============================================================================

    Total RO  Size (Code + RO Data)                 7700 (   7.52kB)
    Total RW  Size (RW Data + ZI Data)              2616 (   2.55kB)
    Total ROM Size (Code + RO Data + RW Data)       7828 (   7.64kB)

==============================================================================

