Component: ARM Compiler 5.05 update 1 (build 106) Tool: armlink [4d0efa]

==============================================================================

Section Cross References

    app.o(i.Start_Task) refers to port.o(i.vPortEnterCritical) for vPortEnterCritical
    app.o(i.Start_Task) refers to bsp_init.o(i.Bsp_Init) for Bsp_Init
    app.o(i.Start_Task) refers to maintask.o(i.Main_Task_Create) for Main_Task_Create
    app.o(i.Start_Task) refers to control_task.o(i.Control_Task_Create) for Control_Task_Create
    app.o(i.Start_Task) refers to usart_task.o(i.USART_Task_Create) for USART_Task_Create
    app.o(i.Start_Task) refers to encodertask.o(i.Encoder_Task_Create) for Encoder_Task_Create
    app.o(i.Start_Task) refers to port.o(i.vPortExitCritical) for vPortExitCritical
    app.o(i.Start_Task) refers to tasks.o(i.vTaskDelete) for vTaskDelete
    app.o(i.Start_Task_Create) refers to tasks.o(i.xTaskGenericCreate) for xTaskGenericCreate
    app.o(i.Start_Task_Create) refers to app.o(i.Start_Task) for Start_Task
    maintask.o(i.Main_Task) refers to tasks.o(i.vTaskDelay) for vTaskDelay
    maintask.o(i.Main_Task) refers to bsp_adc.o(i.Get_Current_ADC_Value) for Get_Current_ADC_Value
    maintask.o(i.Main_Task) refers to bsp_bluetooth.o(i.Send_Data) for Send_Data
    maintask.o(i.Main_Task) refers to bsp_bluetooth.o(.bss) for ComData
    maintask.o(i.Main_Task) refers to control_task.o(.data) for Iface_MyMotor
    maintask.o(i.Main_Task) refers to control_task.o(.bss) for PID_Loction
    maintask.o(i.Main_Task_Create) refers to tasks.o(i.xTaskGenericCreate) for xTaskGenericCreate
    maintask.o(i.Main_Task_Create) refers to maintask.o(i.Main_Task) for Main_Task
    control_task.o(i.Control_Task) refers to sal_pid.o(i.Set_PID_Param) for Set_PID_Param
    control_task.o(i.Control_Task) refers to sal_kalmanfilter.o(i.KF_Simple_Init) for KF_Simple_Init
    control_task.o(i.Control_Task) refers to tasks.o(i.vTaskDelay) for vTaskDelay
    control_task.o(i.Control_Task) refers to encodertask.o(i.Get_Encoder_Lenth) for Get_Encoder_Lenth
    control_task.o(i.Control_Task) refers to sal_pid.o(i.PID_Cal) for PID_Cal
    control_task.o(i.Control_Task) refers to d2f.o(.text) for __aeabi_d2f
    control_task.o(i.Control_Task) refers to encodertask.o(i.Get_Encoder_Speed) for Get_Encoder_Speed
    control_task.o(i.Control_Task) refers to f2d.o(.text) for __aeabi_f2d
    control_task.o(i.Control_Task) refers to dadd.o(.text) for __aeabi_dadd
    control_task.o(i.Control_Task) refers to bsp_commutation.o(i.Set_MotorSpeed) for Set_MotorSpeed
    control_task.o(i.Control_Task) refers to bsp_bluetooth.o(i.Send_Data) for Send_Data
    control_task.o(i.Control_Task) refers to control_task.o(.bss) for PID_Loction
    control_task.o(i.Control_Task) refers to control_task.o(.data) for jj
    control_task.o(i.Control_Task_Create) refers to tasks.o(i.xTaskGenericCreate) for xTaskGenericCreate
    control_task.o(i.Control_Task_Create) refers to control_task.o(i.Control_Task) for Control_Task
    usart_task.o(i.USART_Task) refers to tasks.o(i.vTaskDelay) for vTaskDelay
    usart_task.o(i.USART_Task) refers to bsp_bluetooth.o(i.Send_Array) for Send_Array
    usart_task.o(i.USART_Task) refers to bsp_bluetooth.o(.bss) for BLE_USART_QUEUE
    usart_task.o(i.USART_Task_Create) refers to tasks.o(i.xTaskGenericCreate) for xTaskGenericCreate
    usart_task.o(i.USART_Task_Create) refers to usart_task.o(i.USART_Task) for USART_Task
    encodertask.o(i.Encoder_Task) refers to tasks.o(i.vTaskDelay) for vTaskDelay
    encodertask.o(i.Encoder_Task) refers to bsp_encoder.o(i.Get_Encoder_Value) for Get_Encoder_Value
    encodertask.o(i.Encoder_Task) refers to dflti.o(.text) for __aeabi_i2d
    encodertask.o(i.Encoder_Task) refers to dmul.o(.text) for __aeabi_dmul
    encodertask.o(i.Encoder_Task) refers to ddiv.o(.text) for __aeabi_ddiv
    encodertask.o(i.Encoder_Task) refers to d2f.o(.text) for __aeabi_d2f
    encodertask.o(i.Encoder_Task) refers to encodertask.o(.data) for Encoder_Lenth
    encodertask.o(i.Encoder_Task_Create) refers to tasks.o(i.xTaskGenericCreate) for xTaskGenericCreate
    encodertask.o(i.Encoder_Task_Create) refers to encodertask.o(i.Encoder_Task) for Encoder_Task
    encodertask.o(i.Get_Encoder_Lenth) refers to encodertask.o(.data) for Encoder_Lenth
    encodertask.o(i.Get_Encoder_Speed) refers to encodertask.o(.data) for Encoder_Speed
    encodertask.o(i.Set_Encoder_Lenth) refers to encodertask.o(.data) for Encoder_Lenth
    bsp_init.o(i.Bsp_Init) refers to bsp_init.o(i.Bsp_NVIC_Config) for Bsp_NVIC_Config
    bsp_init.o(i.Bsp_Init) refers to bsp_tim.o(i.TIM1_PWM_Config) for TIM1_PWM_Config
    bsp_init.o(i.Bsp_Init) refers to bsp_bluetooth.o(i.BlueToothInit) for BlueToothInit
    bsp_init.o(i.Bsp_Init) refers to bsp_encoder.o(i.Bsp_Encoder_Config) for Bsp_Encoder_Config
    bsp_init.o(i.Bsp_Init) refers to bsp_commutation.o(i.Hall_PrepareCommutation) for Hall_PrepareCommutation
[...]
    Removing stm32f4xx_gpio.o(i.GPIO_DeInit), (312 bytes).
    Removing stm32f4xx_gpio.o(i.GPIO_PinLockConfig), (34 bytes).
    Removing stm32f4xx_gpio.o(i.GPIO_ReadInputDataBit), (18 bytes).
    Removing stm32f4xx_gpio.o(i.GPIO_ReadOutputData), (8 bytes).
    Removing stm32f4xx_gpio.o(i.GPIO_ReadOutputDataBit), (18 bytes).
    Removing stm32f4xx_gpio.o(i.GPIO_ResetBits), (4 bytes).
    Removing stm32f4xx_gpio.o(i.GPIO_SetBits), (4 bytes).
    Removing stm32f4xx_gpio.o(i.GPIO_StructInit), (18 bytes).
    Removing stm32f4xx_gpio.o(i.GPIO_ToggleBits), (8 bytes).
    Removing stm32f4xx_gpio.o(i.GPIO_Write), (4 bytes).
    Removing stm32f4xx_gpio.o(i.GPIO_WriteBit), (10 bytes).
    Removing stm32f4xx_rcc.o(.rev16_text), (4 bytes).
    Removing stm32f4xx_rcc.o(.revsh_text), (4 bytes).
    Removing stm32f4xx_rcc.o(.rrx_text), (6 bytes).
    Removing stm32f4xx_rcc.o(i.RCC_AHB1PeriphClockLPModeCmd), (32 bytes).
    Removing stm32f4xx_rcc.o(i.RCC_AHB1PeriphResetCmd), (32 bytes).
    Removing stm32f4xx_rcc.o(i.RCC_AHB2PeriphClockCmd), (32 bytes).
    Removing stm32f4xx_rcc.o(i.RCC_AHB2PeriphClockLPModeCmd), (32 bytes).
    Removing stm32f4xx_rcc.o(i.RCC_AHB2PeriphResetCmd), (32 bytes).
    Removing stm32f4xx_rcc.o(i.RCC_AHB3PeriphClockCmd), (32 bytes).
    Removing stm32f4xx_rcc.o(i.RCC_AHB3PeriphClockLPModeCmd), (32 bytes).
    Removing stm32f4xx_rcc.o(i.RCC_AHB3PeriphResetCmd), (32 bytes).
    Removing stm32f4xx_rcc.o(i.RCC_APB1PeriphClockLPModeCmd), (32 bytes).
    Removing stm32f4xx_rcc.o(i.RCC_APB2PeriphClockLPModeCmd), (32 bytes).
    Removing stm32f4xx_rcc.o(i.RCC_AdjustHSICalibrationValue), (24 bytes).
    Removing stm32f4xx_rcc.o(i.RCC_BackupResetCmd), (12 bytes).
    Removing stm32f4xx_rcc.o(i.RCC_ClearFlag), (20 bytes).
    Removing stm32f4xx_rcc.o(i.RCC_ClearITPendingBit), (12 bytes).
    Removing stm32f4xx_rcc.o(i.RCC_ClockSecuritySystemCmd), (12 bytes).
    Removing stm32f4xx_rcc.o(i.RCC_DeInit), (100 bytes).
    Removing stm32f4xx_rcc.o(i.RCC_GetFlagStatus), (64 bytes).
    Removing stm32f4xx_rcc.o(i.RCC_GetITStatus), (24 bytes).
    Removing stm32f4xx_rcc.o(i.RCC_GetSYSCLKSource), (16 bytes).
    Removing stm32f4xx_rcc.o(i.RCC_HCLKConfig), (24 bytes).
    Removing stm32f4xx_rcc.o(i.RCC_HSEConfig), (16 bytes).
    Removing stm32f4xx_rcc.o(i.RCC_HSICmd), (12 bytes).
    Removing stm32f4xx_rcc.o(i.RCC_I2SCLKConfig), (12 bytes).
    Removing stm32f4xx_rcc.o(i.RCC_ITConfig), (32 bytes).
    Removing stm32f4xx_rcc.o(i.RCC_LSEConfig), (44 bytes).
    Removing stm32f4xx_rcc.o(i.RCC_LSICmd), (12 bytes).
    Removing stm32f4xx_rcc.o(i.RCC_LTDCCLKDivConfig), (24 bytes).
    Removing stm32f4xx_rcc.o(i.RCC_MCO1Config), (28 bytes).
    Removing stm32f4xx_rcc.o(i.RCC_MCO2Config), (28 bytes).
    Removing stm32f4xx_rcc.o(i.RCC_PCLK1Config), (24 bytes).
    Removing stm32f4xx_rcc.o(i.RCC_PCLK2Config), (24 bytes).
    Removing stm32f4xx_rcc.o(i.RCC_PLLCmd), (12 bytes).
    Removing stm32f4xx_rcc.o(i.RCC_PLLConfig), (36 bytes).
    Removing stm32f4xx_rcc.o(i.RCC_PLLI2SCmd), (12 bytes).
    Removing stm32f4xx_rcc.o(i.RCC_PLLI2SConfig), (16 bytes).
    Removing stm32f4xx_rcc.o(i.RCC_PLLSAICmd), (12 bytes).
    Removing stm32f4xx_rcc.o(i.RCC_PLLSAIConfig), (24 bytes).
    Removing stm32f4xx_rcc.o(i.RCC_RTCCLKCmd), (12 bytes).
    Removing stm32f4xx_rcc.o(i.RCC_RTCCLKConfig), (60 bytes).
    Removing stm32f4xx_rcc.o(i.RCC_SAIBlockACLKConfig), (24 bytes).
    Removing stm32f4xx_rcc.o(i.RCC_SAIBlockBCLKConfig), (24 bytes).
    Removing stm32f4xx_rcc.o(i.RCC_SAIPLLI2SClkDivConfig), (28 bytes).
    Removing stm32f4xx_rcc.o(i.RCC_SAIPLLSAIClkDivConfig), (28 bytes).
    Removing stm32f4xx_rcc.o(i.RCC_SYSCLKConfig), (24 bytes).
    Removing stm32f4xx_rcc.o(i.RCC_TIMCLKPresConfig), (12 bytes).
    Removing stm32f4xx_rcc.o(i.RCC_WaitForHSEStartUp), (56 bytes).
    Removing stm32f4xx_tim.o(.rev16_text), (4 bytes).
    Removing stm32f4xx_tim.o(.revsh_text), (4 bytes).
    Removing stm32f4xx_tim.o(.rrx_text), (6 bytes).
    Removing stm32f4xx_tim.o(i.TIM_BDTRStructInit), (18 bytes).
    Removing stm32f4xx_tim.o(i.TIM_ClearOC1Ref), (18 bytes).
    Removing stm32f4xx_tim.o(i.TIM_ClearOC2Ref), (24 bytes).
    Removing stm32f4xx_tim.o(i.TIM_ClearOC3Ref), (18 bytes).
    Removing stm32f4xx_tim.o(i.TIM_ClearOC4Ref), (24 bytes).
    Removing stm32f4xx_tim.o(i.TIM_CounterModeConfig), (18 bytes).
    Removing stm32f4xx_tim.o(i.TIM_DMACmd), (18 bytes).
    Removing stm32f4xx_tim.o(i.TIM_DMAConfig), (10 bytes).
    Removing stm32f4xx_tim.o(i.TIM_ETRClockMode1Config), (54 bytes).
    Removing stm32f4xx_tim.o(i.TIM_ETRClockMode2Config), (32 bytes).
    Removing stm32f4xx_tim.o(i.TIM_ETRConfig), (28 bytes).
    Removing stm32f4xx_tim.o(i.TIM_ForcedOC1Config), (18 bytes).
    Removing stm32f4xx_tim.o(i.TIM_ForcedOC2Config), (26 bytes).
    Removing stm32f4xx_tim.o(i.TIM_ForcedOC3Config), (18 bytes).
    Removing stm32f4xx_tim.o(i.TIM_ForcedOC4Config), (26 bytes).
    Removing stm32f4xx_tim.o(i.TIM_GetCapture1), (6 bytes).
    Removing stm32f4xx_tim.o(i.TIM_GetCapture2), (6 bytes).
    Removing stm32f4xx_tim.o(i.TIM_GetCapture3), (6 bytes).
    Removing stm32f4xx_tim.o(i.TIM_GetCapture4), (6 bytes).
    Removing stm32f4xx_tim.o(i.TIM_GetCounter), (6 bytes).
    Removing stm32f4xx_tim.o(i.TIM_GetFlagStatus), (18 bytes).
    Removing stm32f4xx_tim.o(i.TIM_GetPrescaler), (6 bytes).
    Removing stm32f4xx_tim.o(i.TIM_ICStructInit), (18 bytes).
    Removing stm32f4xx_tim.o(i.TIM_ITRxExternalClockConfig), (24 bytes).
    Removing stm32f4xx_tim.o(i.TIM_InternalClockConfig), (12 bytes).
    Removing stm32f4xx_tim.o(i.TIM_OC1FastConfig), (18 bytes).
    Removing stm32f4xx_tim.o(i.TIM_OC1NPolarityConfig), (18 bytes).
    Removing stm32f4xx_tim.o(i.TIM_OC1PolarityConfig), (18 bytes).
    Removing stm32f4xx_tim.o(i.TIM_OC2FastConfig), (26 bytes).
    Removing stm32f4xx_tim.o(i.TIM_OC2NPolarityConfig), (26 bytes).
    Removing stm32f4xx_tim.o(i.TIM_OC2PolarityConfig), (26 bytes).
    Removing stm32f4xx_tim.o(i.TIM_OC3FastConfig), (18 bytes).
    Removing stm32f4xx_tim.o(i.TIM_OC3NPolarityConfig), (26 bytes).
    Removing stm32f4xx_tim.o(i.TIM_OC3PolarityConfig), (26 bytes).
    Removing stm32f4xx_tim.o(i.TIM_OC4FastConfig), (26 bytes).
    Removing stm32f4xx_tim.o(i.TIM_OC4PolarityConfig), (26 bytes).
    Removing stm32f4xx_tim.o(i.TIM_OC4PreloadConfig), (26 bytes).
    Removing stm32f4xx_tim.o(i.TIM_OCStructInit), (20 bytes).
    Removing stm32f4xx_tim.o(i.TIM_PWMIConfig), (124 bytes).
    Removing stm32f4xx_tim.o(i.TIM_PrescalerConfig), (6 bytes).
    Removing stm32f4xx_tim.o(i.TIM_RemapConfig), (6 bytes).
    Removing stm32f4xx_tim.o(i.TIM_SelectCCDMA), (24 bytes).
    Removing stm32f4xx_tim.o(i.TIM_SelectOCxM), (86 bytes).
    Removing stm32f4xx_tim.o(i.TIM_SelectOnePulseMode), (18 bytes).
    Removing stm32f4xx_tim.o(i.TIM_SetAutoreload), (4 bytes).
    Removing stm32f4xx_tim.o(i.TIM_SetClockDivision), (18 bytes).
    Removing stm32f4xx_tim.o(i.TIM_SetCounter), (4 bytes).
    Removing stm32f4xx_tim.o(i.TIM_TIxExternalClockConfig), (62 bytes).
    Removing stm32f4xx_tim.o(i.TIM_TimeBaseStructInit), (18 bytes).
    Removing stm32f4xx_tim.o(i.TIM_UpdateDisableConfig), (24 bytes).
    Removing stm32f4xx_tim.o(i.TIM_UpdateRequestConfig), (24 bytes).
    Removing stm32f4xx_usart.o(.rev16_text), (4 bytes).
    Removing stm32f4xx_usart.o(.revsh_text), (4 bytes).
    Removing stm32f4xx_usart.o(.rrx_text), (6 bytes).
    Removing stm32f4xx_usart.o(i.USART_ClearITPendingBit), (30 bytes).
    Removing stm32f4xx_usart.o(i.USART_ClockInit), (32 bytes).
    Removing stm32f4xx_usart.o(i.USART_ClockStructInit), (12 bytes).
    Removing stm32f4xx_usart.o(i.USART_DMACmd), (18 bytes).
    Removing stm32f4xx_usart.o(i.USART_DeInit), (240 bytes).
    Removing stm32f4xx_usart.o(i.USART_GetITStatus), (84 bytes).
    Removing stm32f4xx_usart.o(i.USART_HalfDuplexCmd), (24 bytes).
    Removing stm32f4xx_usart.o(i.USART_IrDACmd), (24 bytes).
    Removing stm32f4xx_usart.o(i.USART_IrDAConfig), (18 bytes).
    Removing stm32f4xx_usart.o(i.USART_LINBreakDetectLengthConfig), (18 bytes).
    Removing stm32f4xx_usart.o(i.USART_LINCmd), (24 bytes).
    Removing stm32f4xx_usart.o(i.USART_OneBitMethodCmd), (24 bytes).
    Removing stm32f4xx_usart.o(i.USART_OverSampling8Cmd), (22 bytes).
    Removing stm32f4xx_usart.o(i.USART_ReceiverWakeUpCmd), (24 bytes).
    Removing stm32f4xx_usart.o(i.USART_SendBreak), (10 bytes).
    Removing stm32f4xx_usart.o(i.USART_SetAddress), (18 bytes).
    Removing stm32f4xx_usart.o(i.USART_SetGuardTime), (16 bytes).
    Removing stm32f4xx_usart.o(i.USART_SetPrescaler), (16 bytes).
    Removing stm32f4xx_usart.o(i.USART_SmartCardCmd), (24 bytes).
    Removing stm32f4xx_usart.o(i.USART_SmartCardNACKCmd), (24 bytes).
    Removing stm32f4xx_usart.o(i.USART_StructInit), (24 bytes).
    Removing stm32f4xx_usart.o(i.USART_WakeUpConfig), (18 bytes).
    Removing startup_stm32f40_41xxx.o(HEAP), (512 bytes).
    Removing system_stm32f4xx.o(.rev16_text), (4 bytes).
    Removing system_stm32f4xx.o(.revsh_text), (4 bytes).
    Removing system_stm32f4xx.o(.rrx_text), (6 bytes).
    Removing system_stm32f4xx.o(i.SystemCoreClockUpdate), (192 bytes).
    Removing dadd.o(.text), (334 bytes).
    Removing dmul.o(.text), (228 bytes).
    Removing f2d.o(.text), (38 bytes).
    Removing cdcmple.o(.text), (48 bytes).
    Removing cdrcmple.o(.text), (48 bytes).

524 unused section(s) (total 99416 bytes) removed from the image.

==============================================================================

Image Symbol Table

    Local Symbols

    Symbol Name                              Value     Ov Type        Size  Object(Section)

    ../clib/microlib/init/entry.s            0x00000000   Number         0  entry8b.o ABSOLUTE
    ../clib/microlib/init/entry.s            0x00000000   Number         0  entry10b.o ABSOLUTE
    ../clib/microlib/init/entry.s            0x00000000   Number         0  entry7b.o ABSOLUTE
    ../clib/microlib/init/entry.s            0x00000000   Number         0  entry9a.o ABSOLUTE
    ../clib/microlib/init/entry.s            0x00000000   Number         0  entry7a.o ABSOLUTE
    ../clib/microlib/init/entry.s            0x00000000   Number         0  entry9b.o ABSOLUTE
    ../clib/microlib/init/entry.s            0x00000000   Number         0  entry2.o ABSOLUTE
    ../clib/microlib/init/entry.s            0x00000000   Number         0  entry10a.o ABSOLUTE
    ../clib/microlib/init/entry.s            0x00000000   Number         0  entry5.o ABSOLUTE
    ../clib/microlib/init/entry.s            0x00000000   Number         0  entry11a.o ABSOLUTE
    ../clib/microlib/init/entry.s            0x00000000   Number         0  entry.o ABSOLUTE
    ../clib/microlib/init/entry.s            0x00000000   Number         0  entry11b.o ABSOLUTE
    ../clib/microlib/init/entry.s            0x00000000   Number         0  entry8a.o ABSOLUTE
    ../clib/microlib/longlong.c              0x00000000   Number         0  llsshr.o ABSOLUTE
    ../clib/microlib/longlong.c              0x00000000   Number         0  llshl.o ABSOLUTE
    ../clib/microlib/longlong.c              0x00000000   Number         0  llushr.o ABSOLUTE
    ../clib/microlib/string/memcmp.c         0x00000000   Number         0  memcmp.o ABSOLUTE
    ../clib/microlib/string/memcpy.c         0x00000000   Number         0  memcpyb.o ABSOLUTE
    ../clib/microlib/string/memcpy.c         0x00000000   Number         0  memcpya.o ABSOLUTE
    ../clib/microlib/string/memset.c         0x00000000   Number         0  memseta.o ABSOLUTE
    ../clib/microlib/stubs.s                 0x00000000   Number         0  iusefp.o ABSOLUTE
    ../fplib/microlib/d2f.c                  0x00000000   Number         0  d2f.o ABSOLUTE
    ../fplib/microlib/f2d.c                  0x00000000   Number         0  f2d.o ABSOLUTE
    ../fplib/microlib/fpadd.c                0x00000000   Number         0  dadd.o ABSOLUTE
    ../fplib/microlib/fpdiv.c                0x00000000   Number         0  ddiv.o ABSOLUTE
    ../fplib/microlib/fpepilogue.c           0x00000000   Number         0  depilogue.o ABSOLUTE
    ../fplib/microlib/fpepilogue.c           0x00000000   Number         0  fepilogue.o ABSOLUTE
    ../fplib/microlib/fpflt.c                0x00000000   Number         0  dflti.o ABSOLUTE
    ../fplib/microlib/fpmul.c                0x00000000   Number         0  dmul.o ABSOLUTE
    ..\APP\app.c                             0x00000000   Number         0  app.o ABSOLUTE
    ..\App\Control_Task.c                    0x00000000   Number         0  control_task.o ABSOLUTE
    ..\App\EncoderTask.c                     0x00000000   Number         0  encodertask.o ABSOLUTE
    ..\App\MainTask.c                        0x00000000   Number         0  maintask.o ABSOLUTE
    ..\App\USART_Task.c                      0x00000000   Number         0  usart_task.o ABSOLUTE
    ..\BSP\bsp_Init.c                        0x00000000   Number         0  bsp_init.o ABSOLUTE
    ..\Bsp\bsp_ADC.c                         0x00000000   Number         0  bsp_adc.o ABSOLUTE
    ..\Bsp\bsp_Bluetooth.c                   0x00000000   Number         0  bsp_bluetooth.o ABSOLUTE
    ..\Bsp\bsp_CAN.c                         0x00000000   Number         0  bsp_can.o ABSOLUTE
    ..\Bsp\bsp_Commutation.c                 0x00000000   Number         0  bsp_commutation.o ABSOLUTE
    ..\Bsp\bsp_Encoder.c                     0x00000000   Number         0  bsp_encoder.o ABSOLUTE
    ..\Bsp\bsp_HallTIM.c                     0x00000000   Number         0  bsp_halltim.o ABSOLUTE
    ..\Bsp\bsp_TIM.c                         0x00000000   Number         0  bsp_tim.o ABSOLUTE
    ..\FreeRTOS\os_free_task.c               0x00000000   Number         0  os_free_task.o ABSOLUTE
    ..\FreeRTOS\src\event_groups.c           0x00000000   Number         0  event_groups.o ABSOLUTE
    ..\FreeRTOS\src\heap_4.c                 0x00000000   Number         0  heap_4.o ABSOLUTE
    ..\FreeRTOS\src\list.c                   0x00000000   Number         0  list.o ABSOLUTE
    ..\FreeRTOS\src\port.c                   0x00000000   Number         0  port.o ABSOLUTE
    ..\FreeRTOS\src\queue.c                  0x00000000   Number         0  queue.o ABSOLUTE
    ..\FreeRTOS\src\tasks.c                  0x00000000   Number         0  tasks.o ABSOLUTE
    ..\FreeRTOS\src\timers.c                 0x00000000   Number         0  timers.o ABSOLUTE
    ..\Sal\sal_KalmanFilter.c                0x00000000   Number         0  sal_kalmanfilter.o ABSOLUTE
    ..\Sal\sal_PID.c                         0x00000000   Number         0  sal_pid.o ABSOLUTE
    ..\USER\main.c                           0x00000000   Number         0  main.o ABSOLUTE
    ..\User\stm32f4xx_it.c                   0x00000000   Number         0  stm32f4xx_it.o ABSOLUTE
    ..\\APP\\app.c                           0x00000000   Number         0  app.o ABSOLUTE
    ..\\App\\Control_Task.c                  0x00000000   Number         0  control_task.o ABSOLUTE
    ..\\App\\EncoderTask.c                   0x00000000   Number         0  encodertask.o ABSOLUTE
    ..\\App\\MainTask.c                      0x00000000   Number         0  maintask.o ABSOLUTE
    ..\\App\\USART_Task.c                    0x00000000   Number         0  usart_task.o ABSOLUTE
    ..\\BSP\\bsp_Init.c                      0x00000000   Number         0  bsp_init.o ABSOLUTE
    ..\\Bsp\\bsp_ADC.c                       0x00000000   Number         0  bsp_adc.o ABSOLUTE
    ..\\Bsp\\bsp_Bluetooth.c                 0x00000000   Number         0  bsp_bluetooth.o ABSOLUTE
    ..\\Bsp\\bsp_CAN.c                       0x00000000   Number         0  bsp_can.o ABSOLUTE
    ..\\Bsp\\bsp_Commutation.c               0x00000000   Number         0  bsp_commutation.o ABSOLUTE
    ..\\Bsp\\bsp_Encoder.c                   0x00000000   Number         0  bsp_encoder.o ABSOLUTE
    ..\\Bsp\\bsp_HallTIM.c                   0x00000000   Number         0  bsp_halltim.o ABSOLUTE
    ..\\Bsp\\bsp_TIM.c                       0x00000000   Number         0  bsp_tim.o ABSOLUTE
    ..\\FreeRTOS\\os_free_task.c             0x00000000   Number         0  os_free_task.o ABSOLUTE
    ..\\FreeRTOS\\src\\event_groups.c        0x00000000   Number         0  event_groups.o ABSOLUTE
    ..\\FreeRTOS\\src\\heap_4.c              0x00000000   Number         0  heap_4.o ABSOLUTE
    ..\\FreeRTOS\\src\\list.c                0x00000000   Number         0  list.o ABSOLUTE
    ..\\FreeRTOS\\src\\port.c                0x00000000   Number         0  port.o ABSOLUTE
    ..\\FreeRTOS\\src\\queue.c               0x00000000   Number         0  queue.o ABSOLUTE
    ..\\FreeRTOS\\src\\tasks.c               0x00000000   Number         0  tasks.o ABSOLUTE
    ..\\FreeRTOS\\src\\timers.c              0x00000000   Number         0  timers.o ABSOLUTE
    ..\\USER\\main.c                         0x00000000   Number         0  main.o ABSOLUTE
    ..\\User\\stm32f4xx_it.c                 0x00000000   Number         0  stm32f4xx_it.o ABSOLUTE
    C:\Keil\MDK\ARM\PACK\Keil\STM32F4xx_DFP\1.0.8\Device\StdPeriph_Driver\src\misc.c 0x00000000   Number         0  misc.o ABSOLUTE
    C:\Keil\MDK\ARM\PACK\Keil\STM32F4xx_DFP\1.0.8\Device\StdPeriph_Driver\src\stm32f4xx_adc.c 0x00000000   Number         0  stm32f4xx_adc.o ABSOLUTE
    C:\Keil\MDK\ARM\PACK\Keil\STM32F4xx_DFP\1.0.8\Device\StdPeriph_Driver\src\stm32f4xx_can.c 0x00000000   Number         0  stm32f4xx_can.o ABSOLUTE
    C:\Keil\MDK\ARM\PACK\Keil\STM32F4xx_DFP\1.0.8\Device\StdPeriph_Driver\src\stm32f4xx_dma.c 0x00000000   Number         0  stm32f4xx_dma.o ABSOLUTE
    C:\Keil\MDK\ARM\PACK\Keil\STM32F4xx_DFP\1.0.8\Device\StdPeriph_Driver\src\stm32f4xx_flash.c 0x00000000   Number         0  stm32f4xx_flash.o ABSOLUTE
    C:\Keil\MDK\ARM\PACK\Keil\STM32F4xx_DFP\1.0.8\Device\StdPeriph_Driver\src\stm32f4xx_fsmc.c 0x00000000   Number         0  stm32f4xx_fsmc.o ABSOLUTE
    C:\Keil\MDK\ARM\PACK\Keil\STM32F4xx_DFP\1.0.8\Device\StdPeriph_Driver\src\stm32f4xx_gpio.c 0x00000000   Number         0  stm32f4xx_gpio.o ABSOLUTE
    C:\Keil\MDK\ARM\PACK\Keil\STM32F4xx_DFP\1.0.8\Device\StdPeriph_Driver\src\stm32f4xx_rcc.c 0x00000000   Number         0  stm32f4xx_rcc.o ABSOLUTE
    C:\Keil\MDK\ARM\PACK\Keil\STM32F4xx_DFP\1.0.8\Device\StdPeriph_Driver\src\stm32f4xx_tim.c 0x00000000   Number         0  stm32f4xx_tim.o ABSOLUTE
    C:\Keil\MDK\ARM\PACK\Keil\STM32F4xx_DFP\1.0.8\Device\StdPeriph_Driver\src\stm32f4xx_usart.c 0x00000000   Number         0  stm32f4xx_usart.o ABSOLUTE
    C:\\Keil\\MDK\\ARM\\PACK\\Keil\\STM32F4xx_DFP\\1.0.8\\Device\\StdPeriph_Driver\\src\\misc.c 0x00000000   Number         0  misc.o ABSOLUTE
    C:\\Keil\\MDK\\ARM\\PACK\\Keil\\STM32F4xx_DFP\\1.0.8\\Device\\StdPeriph_Driver\\src\\stm32f4xx_adc.c 0x00000000   Number         0  stm32f4xx_adc.o ABSOLUTE
    C:\\Keil\\MDK\\ARM\\PACK\\Keil\\STM32F4xx_DFP\\1.0.8\\Device\\StdPeriph_Driver\\src\\stm32f4xx_can.c 0x00000000   Number         0  stm32f4xx_can.o ABSOLUTE
    C:\\Keil\\MDK\\ARM\\PACK\\Keil\\STM32F4xx_DFP\\1.0.8\\Device\\StdPeriph_Driver\\src\\stm32f4xx_dma.c 0x00000000   Number         0  stm32f4xx_dma.o ABSOLUTE
    C:\\Keil\\MDK\\ARM\\PACK\\Keil\\STM32F4xx_DFP\\1.0.8\\Device\\StdPeriph_Driver\\src\\stm32f4xx_flash.c 0x00000000   Number         0  stm32f4xx_flash.o ABSOLUTE
    C:\\Keil\\MDK\\ARM\\PACK\\Keil\\STM32F4xx_DFP\\1.0.8\\Device\\StdPeriph_Driver\\src\\stm32f4xx_fsmc.c 0x00000000   Number         0  stm32f4xx_fsmc.o ABSOLUTE
    C:\\Keil\\MDK\\ARM\\PACK\\Keil\\STM32F4xx_DFP\\1.0.8\\Device\\StdPeriph_Driver\\src\\stm32f4xx_gpio.c 0x00000000   Number         0  stm32f4xx_gpio.o ABSOLUTE
    C:\\Keil\\MDK\\ARM\\PACK\\Keil\\STM32F4xx_DFP\\1.0.8\\Device\\StdPeriph_Driver\\src\\stm32f4xx_rcc.c 0x00000000   Number         0  stm32f4xx_rcc.o ABSOLUTE
    C:\\Keil\\MDK\\ARM\\PACK\\Keil\\STM32F4xx_DFP\\1.0.8\\Device\\StdPeriph_Driver\\src\\stm32f4xx_tim.c 0x00000000   Number         0  stm32f4xx_tim.o ABSOLUTE
    C:\\Keil\\MDK\\ARM\\PACK\\Keil\\STM32F4xx_DFP\\1.0.8\\Device\\StdPeriph_Driver\\src\\stm32f4xx_usart.c 0x00000000   Number         0  stm32f4xx_usart.o ABSOLUTE
    RTE\Device\STM32F405RG\startup_stm32f40_41xxx.s 0x00000000   Number         0  startup_stm32f40_41xxx.o ABSOLUTE
    RTE\Device\STM32F405RG\system_stm32f4xx.c 0x00000000   Number         0  system_stm32f4xx.o ABSOLUTE
    RTE\\Device\\STM32F405RG\\system_stm32f4xx.c 0x00000000   Number         0  system_stm32f4xx.o ABSOLUTE
    cdcmple.s                                0x00000000   Number         0  cdcmple.o ABSOLUTE
    cdrcmple.s                               0x00000000   Number         0  cdrcmple.o ABSOLUTE
    dc.s                                     0x00000000   Number         0  dc.o ABSOLUTE
    handlers.s                               0x00000000   Number         0  handlers.o ABSOLUTE
    init.s                                   0x00000000   Number         0  init.o ABSOLUTE
    RESET                                    0x08000000   Section      392  startup_stm32f40_41xxx.o(RESET)
    .ARM.Collect$$$$00000000                 0x08000188   Section        0  entry.o(.ARM.Collect$$$$00000000)
    .ARM.Collect$$$$00000001                 0x08000188   Section        4  entry2.o(.ARM.Collect$$$$00000001)
    .ARM.Collect$$$$00000004                 0x0800018c   Section        4  entry5.o(.ARM.Collect$$$$00000004)
    .ARM.Collect$$$$00000008                 0x08000190   Section        0  entry7b.o(.ARM.Collect$$$$00000008)
    .ARM.Collect$$$$0000000A                 0x08000190   Section        0  entry8b.o(.ARM.Collect$$$$0000000A)
    .ARM.Collect$$$$0000000B                 0x08000190   Section        8  entry9a.o(.ARM.Collect$$$$0000000B)
    .ARM.Collect$$$$0000000D                 0x08000198   Section        0  entry10a.o(.ARM.Collect$$$$0000000D)
    .ARM.Collect$$$$0000000F                 0x08000198   Section        0  entry11a.o(.ARM.Collect$$$$0000000F)
    .ARM.Collect$$$$00002712                 0x08000198   Section        4  entry2.o(.ARM.Collect$$$$00002712)
    __lit__00000000                          0x08000198   Data           4  entry2.o(.ARM.Collect$$$$00002712)
    .emb_text                                0x0800019c   Section      186  port.o(.emb_text)
    $v0                                      0x0800019c   Number         0  port.o(.emb_text)
    .text                                    0x08000258   Section       36  startup_stm32f40_41xxx.o(.text)
    $v0                                      0x08000258   Number         0  startup_stm32f40_41xxx.o(.text)
    .text                                    0x0800027c   Section        0  memcmp.o(.text)
    .text                                    0x08000296   Section        0  ddiv.o(.text)
    .text                                    0x08000374   Section        0  dflti.o(.text)
    .text                                    0x08000396   Section        0  d2f.o(.text)
    .text                                    0x080003ce   Section        0  llshl.o(.text)
    .text                                    0x080003ec   Section        0  iusefp.o(.text)
    .text                                    0x080003ec   Section        0  fepilogue.o(.text)
    .text                                    0x0800045a   Section        0  depilogue.o(.text)
    .text                                    0x08000514   Section       36  init.o(.text)
    .text                                    0x08000538   Section        0  llushr.o(.text)
    i.ADC_Cmd                                0x08000558   Section        0  stm32f4xx_adc.o(i.ADC_Cmd)
    i.ADC_CommonInit                         0x08000570   Section        0  stm32f4xx_adc.o(i.ADC_CommonInit)
    i.ADC_DMACmd                             0x080005a0   Section        0  stm32f4xx_adc.o(i.ADC_DMACmd)
    i.ADC_DMARequestAfterLastTransferCmd     0x080005b6   Section        0  stm32f4xx_adc.o(i.ADC_DMARequestAfterLastTransferCmd)
    i.ADC_Init                               0x080005cc   Section        0  stm32f4xx_adc.o(i.ADC_Init)
    i.ADC_RegularChannelConfig               0x08000620   Section        0  stm32f4xx_adc.o(i.ADC_RegularChannelConfig)
    i.ADC_SoftwareStartConv                  0x080006d8   Section        0  stm32f4xx_adc.o(i.ADC_SoftwareStartConv)
    i.ADC_Start                              0x080006e4   Section        0  bsp_adc.o(i.ADC_Start)
    ADC_Start                                0x080006e5   Thumb Code    16  bsp_adc.o(i.ADC_Start)
    i.BLE_IRQPandler                         0x080006fc   Section        0  bsp_bluetooth.o(i.BLE_IRQPandler)
    i.BLE_NVIC_Config                        0x080007d4   Section        0  bsp_bluetooth.o(i.BLE_NVIC_Config)
    i.BlueToothInit                          0x080007f4   Section        0  bsp_bluetooth.o(i.BlueToothInit)
    i.Bsp_ADC_Init                           0x080008a0   Section        0  bsp_adc.o(i.Bsp_ADC_Init)
    i.Bsp_Encoder_Config                     0x080008c0   Section        0  bsp_encoder.o(i.Bsp_Encoder_Config)
    i.Bsp_NVIC_Config                        0x080008fc   Section        0  bsp_init.o(i.Bsp_NVIC_Config)
    i.BusFault_Handler                       0x08000930   Section        0  stm32f4xx_it.o(i.BusFault_Handler)
    i.CAN1_RX0_IRQPendle                     0x08000934   Section        0  bsp_can.o(i.CAN1_RX0_IRQPendle)
    i.CAN1_RX1_IRQHandler                    0x08000936   Section        0  stm32f4xx_it.o(i.CAN1_RX1_IRQHandler)
    i.Current_ADC_Config                     0x08000940   Section        0  bsp_adc.o(i.Current_ADC_Config)
    Current_ADC_Config                       0x08000941   Thumb Code   108  bsp_adc.o(i.Current_ADC_Config)
    i.Current_ADC_DMA_Config                 0x080009b0   Section        0  bsp_adc.o(i.Current_ADC_DMA_Config)
    Current_ADC_DMA_Config                   0x080009b1   Thumb Code   110  bsp_adc.o(i.Current_ADC_DMA_Config)
    i.Current_ADC_GPIO_Config                0x08000a2c   Section        0  bsp_adc.o(i.Current_ADC_GPIO_Config)
    Current_ADC_GPIO_Config                  0x08000a2d   Thumb Code    40  bsp_adc.o(i.Current_ADC_GPIO_Config)
    i.DMA2_Stream0_IRQHandler                0x08000a58   Section        0  stm32f4xx_it.o(i.DMA2_Stream0_IRQHandler)
    i.DMA2_Stream2_IRQHandler                0x08000a60   Section        0  stm32f4xx_it.o(i.DMA2_Stream2_IRQHandler)
    i.DMA_ClearITPendingBit                  0x08000a68   Section        0  stm32f4xx_dma.o(i.DMA_ClearITPendingBit)
    i.DMA_Cmd                                0x08000a9c   Section        0  stm32f4xx_dma.o(i.DMA_Cmd)
    i.DMA_Current_ADC_IRQPendle              0x08000ab4   Section        0  bsp_adc.o(i.DMA_Current_ADC_IRQPendle)
    i.DMA_Current_ADC_NVIC                   0x08000aec   Section        0  bsp_adc.o(i.DMA_Current_ADC_NVIC)
    i.DMA_DeInit                             0x08000b0c   Section        0  stm32f4xx_dma.o(i.DMA_DeInit)
    i.DMA_GetITStatus                        0x08000c64   Section        0  stm32f4xx_dma.o(i.DMA_GetITStatus)
    i.DMA_ITConfig                           0x08000cc8   Section        0  stm32f4xx_dma.o(i.DMA_ITConfig)
    i.DMA_Init                               0x08000d04   Section        0  stm32f4xx_dma.o(i.DMA_Init)
    i.DMA_Phase_ADC_IRQPendle                0x08000d5c   Section        0  bsp_adc.o(i.DMA_Phase_ADC_IRQPendle)
    i.DMA_Phase_ADC_NVIC                     0x08000da4   Section        0  bsp_adc.o(i.DMA_Phase_ADC_NVIC)
    i.Encoder_GPIO_Config                    0x08000dc4   Section        0  bsp_encoder.o(i.Encoder_GPIO_Config)
    Encoder_GPIO_Config                      0x08000dc5   Thumb Code    74  bsp_encoder.o(i.Encoder_GPIO_Config)
    i.GPIO_Init                              0x08000e14   Section        0  stm32f4xx_gpio.o(i.GPIO_Init)
    i.GPIO_PinAFConfig                       0x08000ea4   Section        0  stm32f4xx_gpio.o(i.GPIO_PinAFConfig)
    i.GPIO_ReadInputData                     0x08000eea   Section        0  stm32f4xx_gpio.o(i.GPIO_ReadInputData)
    i.Get_Current_ADC_Value                  0x08000ef4   Section        0  bsp_adc.o(i.Get_Current_ADC_Value)
    i.Get_Encoder_Value                      0x08000f70   Section        0  bsp_encoder.o(i.Get_Encoder_Value)
    i.Get_HallInputValue                     0x08000f8c   Section        0  bsp_halltim.o(i.Get_HallInputValue)
    i.GrayCode2Decimal                       0x08000fa8   Section        0  bsp_commutation.o(i.GrayCode2Decimal)
    GrayCode2Decimal                         0x08000fa9   Thumb Code    16  bsp_commutation.o(i.GrayCode2Decimal)
    i.HallCode2Decimal                       0x08000fb8   Section        0  bsp_commutation.o(i.HallCode2Decimal)
    HallCode2Decimal                         0x08000fb9   Thumb Code    38  bsp_commutation.o(i.HallCode2Decimal)
    i.Hall_PrepareCommutation                0x08000fe0   Section        0  bsp_commutation.o(i.Hall_PrepareCommutation)
    i.Hall_TIM_IRQPandler                    0x08001098   Section        0  bsp_halltim.o(i.Hall_TIM_IRQPandler)
    i.Hall_TIM_NVIC_Config                   0x080010b8   Section        0  bsp_halltim.o(i.Hall_TIM_NVIC_Config)
    i.Hall_TimerConfig                       0x080010d8   Section        0  bsp_halltim.o(i.Hall_TimerConfig)
    i.HardFault_Handler                      0x080011e0   Section        0  stm32f4xx_it.o(i.HardFault_Handler)
    i.Manual_COMevent                        0x080011e4   Section        0  bsp_tim.o(i.Manual_COMevent)
    i.MemManage_Handler                      0x080011f4   Section        0  stm32f4xx_it.o(i.MemManage_Handler)
    i.NMI_Handler                            0x080011f8   Section        0  stm32f4xx_it.o(i.NMI_Handler)
    i.NVIC_Init                              0x080011fc   Section        0  misc.o(i.NVIC_Init)
    i.NVIC_PriorityGroupConfig               0x08001274   Section        0  misc.o(i.NVIC_PriorityGroupConfig)
    i.Phase_ADC_Config                       0x08001288   Section        0  bsp_adc.o(i.Phase_ADC_Config)
    Phase_ADC_Config                         0x08001289   Thumb Code   132  bsp_adc.o(i.Phase_ADC_Config)
    i.Phase_ADC_DMA_Config                   0x08001310   Section        0  bsp_adc.o(i.Phase_ADC_DMA_Config)
    Phase_ADC_DMA_Config                     0x08001311   Thumb Code   108  bsp_adc.o(i.Phase_ADC_DMA_Config)
    i.Phase_ADC_GPIO_Config                  0x08001388   Section        0  bsp_adc.o(i.Phase_ADC_GPIO_Config)
    Phase_ADC_GPIO_Config                    0x08001389   Thumb Code    40  bsp_adc.o(i.Phase_ADC_GPIO_Config)
    i.RCC_AHB1PeriphClockCmd                 0x080013b4   Section        0  stm32f4xx_rcc.o(i.RCC_AHB1PeriphClockCmd)
    i.RCC_APB1PeriphClockCmd                 0x080013d4   Section        0  stm32f4xx_rcc.o(i.RCC_APB1PeriphClockCmd)
    i.RCC_APB1PeriphResetCmd                 0x080013f4   Section        0  stm32f4xx_rcc.o(i.RCC_APB1PeriphResetCmd)
    i.RCC_APB2PeriphClockCmd                 0x08001414   Section        0  stm32f4xx_rcc.o(i.RCC_APB2PeriphClockCmd)
    i.RCC_APB2PeriphResetCmd                 0x08001434   Section        0  stm32f4xx_rcc.o(i.RCC_APB2PeriphResetCmd)
    i.RCC_GetClocksFreq                      0x08001454   Section        0  stm32f4xx_rcc.o(i.RCC_GetClocksFreq)
    i.Send_Array                             0x0800153c   Section        0  bsp_bluetooth.o(i.Send_Array)
    i.Send_Data                              0x08001574   Section        0  bsp_bluetooth.o(i.Send_Data)
    i.SetSysClock                            0x080015bc   Section        0  system_stm32f4xx.o(i.SetSysClock)
    SetSysClock                              0x080015bd   Thumb Code   220  system_stm32f4xx.o(i.SetSysClock)
    i.Set_MotorSpeed                         0x080016a8   Section        0  bsp_commutation.o(i.Set_MotorSpeed)
    i.SysTick_Handler                        0x08001780   Section        0  port.o(i.SysTick_Handler)
    i.SystemInit                             0x080017b4   Section        0  system_stm32f4xx.o(i.SystemInit)
    i.TI1_Config                             0x0800181c   Section        0  stm32f4xx_tim.o(i.TI1_Config)
    TI1_Config                               0x0800181d   Thumb Code    58  stm32f4xx_tim.o(i.TI1_Config)
    i.TI2_Config                             0x08001856   Section        0  stm32f4xx_tim.o(i.TI2_Config)
    TI2_Config                               0x08001857   Thumb Code    80  stm32f4xx_tim.o(i.TI2_Config)
    i.TI3_Config                             0x080018a6   Section        0  stm32f4xx_tim.o(i.TI3_Config)
    TI3_Config                               0x080018a7   Thumb Code    72  stm32f4xx_tim.o(i.TI3_Config)
    i.TI4_Config                             0x080018ee   Section        0  stm32f4xx_tim.o(i.TI4_Config)
    TI4_Config                               0x080018ef   Thumb Code    80  stm32f4xx_tim.o(i.TI4_Config)
    i.TIM1_GPIO_Config                       0x08001940   Section        0  bsp_tim.o(i.TIM1_GPIO_Config)
    TIM1_GPIO_Config                         0x08001941   Thumb Code   120  bsp_tim.o(i.TIM1_GPIO_Config)
    i.TIM1_PWM_Config                        0x080019c0   Section        0  bsp_tim.o(i.TIM1_PWM_Config)
    i.TIM1_Set_PWMDuty                       0x08001b10   Section        0  bsp_tim.o(i.TIM1_Set_PWMDuty)
    i.TIM1_Set_PWMOutput_EnableState         0x08001bb8   Section        0  bsp_tim.o(i.TIM1_Set_PWMOutput_EnableState)
    i.TIM1_TRG_COM_IRQPandler                0x08001c10   Section        0  bsp_tim.o(i.TIM1_TRG_COM_IRQPandler)
    i.TIM1_TRG_COM_NVIC_Config               0x08001c70   Section        0  bsp_tim.o(i.TIM1_TRG_COM_NVIC_Config)
    i.TIM1_TRG_COM_TIM11_IRQHandler          0x08001c90   Section        0  stm32f4xx_it.o(i.TIM1_TRG_COM_TIM11_IRQHandler)
    i.TIM3_IRQHandler                        0x08001c98   Section        0  stm32f4xx_it.o(i.TIM3_IRQHandler)
    i.TIM_ARRPreloadConfig                   0x08001ca0   Section        0  stm32f4xx_tim.o(i.TIM_ARRPreloadConfig)
    i.TIM_BDTRConfig                         0x08001cb8   Section        0  stm32f4xx_tim.o(i.TIM_BDTRConfig)
    i.TIM_CCPreloadControl                   0x08001cd8   Section        0  stm32f4xx_tim.o(i.TIM_CCPreloadControl)
    i.TIM_CCxCmd                             0x08001cf0   Section        0  stm32f4xx_tim.o(i.TIM_CCxCmd)
    i.TIM_CCxNCmd                            0x08001d0e   Section        0  stm32f4xx_tim.o(i.TIM_CCxNCmd)
    i.TIM_ClearFlag                          0x08001d2c   Section        0  stm32f4xx_tim.o(i.TIM_ClearFlag)
    i.TIM_ClearITPendingBit                  0x08001d32   Section        0  stm32f4xx_tim.o(i.TIM_ClearITPendingBit)
    i.TIM_Cmd                                0x08001d38   Section        0  stm32f4xx_tim.o(i.TIM_Cmd)
    i.TIM_CtrlPWMOutputs                     0x08001d50   Section        0  stm32f4xx_tim.o(i.TIM_CtrlPWMOutputs)
    i.TIM_DeInit                             0x08001d70   Section        0  stm32f4xx_tim.o(i.TIM_DeInit)
    i.TIM_EncoderInterfaceConfig             0x08001f00   Section        0  stm32f4xx_tim.o(i.TIM_EncoderInterfaceConfig)
    i.TIM_GenerateEvent                      0x08001f42   Section        0  stm32f4xx_tim.o(i.TIM_GenerateEvent)
    i.TIM_GetITStatus                        0x08001f46   Section        0  stm32f4xx_tim.o(i.TIM_GetITStatus)
    i.TIM_ICInit                             0x08001f68   Section        0  stm32f4xx_tim.o(i.TIM_ICInit)
    i.TIM_ITConfig                           0x08001fd6   Section        0  stm32f4xx_tim.o(i.TIM_ITConfig)
    i.TIM_OC1Init                            0x08001fe8   Section        0  stm32f4xx_tim.o(i.TIM_OC1Init)
    i.TIM_OC1PreloadConfig                   0x08002064   Section        0  stm32f4xx_tim.o(i.TIM_OC1PreloadConfig)
    i.TIM_OC2Init                            0x08002078   Section        0  stm32f4xx_tim.o(i.TIM_OC2Init)
    i.TIM_OC2PreloadConfig                   0x0800211c   Section        0  stm32f4xx_tim.o(i.TIM_OC2PreloadConfig)
    i.TIM_OC3Init                            0x08002138   Section        0  stm32f4xx_tim.o(i.TIM_OC3Init)
    i.TIM_OC3PreloadConfig                   0x080021d8   Section        0  stm32f4xx_tim.o(i.TIM_OC3PreloadConfig)
    i.TIM_OC4Init                            0x080021ec   Section        0  stm32f4xx_tim.o(i.TIM_OC4Init)
    i.TIM_SelectCOM                          0x08002264   Section        0  stm32f4xx_tim.o(i.TIM_SelectCOM)
    i.TIM_SelectHallSensor                   0x0800227c   Section        0  stm32f4xx_tim.o(i.TIM_SelectHallSensor)
    i.TIM_SelectInputTrigger                 0x08002294   Section        0  stm32f4xx_tim.o(i.TIM_SelectInputTrigger)
    i.TIM_SelectMasterSlaveMode              0x080022a6   Section        0  stm32f4xx_tim.o(i.TIM_SelectMasterSlaveMode)
    i.TIM_SelectOutputTrigger                0x080022b8   Section        0  stm32f4xx_tim.o(i.TIM_SelectOutputTrigger)
    i.TIM_SelectSlaveMode                    0x080022ca   Section        0  stm32f4xx_tim.o(i.TIM_SelectSlaveMode)
    i.TIM_SetCompare1                        0x080022dc   Section        0  stm32f4xx_tim.o(i.TIM_SetCompare1)
    i.TIM_SetCompare2                        0x080022e0   Section        0  stm32f4xx_tim.o(i.TIM_SetCompare2)
    i.TIM_SetCompare3                        0x080022e4   Section        0  stm32f4xx_tim.o(i.TIM_SetCompare3)
    i.TIM_SetCompare4                        0x080022e8   Section        0  stm32f4xx_tim.o(i.TIM_SetCompare4)
    i.TIM_SetIC1Prescaler                    0x080022ec   Section        0  stm32f4xx_tim.o(i.TIM_SetIC1Prescaler)
    i.TIM_SetIC2Prescaler                    0x080022fe   Section        0  stm32f4xx_tim.o(i.TIM_SetIC2Prescaler)
    i.TIM_SetIC3Prescaler                    0x08002318   Section        0  stm32f4xx_tim.o(i.TIM_SetIC3Prescaler)
    i.TIM_SetIC4Prescaler                    0x0800232a   Section        0  stm32f4xx_tim.o(i.TIM_SetIC4Prescaler)
    i.TIM_TimeBaseInit                       0x08002344   Section        0  stm32f4xx_tim.o(i.TIM_TimeBaseInit)
    i.UART5_IRQHandler                       0x080023c8   Section        0  stm32f4xx_it.o(i.UART5_IRQHandler)
    i.USART_ClearFlag                        0x080023d0   Section        0  stm32f4xx_usart.o(i.USART_ClearFlag)
    i.USART_Cmd                              0x080023e2   Section        0  stm32f4xx_usart.o(i.USART_Cmd)
    i.USART_GetFlagStatus                    0x080023fa   Section        0  stm32f4xx_usart.o(i.USART_GetFlagStatus)
    i.USART_ITConfig                         0x08002414   Section        0  stm32f4xx_usart.o(i.USART_ITConfig)
    i.USART_Init                             0x08002460   Section        0  stm32f4xx_usart.o(i.USART_Init)
    i.USART_ReceiveData                      0x08002534   Section        0  stm32f4xx_usart.o(i.USART_ReceiveData)
    i.USART_SendData                         0x0800253e   Section        0  stm32f4xx_usart.o(i.USART_SendData)
    i.UsageFault_Handler                     0x08002546   Section        0  stm32f4xx_it.o(i.UsageFault_Handler)
    i.__scatterload_copy                     0x0800254a   Section       14  handlers.o(i.__scatterload_copy)
    i.__scatterload_null                     0x08002558   Section        2  handlers.o(i.__scatterload_null)
    i.__scatterload_zeroinit                 0x0800255a   Section       14  handlers.o(i.__scatterload_zeroinit)
    i.main                                   0x08002568   Section        0  main.o(i.main)
    i.prvResetNextTaskUnblockTime            0x0800261c   Section        0  tasks.o(i.prvResetNextTaskUnblockTime)
    prvResetNextTaskUnblockTime              0x0800261d   Thumb Code    42  tasks.o(i.prvResetNextTaskUnblockTime)
    i.uxListRemove                           0x08002650   Section        0  list.o(i.uxListRemove)
    i.vApplicationStackOverflowHook          0x08002678   Section        0  os_free_task.o(i.vApplicationStackOverflowHook)
    i.vApplicationTickHook                   0x0800268e   Section        0  os_free_task.o(i.vApplicationTickHook)
    i.vListInsertEnd                         0x08002690   Section        0  list.o(i.vListInsertEnd)
    i.vTaskSwitchContext                     0x080026a8   Section        0  tasks.o(i.vTaskSwitchContext)
    i.xTaskIncrementTick                     0x08002770   Section        0  tasks.o(i.xTaskIncrementTick)
    .constdata                               0x080028c8   Section       48  bsp_commutation.o(.constdata)
    BLDC_STATE_TAB                           0x080028c8   Data          24  bsp_commutation.o(.constdata)
    BLDC_STATE_TAB_Fan                       0x080028e0   Data          24  bsp_commutation.o(.constdata)
    .constdata                               0x080028f8   Section       20  tasks.o(.constdata)
    ucExpectedStackBytes                     0x080028f8   Data          20  tasks.o(.constdata)
    .data                                    0x20000000   Section        8  bsp_tim.o(.data)
    index                                    0x20000001   Data           1  bsp_tim.o(.data)
    lastvalue                                0x20000002   Data           1  bsp_tim.o(.data)
    temp                                     0x20000004   Data           4  bsp_tim.o(.data)
    .data                                    0x20000008   Section        6  bsp_adc.o(.data)
    .data                                    0x2000000e   Section       16  bsp_bluetooth.o(.data)
    SEND_BUF                                 0x2000000e   Data           8  bsp_bluetooth.o(.data)
    ii                                       0x20000016   Data           1  bsp_bluetooth.o(.data)
    USART                                    0x20000017   Data           7  bsp_bluetooth.o(.data)
    .data                                    0x20000020   Section       12  bsp_commutation.o(.data)
    Motor_SetedSpeed                         0x20000020   Data           4  bsp_commutation.o(.data)
    Middle_PWM_Duty                          0x20000024   Data           2  bsp_commutation.o(.data)
    last_speed                               0x20000028   Data           4  bsp_commutation.o(.data)
    .data                                    0x2000002c   Section        6  main.o(.data)
    .data                                    0x20000034   Section       56  tasks.o(.data)
    pxDelayedTaskList                        0x20000038   Data           4  tasks.o(.data)
    pxOverflowDelayedTaskList                0x2000003c   Data           4  tasks.o(.data)
    uxTasksDeleted                           0x20000040   Data           4  tasks.o(.data)
    uxCurrentNumberOfTasks                   0x20000044   Data           4  tasks.o(.data)
    xTickCount                               0x20000048   Data           4  tasks.o(.data)
    uxTopReadyPriority                       0x2000004c   Data           4  tasks.o(.data)
    xSchedulerRunning                        0x20000050   Data           4  tasks.o(.data)
    uxPendedTicks                            0x20000054   Data           4  tasks.o(.data)
    xYieldPending                            0x20000058   Data           4  tasks.o(.data)
    xNumOfOverflows                          0x2000005c   Data           4  tasks.o(.data)
    uxTaskNumber                             0x20000060   Data           4  tasks.o(.data)
    xNextTaskUnblockTime                     0x20000064   Data           4  tasks.o(.data)
    uxSchedulerSuspended                     0x20000068   Data           4  tasks.o(.data)
    .data                                    0x2000006c   Section       16  stm32f4xx_rcc.o(.data)
    APBAHBPrescTable                         0x2000006c   Data          16  stm32f4xx_rcc.o(.data)
    .data                                    0x2000007c   Section       20  system_stm32f4xx.o(.data)
    .bss                                     0x20000090   Section       10  bsp_tim.o(.bss)
    .bss                                     0x2000009a   Section       80  bsp_adc.o(.bss)
    .bss                                     0x200000ec   Section     1032  bsp_bluetooth.o(.bss)
    .bss                                     0x200004f4   Section      420  tasks.o(.bss)
    pxReadyTasksLists                        0x200004f4   Data         320  tasks.o(.bss)
    xDelayedTaskList1                        0x20000634   Data          20  tasks.o(.bss)
    xDelayedTaskList2                        0x20000648   Data          20  tasks.o(.bss)
    xPendingReadyList                        0x2000065c   Data          20  tasks.o(.bss)
    xTasksWaitingTermination                 0x20000670   Data          20  tasks.o(.bss)
    xSuspendedTaskList                       0x20000684   Data          20  tasks.o(.bss)
    STACK                                    0x20000698   Section     1024  startup_stm32f40_41xxx.o(STACK)

    Global Symbols

    Symbol Name                              Value     Ov Type        Size  Object(Section)

    BuildAttributes$$THM_ISAv4$E$P$D$K$B$S$7EM$VFPi3$EXTD16$VFPS$VFMA$PE$A:L22UL41UL21$X:L11$S22US41US21$IEEE1$IW$USESV6$~STKCKD$USESV7$ENUMINT$~SHL$OTIME$ROPI$EBA8$MICROLIB$REQ8$PRES8$EABIv2 0x00000000   Number         0  anon$$obj.o ABSOLUTE
    __ARM_use_no_argv                        0x00000000   Number         0  main.o ABSOLUTE
    __cpp_initialize__aeabi_                  - Undefined Weak Reference
    __cxa_finalize                            - Undefined Weak Reference
    __decompress                              - Undefined Weak Reference
    _clock_init                               - Undefined Weak Reference
    _microlib_exit                            - Undefined Weak Reference
    __Vectors_Size                           0x00000188   Number         0  startup_stm32f40_41xxx.o ABSOLUTE
    __Vectors                                0x08000000   Data           4  startup_stm32f40_41xxx.o(RESET)
    __Vectors_End                            0x08000188   Data           0  startup_stm32f40_41xxx.o(RESET)
    __main                                   0x08000189   Thumb Code     0  entry.o(.ARM.Collect$$$$00000000)
    _main_stk                                0x08000189   Thumb Code     0  entry2.o(.ARM.Collect$$$$00000001)
    _main_scatterload                        0x0800018d   Thumb Code     0  entry5.o(.ARM.Collect$$$$00000004)
    __main_after_scatterload                 0x08000191   Thumb Code     0  entry5.o(.ARM.Collect$$$$00000004)
    _main_clock                              0x08000191   Thumb Code     0  entry7b.o(.ARM.Collect$$$$00000008)
    _main_cpp_init                           0x08000191   Thumb Code     0  entry8b.o(.ARM.Collect$$$$0000000A)
    _main_init                               0x08000191   Thumb Code     0  entry9a.o(.ARM.Collect$$$$0000000B)
    __rt_final_cpp                           0x08000199   Thumb Code     0  entry10a.o(.ARM.Collect$$$$0000000D)
    __rt_final_exit                          0x08000199   Thumb Code     0  entry11a.o(.ARM.Collect$$$$0000000F)
    SVC_Handler                              0x0800019d   Thumb Code    28  port.o(.emb_text)
    __asm___6_port_c_39a90d8d__prvStartFirstTask 0x080001bd   Thumb Code    28  port.o(.emb_text)
    __asm___6_port_c_39a90d8d__prvEnableVFP  0x080001dd   Thumb Code    16  port.o(.emb_text)
    PendSV_Handler                           0x080001f1   Thumb Code    90  port.o(.emb_text)
    vPortGetIPSR                             0x08000251   Thumb Code     6  port.o(.emb_text)
    Reset_Handler                            0x08000259   Thumb Code     8  startup_stm32f40_41xxx.o(.text)
    DebugMon_Handler                         0x0800026d   Thumb Code     2  startup_stm32f40_41xxx.o(.text)
    ADC_IRQHandler                           0x08000273   Thumb Code     0  startup_stm32f40_41xxx.o(.text)
    CAN1_RX0_IRQHandler                      0x08000273   Thumb Code     0  startup_stm32f40_41xxx.o(.text)
    CAN1_SCE_IRQHandler                      0x08000273   Thumb Code     0  startup_stm32f40_41xxx.o(.text)
    CAN1_TX_IRQHandler                       0x08000273   Thumb Code     0  startup_stm32f40_41xxx.o(.text)
    CAN2_RX0_IRQHandler                      0x08000273   Thumb Code     0  startup_stm32f40_41xxx.o(.text)
    CAN2_RX1_IRQHandler                      0x08000273   Thumb Code     0  startup_stm32f40_41xxx.o(.text)
    CAN2_SCE_IRQHandler                      0x08000273   Thumb Code     0  startup_stm32f40_41xxx.o(.text)
    CAN2_TX_IRQHandler                       0x08000273   Thumb Code     0  startup_stm32f40_41xxx.o(.text)
    CRYP_IRQHandler                          0x08000273   Thumb Code     0  startup_stm32f40_41xxx.o(.text)
    DCMI_IRQHandler                          0x08000273   Thumb Code     0  startup_stm32f40_41xxx.o(.text)
    DMA1_Stream0_IRQHandler                  0x08000273   Thumb Code     0  startup_stm32f40_41xxx.o(.text)
    DMA1_Stream1_IRQHandler                  0x08000273   Thumb Code     0  startup_stm32f40_41xxx.o(.text)
    DMA1_Stream2_IRQHandler                  0x08000273   Thumb Code     0  startup_stm32f40_41xxx.o(.text)
    DMA1_Stream3_IRQHandler                  0x08000273   Thumb Code     0  startup_stm32f40_41xxx.o(.text)
    DMA1_Stream4_IRQHandler                  0x08000273   Thumb Code     0  startup_stm32f40_41xxx.o(.text)
    DMA1_Stream5_IRQHandler                  0x08000273   Thumb Code     0  startup_stm32f40_41xxx.o(.text)
    DMA1_Stream6_IRQHandler                  0x08000273   Thumb Code     0  startup_stm32f40_41xxx.o(.text)
    DMA1_Stream7_IRQHandler                  0x08000273   Thumb Code     0  startup_stm32f40_41xxx.o(.text)
    DMA2_Stream1_IRQHandler                  0x08000273   Thumb Code     0  startup_stm32f40_41xxx.o(.text)
    DMA2_Stream3_IRQHandler                  0x08000273   Thumb Code     0  startup_stm32f40_41xxx.o(.text)
    DMA2_Stream4_IRQHandler                  0x08000273   Thumb Code     0  startup_stm32f40_41xxx.o(.text)
    DMA2_Stream5_IRQHandler                  0x08000273   Thumb Code     0  startup_stm32f40_41xxx.o(.text)
    DMA2_Stream6_IRQHandler                  0x08000273   Thumb Code     0  startup_stm32f40_41xxx.o(.text)
    DMA2_Stream7_IRQHandler                  0x08000273   Thumb Code     0  startup_stm32f40_41xxx.o(.text)
    ETH_IRQHandler                           0x08000273   Thumb Code     0  startup_stm32f40_41xxx.o(.text)
    ETH_WKUP_IRQHandler                      0x08000273   Thumb Code     0  startup_stm32f40_41xxx.o(.text)
    EXTI0_IRQHandler                         0x08000273   Thumb Code     0  startup_stm32f40_41xxx.o(.text)
    EXTI15_10_IRQHandler                     0x08000273   Thumb Code     0  startup_stm32f40_41xxx.o(.text)
    EXTI1_IRQHandler                         0x08000273   Thumb Code     0  startup_stm32f40_41xxx.o(.text)
    EXTI2_IRQHandler                         0x08000273   Thumb Code     0  startup_stm32f40_41xxx.o(.text)
    EXTI3_IRQHandler                         0x08000273   Thumb Code     0  startup_stm32f40_41xxx.o(.text)
    EXTI4_IRQHandler                         0x08000273   Thumb Code     0  startup_stm32f40_41xxx.o(.text)
    EXTI9_5_IRQHandler                       0x08000273   Thumb Code     0  startup_stm32f40_41xxx.o(.text)
    FLASH_IRQHandler                         0x08000273   Thumb Code     0  startup_stm32f40_41xxx.o(.text)
    FPU_IRQHandler                           0x08000273   Thumb Code     0  startup_stm32f40_41xxx.o(.text)
    FSMC_IRQHandler                          0x08000273   Thumb Code     0  startup_stm32f40_41xxx.o(.text)
    HASH_RNG_IRQHandler                      0x08000273   Thumb Code     0  startup_stm32f40_41xxx.o(.text)
    I2C1_ER_IRQHandler                       0x08000273   Thumb Code     0  startup_stm32f40_41xxx.o(.text)
    I2C1_EV_IRQHandler                       0x08000273   Thumb Code     0  startup_stm32f40_41xxx.o(.text)
    I2C2_ER_IRQHandler                       0x08000273   Thumb Code     0  startup_stm32f40_41xxx.o(.text)
    I2C2_EV_IRQHandler                       0x08000273   Thumb Code     0  startup_stm32f40_41xxx.o(.text)
    I2C3_ER_IRQHandler                       0x08000273   Thumb Code     0  startup_stm32f40_41xxx.o(.text)
    I2C3_EV_IRQHandler                       0x08000273   Thumb Code     0  startup_stm32f40_41xxx.o(.text)
    OTG_FS_IRQHandler                        0x08000273   Thumb Code     0  startup_stm32f40_41xxx.o(.text)
    OTG_FS_WKUP_IRQHandler                   0x08000273   Thumb Code     0  startup_stm32f40_41xxx.o(.text)
    OTG_HS_EP1_IN_IRQHandler                 0x08000273   Thumb Code     0  startup_stm32f40_41xxx.o(.text)
    OTG_HS_EP1_OUT_IRQHandler                0x08000273   Thumb Code     0  startup_stm32f40_41xxx.o(.text)
    OTG_HS_IRQHandler                        0x08000273   Thumb Code     0  startup_stm32f40_41xxx.o(.text)
    OTG_HS_WKUP_IRQHandler                   0x08000273   Thumb Code     0  startup_stm32f40_41xxx.o(.text)
    PVD_IRQHandler                           0x08000273   Thumb Code     0  startup_stm32f40_41xxx.o(.text)
    RCC_IRQHandler                           0x08000273   Thumb Code     0  startup_stm32f40_41xxx.o(.text)
    RTC_Alarm_IRQHandler                     0x08000273   Thumb Code     0  startup_stm32f40_41xxx.o(.text)
    RTC_WKUP_IRQHandler                      0x08000273   Thumb Code     0  startup_stm32f40_41xxx.o(.text)
    SDIO_IRQHandler                          0x08000273   Thumb Code     0  startup_stm32f40_41xxx.o(.text)
    SPI1_IRQHandler                          0x08000273   Thumb Code     0  startup_stm32f40_41xxx.o(.text)
    SPI2_IRQHandler                          0x08000273   Thumb Code     0  startup_stm32f40_41xxx.o(.text)
    SPI3_IRQHandler                          0x08000273   Thumb Code     0  startup_stm32f40_41xxx.o(.text)
    TAMP_STAMP_IRQHandler                    0x08000273   Thumb Code     0  startup_stm32f40_41xxx.o(.text)
    TIM1_BRK_TIM9_IRQHandler                 0x08000273   Thumb Code     0  startup_stm32f40_41xxx.o(.text)
    TIM1_CC_IRQHandler                       0x08000273   Thumb Code     0  startup_stm32f40_41xxx.o(.text)
    TIM1_UP_TIM10_IRQHandler                 0x08000273   Thumb Code     0  startup_stm32f40_41xxx.o(.text)
    TIM2_IRQHandler                          0x08000273   Thumb Code     0  startup_stm32f40_41xxx.o(.text)
    TIM4_IRQHandler                          0x08000273   Thumb Code     0  startup_stm32f40_41xxx.o(.text)
    TIM5_IRQHandler                          0x08000273   Thumb Code     0  startup_stm32f40_41xxx.o(.text)
    TIM6_DAC_IRQHandler                      0x08000273   Thumb Code     0  startup_stm32f40_41xxx.o(.text)
    TIM7_IRQHandler                          0x08000273   Thumb Code     0  startup_stm32f40_41xxx.o(.text)
    TIM8_BRK_TIM12_IRQHandler                0x08000273   Thumb Code     0  startup_stm32f40_41xxx.o(.text)
    TIM8_CC_IRQHandler                       0x08000273   Thumb Code     0  startup_stm32f40_41xxx.o(.text)
    TIM8_TRG_COM_TIM14_IRQHandler            0x08000273   Thumb Code     0  startup_stm32f40_41xxx.o(.text)
    TIM8_UP_TIM13_IRQHandler                 0x08000273   Thumb Code     0  startup_stm32f40_41xxx.o(.text)
    UART4_IRQHandler                         0x08000273   Thumb Code     0  startup_stm32f40_41xxx.o(.text)
    USART1_IRQHandler                        0x08000273   Thumb Code     0  startup_stm32f40_41xxx.o(.text)
    USART2_IRQHandler                        0x08000273   Thumb Code     0  startup_stm32f40_41xxx.o(.text)
    USART3_IRQHandler                        0x08000273   Thumb Code     0  startup_stm32f40_41xxx.o(.text)
    USART6_IRQHandler                        0x08000273   Thumb Code     0  startup_stm32f40_41xxx.o(.text)
    WWDG_IRQHandler                          0x08000273   Thumb Code     0  startup_stm32f40_41xxx.o(.text)
    memcmp                                   0x0800027d   Thumb Code    26  memcmp.o(.text)
    __aeabi_ddiv                             0x08000297   Thumb Code   222  ddiv.o(.text)
    __aeabi_i2d                              0x08000375   Thumb Code    34  dflti.o(.text)
    __aeabi_d2f                              0x08000397   Thumb Code    56  d2f.o(.text)
    __aeabi_llsl                             0x080003cf   Thumb Code    30  llshl.o(.text)
    _ll_shift_l                              0x080003cf   Thumb Code     0  llshl.o(.text)
    __I$use$fp                               0x080003ed   Thumb Code     0  iusefp.o(.text)
    _float_round                             0x080003ed   Thumb Code    18  fepilogue.o(.text)
    _float_epilogue                          0x080003ff   Thumb Code    92  fepilogue.o(.text)
    _double_round                            0x0800045b   Thumb Code    30  depilogue.o(.text)
    _double_epilogue                         0x08000479   Thumb Code   156  depilogue.o(.text)
    __scatterload                            0x08000515   Thumb Code    28  init.o(.text)
    __scatterload_rt2                        0x08000515   Thumb Code     0  init.o(.text)
    __aeabi_llsr                             0x08000539   Thumb Code    32  llushr.o(.text)
    _ll_ushift_r                             0x08000539   Thumb Code     0  llushr.o(.text)
    ADC_Cmd                                  0x08000559   Thumb Code    22  stm32f4xx_adc.o(i.ADC_Cmd)
    ADC_CommonInit                           0x08000571   Thumb Code    34  stm32f4xx_adc.o(i.ADC_CommonInit)
    ADC_DMACmd                               0x080005a1   Thumb Code    22  stm32f4xx_adc.o(i.ADC_DMACmd)
    ADC_DMARequestAfterLastTransferCmd       0x080005b7   Thumb Code    22  stm32f4xx_adc.o(i.ADC_DMARequestAfterLastTransferCmd)
    ADC_Init                                 0x080005cd   Thumb Code    74  stm32f4xx_adc.o(i.ADC_Init)
    ADC_RegularChannelConfig                 0x08000621   Thumb Code   184  stm32f4xx_adc.o(i.ADC_RegularChannelConfig)
    ADC_SoftwareStartConv                    0x080006d9   Thumb Code    10  stm32f4xx_adc.o(i.ADC_SoftwareStartConv)
    BLE_IRQPandler                           0x080006fd   Thumb Code   192  bsp_bluetooth.o(i.BLE_IRQPandler)
    BLE_NVIC_Config                          0x080007d5   Thumb Code    32  bsp_bluetooth.o(i.BLE_NVIC_Config)
    BlueToothInit                            0x080007f5   Thumb Code   160  bsp_bluetooth.o(i.BlueToothInit)
    Bsp_ADC_Init                             0x080008a1   Thumb Code    32  bsp_adc.o(i.Bsp_ADC_Init)
    Bsp_Encoder_Config                       0x080008c1   Thumb Code    54  bsp_encoder.o(i.Bsp_Encoder_Config)
    Bsp_NVIC_Config                          0x080008fd   Thumb Code    52  bsp_init.o(i.Bsp_NVIC_Config)
    BusFault_Handler                         0x08000931   Thumb Code     4  stm32f4xx_it.o(i.BusFault_Handler)
    CAN1_RX0_IRQPendle                       0x08000935   Thumb Code     2  bsp_can.o(i.CAN1_RX0_IRQPendle)
    CAN1_RX1_IRQHandler                      0x08000937   Thumb Code     8  stm32f4xx_it.o(i.CAN1_RX1_IRQHandler)
    DMA2_Stream0_IRQHandler                  0x08000a59   Thumb Code     8  stm32f4xx_it.o(i.DMA2_Stream0_IRQHandler)
    DMA2_Stream2_IRQHandler                  0x08000a61   Thumb Code     8  stm32f4xx_it.o(i.DMA2_Stream2_IRQHandler)
    DMA_ClearITPendingBit                    0x08000a69   Thumb Code    38  stm32f4xx_dma.o(i.DMA_ClearITPendingBit)
    DMA_Cmd                                  0x08000a9d   Thumb Code    22  stm32f4xx_dma.o(i.DMA_Cmd)
    DMA_Current_ADC_IRQPendle                0x08000ab5   Thumb Code    44  bsp_adc.o(i.DMA_Current_ADC_IRQPendle)
    DMA_Current_ADC_NVIC                     0x08000aed   Thumb Code    32  bsp_adc.o(i.DMA_Current_ADC_NVIC)
    DMA_DeInit                               0x08000b0d   Thumb Code   324  stm32f4xx_dma.o(i.DMA_DeInit)
    DMA_GetITStatus                          0x08000c65   Thumb Code    82  stm32f4xx_dma.o(i.DMA_GetITStatus)
    DMA_ITConfig                             0x08000cc9   Thumb Code    58  stm32f4xx_dma.o(i.DMA_ITConfig)
    DMA_Init                                 0x08000d05   Thumb Code    82  stm32f4xx_dma.o(i.DMA_Init)
    DMA_Phase_ADC_IRQPendle                  0x08000d5d   Thumb Code    52  bsp_adc.o(i.DMA_Phase_ADC_IRQPendle)
    DMA_Phase_ADC_NVIC                       0x08000da5   Thumb Code    32  bsp_adc.o(i.DMA_Phase_ADC_NVIC)
    GPIO_Init                                0x08000e15   Thumb Code   144  stm32f4xx_gpio.o(i.GPIO_Init)
    GPIO_PinAFConfig                         0x08000ea5   Thumb Code    70  stm32f4xx_gpio.o(i.GPIO_PinAFConfig)
    GPIO_ReadInputData                       0x08000eeb   Thumb Code     8  stm32f4xx_gpio.o(i.GPIO_ReadInputData)
    Get_Current_ADC_Value                    0x08000ef5   Thumb Code    98  bsp_adc.o(i.Get_Current_ADC_Value)
    Get_Encoder_Value                        0x08000f71   Thumb Code    22  bsp_encoder.o(i.Get_Encoder_Value)
    Get_HallInputValue                       0x08000f8d   Thumb Code    24  bsp_halltim.o(i.Get_HallInputValue)
    Hall_PrepareCommutation                  0x08000fe1   Thumb Code   168  bsp_commutation.o(i.Hall_PrepareCommutation)
    Hall_TIM_IRQPandler                      0x08001099   Thumb Code    26  bsp_halltim.o(i.Hall_TIM_IRQPandler)
    Hall_TIM_NVIC_Config                     0x080010b9   Thumb Code    32  bsp_halltim.o(i.Hall_TIM_NVIC_Config)
    Hall_TimerConfig                         0x080010d9   Thumb Code   254  bsp_halltim.o(i.Hall_TimerConfig)
    HardFault_Handler                        0x080011e1   Thumb Code     4  stm32f4xx_it.o(i.HardFault_Handler)
    Manual_COMevent                          0x080011e5   Thumb Code    12  bsp_tim.o(i.Manual_COMevent)
    MemManage_Handler                        0x080011f5   Thumb Code     4  stm32f4xx_it.o(i.MemManage_Handler)
    NMI_Handler                              0x080011f9   Thumb Code     2  stm32f4xx_it.o(i.NMI_Handler)
    NVIC_Init                                0x080011fd   Thumb Code   106  misc.o(i.NVIC_Init)
    NVIC_PriorityGroupConfig                 0x08001275   Thumb Code    10  misc.o(i.NVIC_PriorityGroupConfig)
    RCC_AHB1PeriphClockCmd                   0x080013b5   Thumb Code    26  stm32f4xx_rcc.o(i.RCC_AHB1PeriphClockCmd)
    RCC_APB1PeriphClockCmd                   0x080013d5   Thumb Code    26  stm32f4xx_rcc.o(i.RCC_APB1PeriphClockCmd)
    RCC_APB1PeriphResetCmd                   0x080013f5   Thumb Code    26  stm32f4xx_rcc.o(i.RCC_APB1PeriphResetCmd)
    RCC_APB2PeriphClockCmd                   0x08001415   Thumb Code    26  stm32f4xx_rcc.o(i.RCC_APB2PeriphClockCmd)
    RCC_APB2PeriphResetCmd                   0x08001435   Thumb Code    26  stm32f4xx_rcc.o(i.RCC_APB2PeriphResetCmd)
    RCC_GetClocksFreq                        0x08001455   Thumb Code   214  stm32f4xx_rcc.o(i.RCC_GetClocksFreq)
    Send_Array                               0x0800153d   Thumb Code    52  bsp_bluetooth.o(i.Send_Array)
    Send_Data                                0x08001575   Thumb Code    62  bsp_bluetooth.o(i.Send_Data)
    Set_MotorSpeed                           0x080016a9   Thumb Code   194  bsp_commutation.o(i.Set_MotorSpeed)
    SysTick_Handler                          0x08001781   Thumb Code    48  port.o(i.SysTick_Handler)
    SystemInit                               0x080017b5   Thumb Code    88  system_stm32f4xx.o(i.SystemInit)
    TIM1_PWM_Config                          0x080019c1   Thumb Code   322  bsp_tim.o(i.TIM1_PWM_Config)
    TIM1_Set_PWMDuty                         0x08001b11   Thumb Code   156  bsp_tim.o(i.TIM1_Set_PWMDuty)
    TIM1_Set_PWMOutput_EnableState           0x08001bb9   Thumb Code    84  bsp_tim.o(i.TIM1_Set_PWMOutput_EnableState)
    TIM1_TRG_COM_IRQPandler                  0x08001c11   Thumb Code    72  bsp_tim.o(i.TIM1_TRG_COM_IRQPandler)
    TIM1_TRG_COM_NVIC_Config                 0x08001c71   Thumb Code    32  bsp_tim.o(i.TIM1_TRG_COM_NVIC_Config)
    TIM1_TRG_COM_TIM11_IRQHandler            0x08001c91   Thumb Code     8  stm32f4xx_it.o(i.TIM1_TRG_COM_TIM11_IRQHandler)
    TIM3_IRQHandler                          0x08001c99   Thumb Code     8  stm32f4xx_it.o(i.TIM3_IRQHandler)
    TIM_ARRPreloadConfig                     0x08001ca1   Thumb Code    24  stm32f4xx_tim.o(i.TIM_ARRPreloadConfig)
    TIM_BDTRConfig                           0x08001cb9   Thumb Code    32  stm32f4xx_tim.o(i.TIM_BDTRConfig)
    TIM_CCPreloadControl                     0x08001cd9   Thumb Code    24  stm32f4xx_tim.o(i.TIM_CCPreloadControl)
    TIM_CCxCmd                               0x08001cf1   Thumb Code    30  stm32f4xx_tim.o(i.TIM_CCxCmd)
    TIM_CCxNCmd                              0x08001d0f   Thumb Code    30  stm32f4xx_tim.o(i.TIM_CCxNCmd)
    TIM_ClearFlag                            0x08001d2d   Thumb Code     6  stm32f4xx_tim.o(i.TIM_ClearFlag)
    TIM_ClearITPendingBit                    0x08001d33   Thumb Code     6  stm32f4xx_tim.o(i.TIM_ClearITPendingBit)
    TIM_Cmd                                  0x08001d39   Thumb Code    24  stm32f4xx_tim.o(i.TIM_Cmd)
    TIM_CtrlPWMOutputs                       0x08001d51   Thumb Code    30  stm32f4xx_tim.o(i.TIM_CtrlPWMOutputs)
    TIM_DeInit                               0x08001d71   Thumb Code   346  stm32f4xx_tim.o(i.TIM_DeInit)
    TIM_EncoderInterfaceConfig               0x08001f01   Thumb Code    66  stm32f4xx_tim.o(i.TIM_EncoderInterfaceConfig)
    TIM_GenerateEvent                        0x08001f43   Thumb Code     4  stm32f4xx_tim.o(i.TIM_GenerateEvent)
    TIM_GetITStatus                          0x08001f47   Thumb Code    34  stm32f4xx_tim.o(i.TIM_GetITStatus)
    TIM_ICInit                               0x08001f69   Thumb Code   110  stm32f4xx_tim.o(i.TIM_ICInit)
    TIM_ITConfig                             0x08001fd7   Thumb Code    18  stm32f4xx_tim.o(i.TIM_ITConfig)
    TIM_OC1Init                              0x08001fe9   Thumb Code   114  stm32f4xx_tim.o(i.TIM_OC1Init)
    TIM_OC1PreloadConfig                     0x08002065   Thumb Code    18  stm32f4xx_tim.o(i.TIM_OC1PreloadConfig)
    TIM_OC2Init                              0x08002079   Thumb Code   154  stm32f4xx_tim.o(i.TIM_OC2Init)
    TIM_OC2PreloadConfig                     0x0800211d   Thumb Code    26  stm32f4xx_tim.o(i.TIM_OC2PreloadConfig)
    TIM_OC3Init                              0x08002139   Thumb Code   150  stm32f4xx_tim.o(i.TIM_OC3Init)
    TIM_OC3PreloadConfig                     0x080021d9   Thumb Code    18  stm32f4xx_tim.o(i.TIM_OC3PreloadConfig)
    TIM_OC4Init                              0x080021ed   Thumb Code   112  stm32f4xx_tim.o(i.TIM_OC4Init)
    TIM_SelectCOM                            0x08002265   Thumb Code    24  stm32f4xx_tim.o(i.TIM_SelectCOM)
    TIM_SelectHallSensor                     0x0800227d   Thumb Code    24  stm32f4xx_tim.o(i.TIM_SelectHallSensor)
    TIM_SelectInputTrigger                   0x08002295   Thumb Code    18  stm32f4xx_tim.o(i.TIM_SelectInputTrigger)
    TIM_SelectMasterSlaveMode                0x080022a7   Thumb Code    18  stm32f4xx_tim.o(i.TIM_SelectMasterSlaveMode)
    TIM_SelectOutputTrigger                  0x080022b9   Thumb Code    18  stm32f4xx_tim.o(i.TIM_SelectOutputTrigger)
    TIM_SelectSlaveMode                      0x080022cb   Thumb Code    18  stm32f4xx_tim.o(i.TIM_SelectSlaveMode)
    TIM_SetCompare1                          0x080022dd   Thumb Code     4  stm32f4xx_tim.o(i.TIM_SetCompare1)
    TIM_SetCompare2                          0x080022e1   Thumb Code     4  stm32f4xx_tim.o(i.TIM_SetCompare2)
    TIM_SetCompare3                          0x080022e5   Thumb Code     4  stm32f4xx_tim.o(i.TIM_SetCompare3)
    TIM_SetCompare4                          0x080022e9   Thumb Code     4  stm32f4xx_tim.o(i.TIM_SetCompare4)
    TIM_SetIC1Prescaler                      0x080022ed   Thumb Code    18  stm32f4xx_tim.o(i.TIM_SetIC1Prescaler)
    TIM_SetIC2Prescaler                      0x080022ff   Thumb Code    26  stm32f4xx_tim.o(i.TIM_SetIC2Prescaler)
    TIM_SetIC3Prescaler                      0x08002319   Thumb Code    18  stm32f4xx_tim.o(i.TIM_SetIC3Prescaler)
    TIM_SetIC4Prescaler                      0x0800232b   Thumb Code    26  stm32f4xx_tim.o(i.TIM_SetIC4Prescaler)
    TIM_TimeBaseInit                         0x08002345   Thumb Code   104  stm32f4xx_tim.o(i.TIM_TimeBaseInit)
    UART5_IRQHandler                         0x080023c9   Thumb Code     8  stm32f4xx_it.o(i.UART5_IRQHandler)
    USART_ClearFlag                          0x080023d1   Thumb Code    18  stm32f4xx_usart.o(i.USART_ClearFlag)
    USART_Cmd                                0x080023e3   Thumb Code    24  stm32f4xx_usart.o(i.USART_Cmd)
    USART_GetFlagStatus                      0x080023fb   Thumb Code    26  stm32f4xx_usart.o(i.USART_GetFlagStatus)
    USART_ITConfig                           0x08002415   Thumb Code    74  stm32f4xx_usart.o(i.USART_ITConfig)
    USART_Init                               0x08002461   Thumb Code   204  stm32f4xx_usart.o(i.USART_Init)
    USART_ReceiveData                        0x08002535   Thumb Code    10  stm32f4xx_usart.o(i.USART_ReceiveData)
    USART_SendData                           0x0800253f   Thumb Code     8  stm32f4xx_usart.o(i.USART_SendData)
    UsageFault_Handler                       0x08002547   Thumb Code     4  stm32f4xx_it.o(i.UsageFault_Handler)
    __scatterload_copy                       0x0800254b   Thumb Code    14  handlers.o(i.__scatterload_copy)
    __scatterload_null                       0x08002559   Thumb Code     2  handlers.o(i.__scatterload_null)
    __scatterload_zeroinit                   0x0800255b   Thumb Code    14  handlers.o(i.__scatterload_zeroinit)
    main                                     0x08002569   Thumb Code   158  main.o(i.main)
    uxListRemove                             0x08002651   Thumb Code    40  list.o(i.uxListRemove)
    vApplicationStackOverflowHook            0x08002679   Thumb Code    22  os_free_task.o(i.vApplicationStackOverflowHook)
    vApplicationTickHook                     0x0800268f   Thumb Code     2  os_free_task.o(i.vApplicationTickHook)
    vListInsertEnd                           0x08002691   Thumb Code    24  list.o(i.vListInsertEnd)
    vTaskSwitchContext                       0x080026a9   Thumb Code   176  tasks.o(i.vTaskSwitchContext)
    xTaskIncrementTick                       0x08002771   Thumb Code   300  tasks.o(i.xTaskIncrementTick)
    Region$$Table$$Base                      0x0800290c   Number         0  anon$$obj.o(Region$$Table)
    Region$$Table$$Limit                     0x0800292c   Number         0  anon$$obj.o(Region$$Table)
    Temp_value                               0x20000000   Data           1  bsp_tim.o(.data)
    Current_Value                            0x20000008   Data           4  bsp_adc.o(.data)
    DMA_TC_Flag                              0x2000000c   Data           1  bsp_adc.o(.data)
    DMA_HT_Flag                              0x2000000d   Data           1  bsp_adc.o(.data)
    temp_speed                               0x2000002c   Data           4  main.o(.data)
    temp_encordee                            0x20000030   Data           2  main.o(.data)
    pxCurrentTCB                             0x20000034   Data           4  tasks.o(.data)
    SystemCoreClock                          0x2000007c   Data           4  system_stm32f4xx.o(.data)
    AHBPrescTable                            0x20000080   Data          16  system_stm32f4xx.o(.data)
    value                                    0x20000090   Data          10  bsp_tim.o(.bss)
    ADC_USED_ConvertedValue1                 0x2000009a   Data          60  bsp_adc.o(.bss)
    ADC_USED_ConvertedValue2                 0x200000d6   Data          20  bsp_adc.o(.bss)
    ComData                                  0x200000ec   Data         228  bsp_bluetooth.o(.bss)
    BLE_USART_QUEUE                          0x200001d0   Data         804  bsp_bluetooth.o(.bss)
    __initial_sp                             0x20000a98   Data           0  startup_stm32f40_41xxx.o(STACK)



==============================================================================

Memory Map of the image

  Image Entry point : 0x08000189

  Load Region LR_IROM1 (Base: 0x08000000, Size: 0x000029bc, Max: 0x00100000, ABSOLUTE)

    Execution Region ER_IROM1 (Base: 0x08000000, Size: 0x0000292c, Max: 0x00100000, ABSOLUTE)

    Base Addr    Size         Type   Attr      Idx    E Section Name        Object

    0x08000000   0x00000188   Data   RO         4103    RESET               startup_stm32f40_41xxx.o
    0x08000188   0x00000000   Code   RO         4149  * .ARM.Collect$$$$00000000  mc_w.l(entry.o)
    0x08000188   0x00000004   Code   RO         4176    .ARM.Collect$$$$00000001  mc_w.l(entry2.o)
    0x0800018c   0x00000004   Code   RO         4179    .ARM.Collect$$$$00000004  mc_w.l(entry5.o)
    0x08000190   0x00000000   Code   RO         4181    .ARM.Collect$$$$00000008  mc_w.l(entry7b.o)
    0x08000190   0x00000000   Code   RO         4183    .ARM.Collect$$$$0000000A  mc_w.l(entry8b.o)
    0x08000190   0x00000008   Code   RO         4184    .ARM.Collect$$$$0000000B  mc_w.l(entry9a.o)
    0x08000198   0x00000000   Code   RO         4186    .ARM.Collect$$$$0000000D  mc_w.l(entry10a.o)
    0x08000198   0x00000000   Code   RO         4188    .ARM.Collect$$$$0000000F  mc_w.l(entry11a.o)
    0x08000198   0x00000004   Code   RO         4177    .ARM.Collect$$$$00002712  mc_w.l(entry2.o)
    0x0800019c   0x000000ba   Code   RO         1063    .emb_text           port.o
    0x08000256   0x00000002   PAD
    0x08000258   0x00000024   Code   RO         4104    .text               startup_stm32f40_41xxx.o
    0x0800027c   0x0000001a   Code   RO         4156    .text               mc_w.l(memcmp.o)
    0x08000296   0x000000de   Code   RO         4164    .text               mf_w.l(ddiv.o)
    0x08000374   0x00000022   Code   RO         4166    .text               mf_w.l(dflti.o)
    0x08000396   0x00000038   Code   RO         4174    .text               mf_w.l(d2f.o)
    0x080003ce   0x0000001e   Code   RO         4190    .text               mc_w.l(llshl.o)
    0x080003ec   0x00000000   Code   RO         4194    .text               mc_w.l(iusefp.o)
    0x080003ec   0x0000006e   Code   RO         4195    .text               mf_w.l(fepilogue.o)
    0x0800045a   0x000000ba   Code   RO         4197    .text               mf_w.l(depilogue.o)
    0x08000514   0x00000024   Code   RO         4199    .text               mc_w.l(init.o)
    0x08000538   0x00000020   Code   RO         4201    .text               mc_w.l(llushr.o)
    0x08000558   0x00000016   Code   RO         1983    i.ADC_Cmd           stm32f4xx_adc.o
    0x0800056e   0x00000002   PAD
    0x08000570   0x00000030   Code   RO         1984    i.ADC_CommonInit    stm32f4xx_adc.o
    0x080005a0   0x00000016   Code   RO         1987    i.ADC_DMACmd        stm32f4xx_adc.o
    0x080005b6   0x00000016   Code   RO         1988    i.ADC_DMARequestAfterLastTransferCmd  stm32f4xx_adc.o
    0x080005cc   0x00000054   Code   RO         2003    i.ADC_Init          stm32f4xx_adc.o
    0x08000620   0x000000b8   Code   RO         2008    i.ADC_RegularChannelConfig  stm32f4xx_adc.o
    0x080006d8   0x0000000a   Code   RO         2010    i.ADC_SoftwareStartConv  stm32f4xx_adc.o
    0x080006e2   0x00000002   PAD
    0x080006e4   0x00000018   Code   RO          581    i.ADC_Start         bsp_adc.o
    0x080006fc   0x000000d8   Code   RO          754    i.BLE_IRQPandler    bsp_bluetooth.o
    0x080007d4   0x00000020   Code   RO          755    i.BLE_NVIC_Config   bsp_bluetooth.o
    0x080007f4   0x000000ac   Code   RO          756    i.BlueToothInit     bsp_bluetooth.o
    0x080008a0   0x00000020   Code   RO          582    i.Bsp_ADC_Init      bsp_adc.o
    0x080008c0   0x0000003c   Code   RO          719    i.Bsp_Encoder_Config  bsp_encoder.o
    0x080008fc   0x00000034   Code   RO          374    i.Bsp_NVIC_Config   bsp_init.o
    0x08000930   0x00000004   Code   RO          916    i.BusFault_Handler  stm32f4xx_it.o
    0x08000934   0x00000002   Code   RO          523    i.CAN1_RX0_IRQPendle  bsp_can.o
    0x08000936   0x00000008   Code   RO          917    i.CAN1_RX1_IRQHandler  stm32f4xx_it.o
    0x0800093e   0x00000002   PAD
    0x08000940   0x00000070   Code   RO          583    i.Current_ADC_Config  bsp_adc.o
    0x080009b0   0x0000007c   Code   RO          584    i.Current_ADC_DMA_Config  bsp_adc.o
    0x08000a2c   0x0000002c   Code   RO          585    i.Current_ADC_GPIO_Config  bsp_adc.o
    0x08000a58   0x00000008   Code   RO          918    i.DMA2_Stream0_IRQHandler  stm32f4xx_it.o
    0x08000a60   0x00000008   Code   RO          919    i.DMA2_Stream2_IRQHandler  stm32f4xx_it.o
    0x08000a68   0x00000034   Code   RO         2391    i.DMA_ClearITPendingBit  stm32f4xx_dma.o
    0x08000a9c   0x00000016   Code   RO         2392    i.DMA_Cmd           stm32f4xx_dma.o
    0x08000ab2   0x00000002   PAD
    0x08000ab4   0x00000038   Code   RO          586    i.DMA_Current_ADC_IRQPendle  bsp_adc.o
    0x08000aec   0x00000020   Code   RO          587    i.DMA_Current_ADC_NVIC  bsp_adc.o
    0x08000b0c   0x00000158   Code   RO         2393    i.DMA_DeInit        stm32f4xx_dma.o
    0x08000c64   0x00000064   Code   RO         2402    i.DMA_GetITStatus   stm32f4xx_dma.o
    0x08000cc8   0x0000003a   Code   RO         2403    i.DMA_ITConfig      stm32f4xx_dma.o
    0x08000d02   0x00000002   PAD
    0x08000d04   0x00000058   Code   RO         2404    i.DMA_Init          stm32f4xx_dma.o
    0x08000d5c   0x00000048   Code   RO          588    i.DMA_Phase_ADC_IRQPendle  bsp_adc.o
    0x08000da4   0x00000020   Code   RO          589    i.DMA_Phase_ADC_NVIC  bsp_adc.o
    0x08000dc4   0x00000050   Code   RO          720    i.Encoder_GPIO_Config  bsp_encoder.o
    0x08000e14   0x00000090   Code   RO         2913    i.GPIO_Init         stm32f4xx_gpio.o
    0x08000ea4   0x00000046   Code   RO         2914    i.GPIO_PinAFConfig  stm32f4xx_gpio.o
    0x08000eea   0x00000008   Code   RO         2916    i.GPIO_ReadInputData  stm32f4xx_gpio.o
    0x08000ef2   0x00000002   PAD
    0x08000ef4   0x0000007c   Code   RO          590    i.Get_Current_ADC_Value  bsp_adc.o
    0x08000f70   0x0000001c   Code   RO          721    i.Get_Encoder_Value  bsp_encoder.o
    0x08000f8c   0x0000001c   Code   RO          677    i.Get_HallInputValue  bsp_halltim.o
    0x08000fa8   0x00000010   Code   RO          810    i.GrayCode2Decimal  bsp_commutation.o
    0x08000fb8   0x00000026   Code   RO          811    i.HallCode2Decimal  bsp_commutation.o
    0x08000fde   0x00000002   PAD
    0x08000fe0   0x000000b8   Code   RO          812    i.Hall_PrepareCommutation  bsp_commutation.o
    0x08001098   0x00000020   Code   RO          678    i.Hall_TIM_IRQPandler  bsp_halltim.o
    0x080010b8   0x00000020   Code   RO          679    i.Hall_TIM_NVIC_Config  bsp_halltim.o
    0x080010d8   0x00000108   Code   RO          680    i.Hall_TimerConfig  bsp_halltim.o
    0x080011e0   0x00000004   Code   RO          920    i.HardFault_Handler  stm32f4xx_it.o
    0x080011e4   0x00000010   Code   RO          433    i.Manual_COMevent   bsp_tim.o
    0x080011f4   0x00000004   Code   RO          921    i.MemManage_Handler  stm32f4xx_it.o
    0x080011f8   0x00000002   Code   RO          922    i.NMI_Handler       stm32f4xx_it.o
    0x080011fa   0x00000002   PAD
    0x080011fc   0x00000078   Code   RO         1929    i.NVIC_Init         misc.o
    0x08001274   0x00000014   Code   RO         1930    i.NVIC_PriorityGroupConfig  misc.o
    0x08001288   0x00000088   Code   RO          591    i.Phase_ADC_Config  bsp_adc.o
    0x08001310   0x00000078   Code   RO          592    i.Phase_ADC_DMA_Config  bsp_adc.o
    0x08001388   0x0000002c   Code   RO          593    i.Phase_ADC_GPIO_Config  bsp_adc.o
    0x080013b4   0x00000020   Code   RO         3014    i.RCC_AHB1PeriphClockCmd  stm32f4xx_rcc.o
    0x080013d4   0x00000020   Code   RO         3023    i.RCC_APB1PeriphClockCmd  stm32f4xx_rcc.o
    0x080013f4   0x00000020   Code   RO         3025    i.RCC_APB1PeriphResetCmd  stm32f4xx_rcc.o
    0x08001414   0x00000020   Code   RO         3026    i.RCC_APB2PeriphClockCmd  stm32f4xx_rcc.o
    0x08001434   0x00000020   Code   RO         3028    i.RCC_APB2PeriphResetCmd  stm32f4xx_rcc.o
    0x08001454   0x000000e8   Code   RO         3035    i.RCC_GetClocksFreq  stm32f4xx_rcc.o
    0x0800153c   0x00000038   Code   RO          757    i.Send_Array        bsp_bluetooth.o
    0x08001574   0x00000048   Code   RO          758    i.Send_Data         bsp_bluetooth.o
    0x080015bc   0x000000ec   Code   RO         4111    i.SetSysClock       system_stm32f4xx.o
    0x080016a8   0x000000d8   Code   RO          813    i.Set_MotorSpeed    bsp_commutation.o
    0x08001780   0x00000034   Code   RO         1064    i.SysTick_Handler   port.o
    0x080017b4   0x00000068   Code   RO         4113    i.SystemInit        system_stm32f4xx.o
    0x0800181c   0x0000003a   Code   RO         3346    i.TI1_Config        stm32f4xx_tim.o
    0x08001856   0x00000050   Code   RO         3347    i.TI2_Config        stm32f4xx_tim.o
    0x080018a6   0x00000048   Code   RO         3348    i.TI3_Config        stm32f4xx_tim.o
    0x080018ee   0x00000050   Code   RO         3349    i.TI4_Config        stm32f4xx_tim.o
    0x0800193e   0x00000002   PAD
    0x08001940   0x00000080   Code   RO          434    i.TIM1_GPIO_Config  bsp_tim.o
    0x080019c0   0x00000150   Code   RO          435    i.TIM1_PWM_Config   bsp_tim.o
    0x08001b10   0x000000a8   Code   RO          436    i.TIM1_Set_PWMDuty  bsp_tim.o
    0x08001bb8   0x00000058   Code   RO          437    i.TIM1_Set_PWMOutput_EnableState  bsp_tim.o
    0x08001c10   0x00000060   Code   RO          438    i.TIM1_TRG_COM_IRQPandler  bsp_tim.o
    0x08001c70   0x00000020   Code   RO          439    i.TIM1_TRG_COM_NVIC_Config  bsp_tim.o
    0x08001c90   0x00000008   Code   RO          923    i.TIM1_TRG_COM_TIM11_IRQHandler  stm32f4xx_it.o
    0x08001c98   0x00000008   Code   RO          924    i.TIM3_IRQHandler   stm32f4xx_it.o
    0x08001ca0   0x00000018   Code   RO         3350    i.TIM_ARRPreloadConfig  stm32f4xx_tim.o
    0x08001cb8   0x00000020   Code   RO         3351    i.TIM_BDTRConfig    stm32f4xx_tim.o
    0x08001cd8   0x00000018   Code   RO         3353    i.TIM_CCPreloadControl  stm32f4xx_tim.o
    0x08001cf0   0x0000001e   Code   RO         3354    i.TIM_CCxCmd        stm32f4xx_tim.o
    0x08001d0e   0x0000001e   Code   RO         3355    i.TIM_CCxNCmd       stm32f4xx_tim.o
    0x08001d2c   0x00000006   Code   RO         3356    i.TIM_ClearFlag     stm32f4xx_tim.o
    0x08001d32   0x00000006   Code   RO         3357    i.TIM_ClearITPendingBit  stm32f4xx_tim.o
    0x08001d38   0x00000018   Code   RO         3362    i.TIM_Cmd           stm32f4xx_tim.o
    0x08001d50   0x0000001e   Code   RO         3364    i.TIM_CtrlPWMOutputs  stm32f4xx_tim.o
    0x08001d6e   0x00000002   PAD
    0x08001d70   0x00000190   Code   RO         3367    i.TIM_DeInit        stm32f4xx_tim.o
    0x08001f00   0x00000042   Code   RO         3371    i.TIM_EncoderInterfaceConfig  stm32f4xx_tim.o
    0x08001f42   0x00000004   Code   RO         3376    i.TIM_GenerateEvent  stm32f4xx_tim.o
    0x08001f46   0x00000022   Code   RO         3383    i.TIM_GetITStatus   stm32f4xx_tim.o
    0x08001f68   0x0000006e   Code   RO         3385    i.TIM_ICInit        stm32f4xx_tim.o
    0x08001fd6   0x00000012   Code   RO         3387    i.TIM_ITConfig      stm32f4xx_tim.o
    0x08001fe8   0x0000007c   Code   RO         3391    i.TIM_OC1Init       stm32f4xx_tim.o
    0x08002064   0x00000012   Code   RO         3394    i.TIM_OC1PreloadConfig  stm32f4xx_tim.o
    0x08002076   0x00000002   PAD
    0x08002078   0x000000a4   Code   RO         3396    i.TIM_OC2Init       stm32f4xx_tim.o
    0x0800211c   0x0000001a   Code   RO         3399    i.TIM_OC2PreloadConfig  stm32f4xx_tim.o
    0x08002136   0x00000002   PAD
    0x08002138   0x000000a0   Code   RO         3401    i.TIM_OC3Init       stm32f4xx_tim.o
    0x080021d8   0x00000012   Code   RO         3404    i.TIM_OC3PreloadConfig  stm32f4xx_tim.o
    0x080021ea   0x00000002   PAD
    0x080021ec   0x00000078   Code   RO         3406    i.TIM_OC4Init       stm32f4xx_tim.o
    0x08002264   0x00000018   Code   RO         3414    i.TIM_SelectCOM     stm32f4xx_tim.o
    0x0800227c   0x00000018   Code   RO         3415    i.TIM_SelectHallSensor  stm32f4xx_tim.o
    0x08002294   0x00000012   Code   RO         3416    i.TIM_SelectInputTrigger  stm32f4xx_tim.o
    0x080022a6   0x00000012   Code   RO         3417    i.TIM_SelectMasterSlaveMode  stm32f4xx_tim.o
    0x080022b8   0x00000012   Code   RO         3420    i.TIM_SelectOutputTrigger  stm32f4xx_tim.o
    0x080022ca   0x00000012   Code   RO         3421    i.TIM_SelectSlaveMode  stm32f4xx_tim.o
    0x080022dc   0x00000004   Code   RO         3424    i.TIM_SetCompare1   stm32f4xx_tim.o
    0x080022e0   0x00000004   Code   RO         3425    i.TIM_SetCompare2   stm32f4xx_tim.o
    0x080022e4   0x00000004   Code   RO         3426    i.TIM_SetCompare3   stm32f4xx_tim.o
    0x080022e8   0x00000004   Code   RO         3427    i.TIM_SetCompare4   stm32f4xx_tim.o
    0x080022ec   0x00000012   Code   RO         3429    i.TIM_SetIC1Prescaler  stm32f4xx_tim.o
    0x080022fe   0x0000001a   Code   RO         3430    i.TIM_SetIC2Prescaler  stm32f4xx_tim.o
    0x08002318   0x00000012   Code   RO         3431    i.TIM_SetIC3Prescaler  stm32f4xx_tim.o
    0x0800232a   0x0000001a   Code   RO         3432    i.TIM_SetIC4Prescaler  stm32f4xx_tim.o
    0x08002344   0x00000084   Code   RO         3434    i.TIM_TimeBaseInit  stm32f4xx_tim.o
    0x080023c8   0x00000008   Code   RO          925    i.UART5_IRQHandler  stm32f4xx_it.o
    0x080023d0   0x00000012   Code   RO         3912    i.USART_ClearFlag   stm32f4xx_usart.o
    0x080023e2   0x00000018   Code   RO         3916    i.USART_Cmd         stm32f4xx_usart.o
    0x080023fa   0x0000001a   Code   RO         3919    i.USART_GetFlagStatus  stm32f4xx_usart.o
    0x08002414   0x0000004a   Code   RO         3922    i.USART_ITConfig    stm32f4xx_usart.o
    0x0800245e   0x00000002   PAD
    0x08002460   0x000000d4   Code   RO         3923    i.USART_Init        stm32f4xx_usart.o
    0x08002534   0x0000000a   Code   RO         3930    i.USART_ReceiveData  stm32f4xx_usart.o
    0x0800253e   0x00000008   Code   RO         3933    i.USART_SendData    stm32f4xx_usart.o
    0x08002546   0x00000004   Code   RO          926    i.UsageFault_Handler  stm32f4xx_it.o
    0x0800254a   0x0000000e   Code   RO         4205    i.__scatterload_copy  mc_w.l(handlers.o)
    0x08002558   0x00000002   Code   RO         4206    i.__scatterload_null  mc_w.l(handlers.o)
    0x0800255a   0x0000000e   Code   RO         4207    i.__scatterload_zeroinit  mc_w.l(handlers.o)
    0x08002568   0x000000b4   Code   RO          889    i.main              main.o
    0x0800261c   0x00000034   Code   RO         1337    i.prvResetNextTaskUnblockTime  tasks.o
    0x08002650   0x00000028   Code   RO         1006    i.uxListRemove      list.o
    0x08002678   0x00000016   Code   RO         1883    i.vApplicationStackOverflowHook  os_free_task.o
    0x0800268e   0x00000002   Code   RO         1884    i.vApplicationTickHook  os_free_task.o
    0x08002690   0x00000018   Code   RO         1010    i.vListInsertEnd    list.o
    0x080026a8   0x000000c8   Code   RO         1361    i.vTaskSwitchContext  tasks.o
    0x08002770   0x00000158   Code   RO         1368    i.xTaskIncrementTick  tasks.o
    0x080028c8   0x00000030   Data   RO          814    .constdata          bsp_commutation.o
    0x080028f8   0x00000014   Data   RO         1378    .constdata          tasks.o
    0x0800290c   0x00000020   Data   RO         4203    Region$$Table       anon$$obj.o


    Execution Region RW_IRAM1 (Base: 0x20000000, Size: 0x00000a98, Max: 0x00020000, ABSOLUTE)

    Base Addr    Size         Type   Attr      Idx    E Section Name        Object

    0x20000000   0x00000008   Data   RW          441    .data               bsp_tim.o
    0x20000008   0x00000006   Data   RW          595    .data               bsp_adc.o
    0x2000000e   0x00000010   Data   RW          760    .data               bsp_bluetooth.o
    0x2000001e   0x00000002   PAD
    0x20000020   0x0000000c   Data   RW          815    .data               bsp_commutation.o
    0x2000002c   0x00000006   Data   RW          890    .data               main.o
    0x20000032   0x00000002   PAD
    0x20000034   0x00000038   Data   RW         1379    .data               tasks.o
    0x2000006c   0x00000010   Data   RW         3066    .data               stm32f4xx_rcc.o
    0x2000007c   0x00000014   Data   RW         4114    .data               system_stm32f4xx.o
    0x20000090   0x0000000a   Zero   RW          440    .bss                bsp_tim.o
    0x2000009a   0x00000050   Zero   RW          594    .bss                bsp_adc.o
    0x200000ea   0x00000002   PAD
    0x200000ec   0x00000408   Zero   RW          759    .bss                bsp_bluetooth.o
    0x200004f4   0x000001a4   Zero   RW         1377    .bss                tasks.o
    0x20000698   0x00000400   Zero   RW         4101    STACK               startup_stm32f40_41xxx.o


==============================================================================

Image component sizes


      Code (inc. data)   RO Data    RW Data    ZI Data      Debug   Object Name

         0          0          0          0          0     331668   app.o
       952        108          0          6         80       8947   bsp_adc.o
       548         50          0         16       1032       5761   bsp_bluetooth.o
         2          0          0          0          0        473   bsp_can.o
       454         38         48         12          0       3523   bsp_commutation.o
       168         18          0          0          0       1621   bsp_encoder.o
       356         20          0          0          0       2557   bsp_halltim.o
        52          0          0          0          0        522   bsp_init.o
       864         66          0          8         10       5332   bsp_tim.o
        64          0          0          0          0       1572   list.o
       180         22          0          6          0        986   main.o
       140         24          0          0          0       1799   misc.o
        24          0          0          0          0       1143   os_free_task.o
       238         22          0          0          0       8710   port.o
        36          8        392          0       1024        880   startup_stm32f40_41xxx.o
       392         24          0          0          0       6051   stm32f4xx_adc.o
       664         58          0          0          0       5651   stm32f4xx_dma.o
       222          0          0          0          0       2628   stm32f4xx_gpio.o
        66          0          0          0          0       5517   stm32f4xx_it.o
       392         48          0         16          0       6321   stm32f4xx_rcc.o
      2114        120          0          0          0      28945   stm32f4xx_tim.o
       372          8          0          0          0       5803   stm32f4xx_usart.o
       340         32          0         20          0       2021   system_stm32f4xx.o
       596         78         20         56        420       5781   tasks.o
         0          0          0          0          0       4696   timers.o

    ----------------------------------------------------------------------
      9266        744        492        144       2568     448908   Object Totals
         0          0         32          0          0          0   (incl. Generated)
        30          0          0          4          2          0   (incl. Padding)

    ----------------------------------------------------------------------

      Code (inc. data)   RO Data    RW Data    ZI Data      Debug   Library Member Name

         0          0          0          0          0          0   entry.o
         0          0          0          0          0          0   entry10a.o
         0          0          0          0          0          0   entry11a.o
         8          4          0          0          0          0   entry2.o
         4          0          0          0          0          0   entry5.o
         0          0          0          0          0          0   entry7b.o
         0          0          0          0          0          0   entry8b.o
         8          4          0          0          0          0   entry9a.o
        30          0          0          0          0          0   handlers.o
        36          8          0          0          0         68   init.o
         0          0          0          0          0          0   iusefp.o
        30          0          0          0          0         68   llshl.o
        32          0          0          0          0         68   llushr.o
        26          0          0          0          0         80   memcmp.o
        56          0          0          0          0         88   d2f.o
       222          0          0          0          0        100   ddiv.o
       186          0          0          0          0        176   depilogue.o
        34          0          0          0          0         76   dflti.o
       110          0          0          0          0        168   fepilogue.o

    ----------------------------------------------------------------------
       782         16          0          0          0        892   Library Totals
         0          0          0          0          0          0   (incl. Padding)

    ----------------------------------------------------------------------

      Code (inc. data)   RO Data    RW Data    ZI Data      Debug   Library Name

       174         16          0          0          0        284   mc_w.l
       608          0          0          0          0        608   mf_w.l

    ----------------------------------------------------------------------
       782         16          0          0          0        892   Library Totals

    ----------------------------------------------------------------------

==============================================================================


      Code (inc. data)   RO Data    RW Data    ZI Data      Debug   

     10048        760        492        144       2568     436940   Grand Totals
     10048        760        492        144       2568     436940   ELF Image Totals
     10048        760        492        144          0          0   ROM Totals

==============================================================================

    Total RO  Size (Code + RO Data)                10540 (  10.29kB)
    Total RW  Size (RW Data + ZI Data)              2712 (   2.65kB)
    Total ROM Size (Code + RO Data + RW Data)      10684 (  10.43kB)

==============================================================================

